Archive member included to satisfy reference by file (symbol)

c:/st/stm32cubeide_1.11.0/stm32cubeide/plugins/com.st.stm32cube.ide.mcu.externaltools.gnu-tools-for-stm32.10.3-2021.10.win32_1.0.100.202210260954/tools/bin/../lib/gcc/arm-none-eabi/10.3.1/../../../../arm-none-eabi/lib/thumb/v7e-m+fp/hard\libc_nano.a(lib_a-errno.o)
                              ./Core/Src/syscalls.o (__errno)
c:/st/stm32cubeide_1.11.0/stm32cubeide/plugins/com.st.stm32cube.ide.mcu.externaltools.gnu-tools-for-stm32.10.3-2021.10.win32_1.0.100.202210260954/tools/bin/../lib/gcc/arm-none-eabi/10.3.1/../../../../arm-none-eabi/lib/thumb/v7e-m+fp/hard\libc_nano.a(lib_a-exit.o)
                              c:/st/stm32cubeide_1.11.0/stm32cubeide/plugins/com.st.stm32cube.ide.mcu.externaltools.gnu-tools-for-stm32.10.3-2021.10.win32_1.0.100.202210260954/tools/bin/../lib/gcc/arm-none-eabi/10.3.1/../../../../arm-none-eabi/lib/thumb/v7e-m+fp/hard/crt0.o (exit)
c:/st/stm32cubeide_1.11.0/stm32cubeide/plugins/com.st.stm32cube.ide.mcu.externaltools.gnu-tools-for-stm32.10.3-2021.10.win32_1.0.100.202210260954/tools/bin/../lib/gcc/arm-none-eabi/10.3.1/../../../../arm-none-eabi/lib/thumb/v7e-m+fp/hard\libc_nano.a(lib_a-impure.o)
                              c:/st/stm32cubeide_1.11.0/stm32cubeide/plugins/com.st.stm32cube.ide.mcu.externaltools.gnu-tools-for-stm32.10.3-2021.10.win32_1.0.100.202210260954/tools/bin/../lib/gcc/arm-none-eabi/10.3.1/../../../../arm-none-eabi/lib/thumb/v7e-m+fp/hard\libc_nano.a(lib_a-exit.o) (_global_impure_ptr)
c:/st/stm32cubeide_1.11.0/stm32cubeide/plugins/com.st.stm32cube.ide.mcu.externaltools.gnu-tools-for-stm32.10.3-2021.10.win32_1.0.100.202210260954/tools/bin/../lib/gcc/arm-none-eabi/10.3.1/../../../../arm-none-eabi/lib/thumb/v7e-m+fp/hard\libc_nano.a(lib_a-init.o)
                              c:/st/stm32cubeide_1.11.0/stm32cubeide/plugins/com.st.stm32cube.ide.mcu.externaltools.gnu-tools-for-stm32.10.3-2021.10.win32_1.0.100.202210260954/tools/bin/../lib/gcc/arm-none-eabi/10.3.1/../../../../arm-none-eabi/lib/thumb/v7e-m+fp/hard/crt0.o (__libc_init_array)
c:/st/stm32cubeide_1.11.0/stm32cubeide/plugins/com.st.stm32cube.ide.mcu.externaltools.gnu-tools-for-stm32.10.3-2021.10.win32_1.0.100.202210260954/tools/bin/../lib/gcc/arm-none-eabi/10.3.1/../../../../arm-none-eabi/lib/thumb/v7e-m+fp/hard\libc_nano.a(lib_a-memcpy-stub.o)
                              ./freeRTOS/queue.o (memcpy)
c:/st/stm32cubeide_1.11.0/stm32cubeide/plugins/com.st.stm32cube.ide.mcu.externaltools.gnu-tools-for-stm32.10.3-2021.10.win32_1.0.100.202210260954/tools/bin/../lib/gcc/arm-none-eabi/10.3.1/../../../../arm-none-eabi/lib/thumb/v7e-m+fp/hard\libc_nano.a(lib_a-memset.o)
                              c:/st/stm32cubeide_1.11.0/stm32cubeide/plugins/com.st.stm32cube.ide.mcu.externaltools.gnu-tools-for-stm32.10.3-2021.10.win32_1.0.100.202210260954/tools/bin/../lib/gcc/arm-none-eabi/10.3.1/../../../../arm-none-eabi/lib/thumb/v7e-m+fp/hard/crt0.o (memset)
c:/st/stm32cubeide_1.11.0/stm32cubeide/plugins/com.st.stm32cube.ide.mcu.externaltools.gnu-tools-for-stm32.10.3-2021.10.win32_1.0.100.202210260954/tools/bin/../lib/gcc/arm-none-eabi/10.3.1/thumb/v7e-m+fp/hard\libgcc.a(_aeabi_uldivmod.o)
                              ./Drivers/STM32F4xx_HAL_Driver/Src/stm32f4xx_hal_rcc.o (__aeabi_uldivmod)
c:/st/stm32cubeide_1.11.0/stm32cubeide/plugins/com.st.stm32cube.ide.mcu.externaltools.gnu-tools-for-stm32.10.3-2021.10.win32_1.0.100.202210260954/tools/bin/../lib/gcc/arm-none-eabi/10.3.1/thumb/v7e-m+fp/hard\libgcc.a(_udivmoddi4.o)
                              c:/st/stm32cubeide_1.11.0/stm32cubeide/plugins/com.st.stm32cube.ide.mcu.externaltools.gnu-tools-for-stm32.10.3-2021.10.win32_1.0.100.202210260954/tools/bin/../lib/gcc/arm-none-eabi/10.3.1/thumb/v7e-m+fp/hard\libgcc.a(_aeabi_uldivmod.o) (__udivmoddi4)
c:/st/stm32cubeide_1.11.0/stm32cubeide/plugins/com.st.stm32cube.ide.mcu.externaltools.gnu-tools-for-stm32.10.3-2021.10.win32_1.0.100.202210260954/tools/bin/../lib/gcc/arm-none-eabi/10.3.1/thumb/v7e-m+fp/hard\libgcc.a(_dvmd_tls.o)
                              c:/st/stm32cubeide_1.11.0/stm32cubeide/plugins/com.st.stm32cube.ide.mcu.externaltools.gnu-tools-for-stm32.10.3-2021.10.win32_1.0.100.202210260954/tools/bin/../lib/gcc/arm-none-eabi/10.3.1/thumb/v7e-m+fp/hard\libgcc.a(_aeabi_uldivmod.o) (__aeabi_ldiv0)

Discarded input sections

 .text          0x0000000000000000        0x0 c:/st/stm32cubeide_1.11.0/stm32cubeide/plugins/com.st.stm32cube.ide.mcu.externaltools.gnu-tools-for-stm32.10.3-2021.10.win32_1.0.100.202210260954/tools/bin/../lib/gcc/arm-none-eabi/10.3.1/thumb/v7e-m+fp/hard/crti.o
 .data          0x0000000000000000        0x0 c:/st/stm32cubeide_1.11.0/stm32cubeide/plugins/com.st.stm32cube.ide.mcu.externaltools.gnu-tools-for-stm32.10.3-2021.10.win32_1.0.100.202210260954/tools/bin/../lib/gcc/arm-none-eabi/10.3.1/thumb/v7e-m+fp/hard/crti.o
[...]
Memory Configuration

Name             Origin             Length             Attributes
CCMRAM           0x0000000010000000 0x0000000000010000 xrw
RAM              0x0000000020000000 0x0000000000020000 xrw
FLASH            0x0000000008000000 0x0000000000100000 xr
*default*        0x0000000000000000 0xffffffffffffffff

Linker script and memory map

LOAD c:/st/stm32cubeide_1.11.0/stm32cubeide/plugins/com.st.stm32cube.ide.mcu.externaltools.gnu-tools-for-stm32.10.3-2021.10.win32_1.0.100.202210260954/tools/bin/../lib/gcc/arm-none-eabi/10.3.1/thumb/v7e-m+fp/hard/crti.o
LOAD c:/st/stm32cubeide_1.11.0/stm32cubeide/plugins/com.st.stm32cube.ide.mcu.externaltools.gnu-tools-for-stm32.10.3-2021.10.win32_1.0.100.202210260954/tools/bin/../lib/gcc/arm-none-eabi/10.3.1/thumb/v7e-m+fp/hard/crtbegin.o
LOAD c:/st/stm32cubeide_1.11.0/stm32cubeide/plugins/com.st.stm32cube.ide.mcu.externaltools.gnu-tools-for-stm32.10.3-2021.10.win32_1.0.100.202210260954/tools/bin/../lib/gcc/arm-none-eabi/10.3.1/../../../../arm-none-eabi/lib/thumb/v7e-m+fp/hard/crt0.o
LOAD ./Core/Src/main.o
LOAD ./Core/Src/stm32f4xx_hal_msp.o
LOAD ./Core/Src/stm32f4xx_hal_timebase_tim.o
LOAD ./Core/Src/stm32f4xx_it.o
LOAD ./Core/Src/syscalls.o
LOAD ./Core/Src/system_stm32f4xx.o
LOAD ./Core/Startup/startup_stm32f405rgtx.o
LOAD ./Drivers/STM32F4xx_HAL_Driver/Src/stm32f4xx_hal.o
LOAD ./Drivers/STM32F4xx_HAL_Driver/Src/stm32f4xx_hal_cortex.o
LOAD ./Drivers/STM32F4xx_HAL_Driver/Src/stm32f4xx_hal_dma.o
LOAD ./Drivers/STM32F4xx_HAL_Driver/Src/stm32f4xx_hal_dma_ex.o
LOAD ./Drivers/STM32F4xx_HAL_Driver/Src/stm32f4xx_hal_exti.o
LOAD ./Drivers/STM32F4xx_HAL_Driver/Src/stm32f4xx_hal_flash.o
LOAD ./Drivers/STM32F4xx_HAL_Driver/Src/stm32f4xx_hal_flash_ex.o
LOAD ./Drivers/STM32F4xx_HAL_Driver/Src/stm32f4xx_hal_flash_ramfunc.o
LOAD ./Drivers/STM32F4xx_HAL_Driver/Src/stm32f4xx_hal_gpio.o
LOAD ./Drivers/STM32F4xx_HAL_Driver/Src/stm32f4xx_hal_pwr.o
LOAD ./Drivers/STM32F4xx_HAL_Driver/Src/stm32f4xx_hal_pwr_ex.o
LOAD ./Drivers/STM32F4xx_HAL_Driver/Src/stm32f4xx_hal_rcc.o
LOAD ./Drivers/STM32F4xx_HAL_Driver/Src/stm32f4xx_hal_rcc_ex.o
LOAD ./Drivers/STM32F4xx_HAL_Driver/Src/stm32f4xx_hal_tim.o
LOAD ./Drivers/STM32F4xx_HAL_Driver/Src/stm32f4xx_hal_tim_ex.o
LOAD ./freeRTOS/croutine.o
LOAD ./freeRTOS/event_groups.o
LOAD ./freeRTOS/list.o
LOAD ./freeRTOS/queue.o
LOAD ./freeRTOS/stream_buffer.o
LOAD ./freeRTOS/tasks.o
LOAD ./freeRTOS/timers.o
LOAD ./freeRTOS/portable/GCC/ARM_CM4F/port.o
LOAD ./freeRTOS/portable/MemMang/heap_4.o
START GROUP
LOAD c:/st/stm32cubeide_1.11.0/stm32cubeide/plugins/com.st.stm32cube.ide.mcu.externaltools.gnu-tools-for-stm32.10.3-2021.10.win32_1.0.100.202210260954/tools/bin/../lib/gcc/arm-none-eabi/10.3.1/../../../../arm-none-eabi/lib/thumb/v7e-m+fp/hard\libc_nano.a
LOAD c:/st/stm32cubeide_1.11.0/stm32cubeide/plugins/com.st.stm32cube.ide.mcu.externaltools.gnu-tools-for-stm32.10.3-2021.10.win32_1.0.100.202210260954/tools/bin/../lib/gcc/arm-none-eabi/10.3.1/../../../../arm-none-eabi/lib/thumb/v7e-m+fp/hard\libm.a
END GROUP
START GROUP
LOAD c:/st/stm32cubeide_1.11.0/stm32cubeide/plugins/com.st.stm32cube.ide.mcu.externaltools.gnu-tools-for-stm32.10.3-2021.10.win32_1.0.100.202210260954/tools/bin/../lib/gcc/arm-none-eabi/10.3.1/thumb/v7e-m+fp/hard\libgcc.a
LOAD c:/st/stm32cubeide_1.11.0/stm32cubeide/plugins/com.st.stm32cube.ide.mcu.externaltools.gnu-tools-for-stm32.10.3-2021.10.win32_1.0.100.202210260954/tools/bin/../lib/gcc/arm-none-eabi/10.3.1/../../../../arm-none-eabi/lib/thumb/v7e-m+fp/hard\libc_nano.a
END GROUP
START GROUP
LOAD c:/st/stm32cubeide_1.11.0/stm32cubeide/plugins/com.st.stm32cube.ide.mcu.externaltools.gnu-tools-for-stm32.10.3-2021.10.win32_1.0.100.202210260954/tools/bin/../lib/gcc/arm-none-eabi/10.3.1/thumb/v7e-m+fp/hard\libgcc.a
LOAD c:/st/stm32cubeide_1.11.0/stm32cubeide/plugins/com.st.stm32cube.ide.mcu.externaltools.gnu-tools-for-stm32.10.3-2021.10.win32_1.0.100.202210260954/tools/bin/../lib/gcc/arm-none-eabi/10.3.1/../../../../arm-none-eabi/lib/thumb/v7e-m+fp/hard\libc_nano.a
LOAD c:/st/stm32cubeide_1.11.0/stm32cubeide/plugins/com.st.stm32cube.ide.mcu.externaltools.gnu-tools-for-stm32.10.3-2021.10.win32_1.0.100.202210260954/tools/bin/../lib/gcc/arm-none-eabi/10.3.1/../../../../arm-none-eabi/lib/thumb/v7e-m+fp/hard\libnosys.a
END GROUP
START GROUP
LOAD c:/st/stm32cubeide_1.11.0/stm32cubeide/plugins/com.st.stm32cube.ide.mcu.externaltools.gnu-tools-for-stm32.10.3-2021.10.win32_1.0.100.202210260954/tools/bin/../lib/gcc/arm-none-eabi/10.3.1/thumb/v7e-m+fp/hard\libgcc.a
LOAD c:/st/stm32cubeide_1.11.0/stm32cubeide/plugins/com.st.stm32cube.ide.mcu.externaltools.gnu-tools-for-stm32.10.3-2021.10.win32_1.0.100.202210260954/tools/bin/../lib/gcc/arm-none-eabi/10.3.1/../../../../arm-none-eabi/lib/thumb/v7e-m+fp/hard\libc_nano.a
LOAD c:/st/stm32cubeide_1.11.0/stm32cubeide/plugins/com.st.stm32cube.ide.mcu.externaltools.gnu-tools-for-stm32.10.3-2021.10.win32_1.0.100.202210260954/tools/bin/../lib/gcc/arm-none-eabi/10.3.1/../../../../arm-none-eabi/lib/thumb/v7e-m+fp/hard\libnosys.a
END GROUP
LOAD c:/st/stm32cubeide_1.11.0/stm32cubeide/plugins/com.st.stm32cube.ide.mcu.externaltools.gnu-tools-for-stm32.10.3-2021.10.win32_1.0.100.202210260954/tools/bin/../lib/gcc/arm-none-eabi/10.3.1/thumb/v7e-m+fp/hard/crtend.o
LOAD c:/st/stm32cubeide_1.11.0/stm32cubeide/plugins/com.st.stm32cube.ide.mcu.externaltools.gnu-tools-for-stm32.10.3-2021.10.win32_1.0.100.202210260954/tools/bin/../lib/gcc/arm-none-eabi/10.3.1/thumb/v7e-m+fp/hard/crtn.o
                0x0000000020020000                _estack = (ORIGIN (RAM) + LENGTH (RAM))
                0x0000000000000200                _Min_Heap_Size = 0x200
                0x0000000000000400                _Min_Stack_Size = 0x400

.isr_vector     0x0000000008000000      0x188
                0x0000000008000000                . = ALIGN (0x4)
 *(.isr_vector)
 .isr_vector    0x0000000008000000      0x188 ./Core/Startup/startup_stm32f405rgtx.o
                0x0000000008000000                g_pfnVectors
                0x0000000008000188                . = ALIGN (0x4)

.text           0x0000000008000190     0x4464
                0x0000000008000190                . = ALIGN (0x4)
 *(.text)
 .text          0x0000000008000190       0x40 c:/st/stm32cubeide_1.11.0/stm32cubeide/plugins/com.st.stm32cube.ide.mcu.externaltools.gnu-tools-for-stm32.10.3-2021.10.win32_1.0.100.202210260954/tools/bin/../lib/gcc/arm-none-eabi/10.3.1/thumb/v7e-m+fp/hard/crtbegin.o
 .text          0x00000000080001d0       0x30 c:/st/stm32cubeide_1.11.0/stm32cubeide/plugins/com.st.stm32cube.ide.mcu.externaltools.gnu-tools-for-stm32.10.3-2021.10.win32_1.0.100.202210260954/tools/bin/../lib/gcc/arm-none-eabi/10.3.1/thumb/v7e-m+fp/hard\libgcc.a(_aeabi_uldivmod.o)
                0x00000000080001d0                __aeabi_uldivmod
 .text          0x0000000008000200      0x2d0 c:/st/stm32cubeide_1.11.0/stm32cubeide/plugins/com.st.stm32cube.ide.mcu.externaltools.gnu-tools-for-stm32.10.3-2021.10.win32_1.0.100.202210260954/tools/bin/../lib/gcc/arm-none-eabi/10.3.1/thumb/v7e-m+fp/hard\libgcc.a(_udivmoddi4.o)
                0x0000000008000200                __udivmoddi4
 .text          0x00000000080004d0        0x4 c:/st/stm32cubeide_1.11.0/stm32cubeide/plugins/com.st.stm32cube.ide.mcu.externaltools.gnu-tools-for-stm32.10.3-2021.10.win32_1.0.100.202210260954/tools/bin/../lib/gcc/arm-none-eabi/10.3.1/thumb/v7e-m+fp/hard\libgcc.a(_dvmd_tls.o)
                0x00000000080004d0                __aeabi_idiv0
                0x00000000080004d0                __aeabi_ldiv0
 *(.text*)
 .text.task1    0x00000000080004d4       0x64 ./Core/Src/main.o
                0x00000000080004d4                task1
 .text.task2    0x0000000008000538       0x8c ./Core/Src/main.o
                0x0000000008000538                task2
 .text.gpio_config
                0x00000000080005c4       0x48 ./Core/Src/main.o
                0x00000000080005c4                gpio_config
 .text.main     0x000000000800060c       0x7c ./Core/Src/main.o
                0x000000000800060c                main
 .text.SystemClock_Config
                0x0000000008000688       0xbc ./Core/Src/main.o
                0x0000000008000688                SystemClock_Config
 .text.HAL_TIM_PeriodElapsedCallback
                0x0000000008000744       0x24 ./Core/Src/main.o
                0x0000000008000744                HAL_TIM_PeriodElapsedCallback
 .text.Error_Handler
                0x0000000008000768        0xa ./Core/Src/main.o
                0x0000000008000768                Error_Handler
 *fill*         0x0000000008000772        0x2 
 .text.HAL_MspInit
                0x0000000008000774       0x50 ./Core/Src/stm32f4xx_hal_msp.o
                0x0000000008000774                HAL_MspInit
 .text.HAL_InitTick
                0x00000000080007c4       0xf8 ./Core/Src/stm32f4xx_hal_timebase_tim.o
                0x00000000080007c4                HAL_InitTick
 .text.NMI_Handler
                0x00000000080008bc        0x6 ./Core/Src/stm32f4xx_it.o
                0x00000000080008bc                NMI_Handler
 .text.HardFault_Handler
                0x00000000080008c2        0x6 ./Core/Src/stm32f4xx_it.o
                0x00000000080008c2                HardFault_Handler
 .text.MemManage_Handler
                0x00000000080008c8        0x6 ./Core/Src/stm32f4xx_it.o
                0x00000000080008c8                MemManage_Handler
 .text.BusFault_Handler
                0x00000000080008ce        0x6 ./Core/Src/stm32f4xx_it.o
                0x00000000080008ce                BusFault_Handler
 .text.UsageFault_Handler
                0x00000000080008d4        0x6 ./Core/Src/stm32f4xx_it.o
                0x00000000080008d4                UsageFault_Handler
 .text.DebugMon_Handler
                0x00000000080008da        0xe ./Core/Src/stm32f4xx_it.o
                0x00000000080008da                DebugMon_Handler
 .text.TIM6_DAC_IRQHandler
                0x00000000080008e8       0x14 ./Core/Src/stm32f4xx_it.o
                0x00000000080008e8                TIM6_DAC_IRQHandler
 .text.SystemInit
                0x00000000080008fc       0x24 ./Core/Src/system_stm32f4xx.o
                0x00000000080008fc                SystemInit
 .text.Reset_Handler
                0x0000000008000920       0x50 ./Core/Startup/startup_stm32f405rgtx.o
                0x0000000008000920                Reset_Handler
 .text.Default_Handler
                0x0000000008000970        0x2 ./Core/Startup/startup_stm32f405rgtx.o
                0x0000000008000970                RTC_Alarm_IRQHandler
                0x0000000008000970                HASH_RNG_IRQHandler
                0x0000000008000970                EXTI2_IRQHandler
                0x0000000008000970                TIM8_CC_IRQHandler
                0x0000000008000970                TIM1_CC_IRQHandler
                0x0000000008000970                DMA2_Stream5_IRQHandler
                0x0000000008000970                DMA1_Stream5_IRQHandler
                0x0000000008000970                PVD_IRQHandler
                0x0000000008000970                SDIO_IRQHandler
                0x0000000008000970                TAMP_STAMP_IRQHandler
                0x0000000008000970                CAN2_RX1_IRQHandler
                0x0000000008000970                EXTI3_IRQHandler
                0x0000000008000970                TIM8_TRG_COM_TIM14_IRQHandler
                0x0000000008000970                TIM1_UP_TIM10_IRQHandler
                0x0000000008000970                TIM8_UP_TIM13_IRQHandler
                0x0000000008000970                I2C3_ER_IRQHandler
                0x0000000008000970                EXTI0_IRQHandler
                0x0000000008000970                I2C2_EV_IRQHandler
                0x0000000008000970                DMA1_Stream2_IRQHandler
                0x0000000008000970                CAN1_RX0_IRQHandler
                0x0000000008000970                FPU_IRQHandler
                0x0000000008000970                OTG_HS_WKUP_IRQHandler
                0x0000000008000970                CAN2_SCE_IRQHandler
                0x0000000008000970                DMA2_Stream2_IRQHandler
                0x0000000008000970                SPI1_IRQHandler
                0x0000000008000970                TIM1_BRK_TIM9_IRQHandler
                0x0000000008000970                CAN2_RX0_IRQHandler
                0x0000000008000970                DMA2_Stream3_IRQHandler
                0x0000000008000970                USART6_IRQHandler
                0x0000000008000970                USART3_IRQHandler
                0x0000000008000970                CAN1_RX1_IRQHandler
                0x0000000008000970                UART5_IRQHandler
                0x0000000008000970                DMA2_Stream0_IRQHandler
                0x0000000008000970                TIM4_IRQHandler
                0x0000000008000970                I2C1_EV_IRQHandler
                0x0000000008000970                DMA1_Stream6_IRQHandler
                0x0000000008000970                DMA1_Stream1_IRQHandler
                0x0000000008000970                UART4_IRQHandler
                0x0000000008000970                TIM3_IRQHandler
                0x0000000008000970                RCC_IRQHandler
                0x0000000008000970                TIM8_BRK_TIM12_IRQHandler
                0x0000000008000970                Default_Handler
                0x0000000008000970                EXTI15_10_IRQHandler
                0x0000000008000970                ADC_IRQHandler
                0x0000000008000970                DMA1_Stream7_IRQHandler
                0x0000000008000970                TIM7_IRQHandler
                0x0000000008000970                CAN2_TX_IRQHandler
                0x0000000008000970                TIM5_IRQHandler
                0x0000000008000970                DMA2_Stream7_IRQHandler
                0x0000000008000970                I2C3_EV_IRQHandler
                0x0000000008000970                EXTI9_5_IRQHandler
                0x0000000008000970                RTC_WKUP_IRQHandler
                0x0000000008000970                SPI2_IRQHandler
                0x0000000008000970                OTG_HS_EP1_IN_IRQHandler
                0x0000000008000970                DMA1_Stream0_IRQHandler
                0x0000000008000970                CAN1_TX_IRQHandler
                0x0000000008000970                EXTI4_IRQHandler
                0x0000000008000970                FSMC_IRQHandler
                0x0000000008000970                OTG_HS_EP1_OUT_IRQHandler
                0x0000000008000970                WWDG_IRQHandler
                0x0000000008000970                TIM2_IRQHandler
                0x0000000008000970                OTG_FS_WKUP_IRQHandler
                0x0000000008000970                TIM1_TRG_COM_TIM11_IRQHandler
                0x0000000008000970                OTG_HS_IRQHandler
                0x0000000008000970                EXTI1_IRQHandler
                0x0000000008000970                USART2_IRQHandler
                0x0000000008000970                I2C2_ER_IRQHandler
                0x0000000008000970                DMA2_Stream1_IRQHandler
                0x0000000008000970                CAN1_SCE_IRQHandler
                0x0000000008000970                FLASH_IRQHandler
                0x0000000008000970                DMA2_Stream4_IRQHandler
                0x0000000008000970                USART1_IRQHandler
                0x0000000008000970                OTG_FS_IRQHandler
                0x0000000008000970                SPI3_IRQHandler
                0x0000000008000970                DMA1_Stream4_IRQHandler
                0x0000000008000970                I2C1_ER_IRQHandler
                0x0000000008000970                DMA2_Stream6_IRQHandler
                0x0000000008000970                DMA1_Stream3_IRQHandler
 *fill*         0x0000000008000972        0x2 
 .text.HAL_Init
                0x0000000008000974       0x44 ./Drivers/STM32F4xx_HAL_Driver/Src/stm32f4xx_hal.o
                0x0000000008000974                HAL_Init
 .text.HAL_IncTick
                0x00000000080009b8       0x28 ./Drivers/STM32F4xx_HAL_Driver/Src/stm32f4xx_hal.o
                0x00000000080009b8                HAL_IncTick
 .text.HAL_GetTick
                0x00000000080009e0       0x18 ./Drivers/STM32F4xx_HAL_Driver/Src/stm32f4xx_hal.o
                0x00000000080009e0                HAL_GetTick
 .text.__NVIC_SetPriorityGrouping
                0x00000000080009f8       0x48 ./Drivers/STM32F4xx_HAL_Driver/Src/stm32f4xx_hal_cortex.o
 .text.__NVIC_GetPriorityGrouping
                0x0000000008000a40       0x1c ./Drivers/STM32F4xx_HAL_Driver/Src/stm32f4xx_hal_cortex.o
 .text.__NVIC_EnableIRQ
                0x0000000008000a5c       0x3c ./Drivers/STM32F4xx_HAL_Driver/Src/stm32f4xx_hal_cortex.o
 .text.__NVIC_SetPriority
                0x0000000008000a98       0x54 ./Drivers/STM32F4xx_HAL_Driver/Src/stm32f4xx_hal_cortex.o
 .text.NVIC_EncodePriority
                0x0000000008000aec       0x66 ./Drivers/STM32F4xx_HAL_Driver/Src/stm32f4xx_hal_cortex.o
 .text.HAL_NVIC_SetPriorityGrouping
                0x0000000008000b52       0x16 ./Drivers/STM32F4xx_HAL_Driver/Src/stm32f4xx_hal_cortex.o
                0x0000000008000b52                HAL_NVIC_SetPriorityGrouping
 .text.HAL_NVIC_SetPriority
                0x0000000008000b68       0x38 ./Drivers/STM32F4xx_HAL_Driver/Src/stm32f4xx_hal_cortex.o
                0x0000000008000b68                HAL_NVIC_SetPriority
 .text.HAL_NVIC_EnableIRQ
                0x0000000008000ba0       0x1c ./Drivers/STM32F4xx_HAL_Driver/Src/stm32f4xx_hal_cortex.o
                0x0000000008000ba0                HAL_NVIC_EnableIRQ
 .text.HAL_RCC_OscConfig
                0x0000000008000bbc      0x4f0 ./Drivers/STM32F4xx_HAL_Driver/Src/stm32f4xx_hal_rcc.o
                0x0000000008000bbc                HAL_RCC_OscConfig
 .text.HAL_RCC_ClockConfig
                0x00000000080010ac      0x1cc ./Drivers/STM32F4xx_HAL_Driver/Src/stm32f4xx_hal_rcc.o
                0x00000000080010ac                HAL_RCC_ClockConfig
 .text.HAL_RCC_GetSysClockFreq
                0x0000000008001278      0x18c ./Drivers/STM32F4xx_HAL_Driver/Src/stm32f4xx_hal_rcc.o
                0x0000000008001278                HAL_RCC_GetSysClockFreq
 .text.HAL_RCC_GetHCLKFreq
                0x0000000008001404       0x18 ./Drivers/STM32F4xx_HAL_Driver/Src/stm32f4xx_hal_rcc.o
                0x0000000008001404                HAL_RCC_GetHCLKFreq
 .text.HAL_RCC_GetPCLK1Freq
                0x000000000800141c       0x28 ./Drivers/STM32F4xx_HAL_Driver/Src/stm32f4xx_hal_rcc.o
                0x000000000800141c                HAL_RCC_GetPCLK1Freq
 .text.HAL_RCC_GetClockConfig
                0x0000000008001444       0x64 ./Drivers/STM32F4xx_HAL_Driver/Src/stm32f4xx_hal_rcc.o
                0x0000000008001444                HAL_RCC_GetClockConfig
 .text.HAL_TIM_Base_Init
                0x00000000080014a8       0x9e ./Drivers/STM32F4xx_HAL_Driver/Src/stm32f4xx_hal_tim.o
                0x00000000080014a8                HAL_TIM_Base_Init
 .text.HAL_TIM_Base_MspInit
                0x0000000008001546       0x14 ./Drivers/STM32F4xx_HAL_Driver/Src/stm32f4xx_hal_tim.o
                0x0000000008001546                HAL_TIM_Base_MspInit
 *fill*         0x000000000800155a        0x2 
 .text.HAL_TIM_Base_Start_IT
                0x000000000800155c       0xe0 ./Drivers/STM32F4xx_HAL_Driver/Src/stm32f4xx_hal_tim.o
                0x000000000800155c                HAL_TIM_Base_Start_IT
 .text.HAL_TIM_IRQHandler
                0x000000000800163c      0x210 ./Drivers/STM32F4xx_HAL_Driver/Src/stm32f4xx_hal_tim.o
                0x000000000800163c                HAL_TIM_IRQHandler
 .text.HAL_TIM_OC_DelayElapsedCallback
                0x000000000800184c       0x14 ./Drivers/STM32F4xx_HAL_Driver/Src/stm32f4xx_hal_tim.o
                0x000000000800184c                HAL_TIM_OC_DelayElapsedCallback
 .text.HAL_TIM_IC_CaptureCallback
                0x0000000008001860       0x14 ./Drivers/STM32F4xx_HAL_Driver/Src/stm32f4xx_hal_tim.o
                0x0000000008001860                HAL_TIM_IC_CaptureCallback
 .text.HAL_TIM_PWM_PulseFinishedCallback
                0x0000000008001874       0x14 ./Drivers/STM32F4xx_HAL_Driver/Src/stm32f4xx_hal_tim.o
                0x0000000008001874                HAL_TIM_PWM_PulseFinishedCallback
 .text.HAL_TIM_TriggerCallback
                0x0000000008001888       0x14 ./Drivers/STM32F4xx_HAL_Driver/Src/stm32f4xx_hal_tim.o
                0x0000000008001888                HAL_TIM_TriggerCallback
 .text.TIM_Base_SetConfig
                0x000000000800189c      0x140 ./Drivers/STM32F4xx_HAL_Driver/Src/stm32f4xx_hal_tim.o
                0x000000000800189c                TIM_Base_SetConfig
 .text.HAL_TIMEx_CommutCallback
                0x00000000080019dc       0x14 ./Drivers/STM32F4xx_HAL_Driver/Src/stm32f4xx_hal_tim_ex.o
                0x00000000080019dc                HAL_TIMEx_CommutCallback
 .text.HAL_TIMEx_BreakCallback
                0x00000000080019f0       0x14 ./Drivers/STM32F4xx_HAL_Driver/Src/stm32f4xx_hal_tim_ex.o
                0x00000000080019f0                HAL_TIMEx_BreakCallback
 .text.vListInitialise
                0x0000000008001a04       0x40 ./freeRTOS/list.o
                0x0000000008001a04                vListInitialise
 .text.vListInitialiseItem
                0x0000000008001a44       0x1a ./freeRTOS/list.o
                0x0000000008001a44                vListInitialiseItem
 .text.vListInsertEnd
                0x0000000008001a5e       0x48 ./freeRTOS/list.o
                0x0000000008001a5e                vListInsertEnd
 .text.vListInsert
                0x0000000008001aa6       0x72 ./freeRTOS/list.o
                0x0000000008001aa6                vListInsert
 .text.uxListRemove
                0x0000000008001b18       0x54 ./freeRTOS/list.o
                0x0000000008001b18                uxListRemove
 .text.xQueueGenericReset
                0x0000000008001b6c       0xd0 ./freeRTOS/queue.o
                0x0000000008001b6c                xQueueGenericReset
 .text.xQueueGenericCreate
                0x0000000008001c3c       0xbe ./freeRTOS/queue.o
                0x0000000008001c3c                xQueueGenericCreate
 .text.prvInitialiseNewQueue
                0x0000000008001cfa       0x46 ./freeRTOS/queue.o
 .text.xQueueGenericSend
                0x0000000008001d40      0x1fc ./freeRTOS/queue.o
                0x0000000008001d40                xQueueGenericSend
 .text.xQueueGenericSendFromISR
                0x0000000008001f3c      0x154 ./freeRTOS/queue.o
                0x0000000008001f3c                xQueueGenericSendFromISR
 .text.xQueueReceive
                0x0000000008002090      0x1c0 ./freeRTOS/queue.o
                0x0000000008002090                xQueueReceive
 .text.xQueueSemaphoreTake
                0x0000000008002250      0x218 ./freeRTOS/queue.o
                0x0000000008002250                xQueueSemaphoreTake
 .text.prvGetDisinheritPriorityAfterTimeout
                0x0000000008002468       0x30 ./freeRTOS/queue.o
 .text.prvCopyDataToQueue
                0x0000000008002498       0xd4 ./freeRTOS/queue.o
 .text.prvCopyDataFromQueue
                0x000000000800256c       0x4c ./freeRTOS/queue.o
 .text.prvUnlockQueue
                0x00000000080025b8       0xa4 ./freeRTOS/queue.o
 .text.prvIsQueueEmpty
                0x000000000800265c       0x2c ./freeRTOS/queue.o
 .text.prvIsQueueFull
                0x0000000008002688       0x30 ./freeRTOS/queue.o
 .text.vQueueAddToRegistry
                0x00000000080026b8       0x54 ./freeRTOS/queue.o
                0x00000000080026b8                vQueueAddToRegistry
 .text.vQueueWaitForMessageRestricted
                0x000000000800270c       0x68 ./freeRTOS/queue.o
                0x000000000800270c                vQueueWaitForMessageRestricted
 .text.xTaskCreate
                0x0000000008002774       0x82 ./freeRTOS/tasks.o
                0x0000000008002774                xTaskCreate
 .text.prvInitialiseNewTask
                0x00000000080027f6      0x12c ./freeRTOS/tasks.o
 *fill*         0x0000000008002922        0x2 
 .text.prvAddNewTaskToReadyList
                0x0000000008002924       0xdc ./freeRTOS/tasks.o
 .text.vTaskDelay
                0x0000000008002a00       0x68 ./freeRTOS/tasks.o
                0x0000000008002a00                vTaskDelay
 .text.vTaskStartScheduler
                0x0000000008002a68       0xa4 ./freeRTOS/tasks.o
                0x0000000008002a68                vTaskStartScheduler
 .text.vTaskSuspendAll
                0x0000000008002b0c       0x1c ./freeRTOS/tasks.o
                0x0000000008002b0c                vTaskSuspendAll
 .text.xTaskResumeAll
                0x0000000008002b28      0x138 ./freeRTOS/tasks.o
                0x0000000008002b28                xTaskResumeAll
 .text.xTaskGetTickCount
                0x0000000008002c60       0x20 ./freeRTOS/tasks.o
                0x0000000008002c60                xTaskGetTickCount
 .text.xTaskIncrementTick
                0x0000000008002c80      0x170 ./freeRTOS/tasks.o
                0x0000000008002c80                xTaskIncrementTick
 .text.vTaskSwitchContext
                0x0000000008002df0       0xb8 ./freeRTOS/tasks.o
                0x0000000008002df0                vTaskSwitchContext
 .text.vTaskPlaceOnEventList
                0x0000000008002ea8       0x48 ./freeRTOS/tasks.o
                0x0000000008002ea8                vTaskPlaceOnEventList
 .text.vTaskPlaceOnEventListRestricted
                0x0000000008002ef0       0x58 ./freeRTOS/tasks.o
                0x0000000008002ef0                vTaskPlaceOnEventListRestricted
 .text.xTaskRemoveFromEventList
                0x0000000008002f48       0xc4 ./freeRTOS/tasks.o
                0x0000000008002f48                xTaskRemoveFromEventList
 .text.vTaskInternalSetTimeOutState
                0x000000000800300c       0x2c ./freeRTOS/tasks.o
                0x000000000800300c                vTaskInternalSetTimeOutState
 .text.xTaskCheckForTimeOut
                0x0000000008003038       0xcc ./freeRTOS/tasks.o
                0x0000000008003038                xTaskCheckForTimeOut
 .text.vTaskMissedYield
                0x0000000008003104       0x18 ./freeRTOS/tasks.o
                0x0000000008003104                vTaskMissedYield
 .text.prvIdleTask
                0x000000000800311c       0x30 ./freeRTOS/tasks.o
 .text.prvInitialiseTaskLists
                0x000000000800314c       0x80 ./freeRTOS/tasks.o
 .text.prvCheckTasksWaitingTermination
                0x00000000080031cc       0x5c ./freeRTOS/tasks.o
 .text.prvDeleteTCB
                0x0000000008003228       0x20 ./freeRTOS/tasks.o
 .text.prvResetNextTaskUnblockTime
                0x0000000008003248       0x38 ./freeRTOS/tasks.o
 .text.xTaskGetSchedulerState
                0x0000000008003280       0x3c ./freeRTOS/tasks.o
                0x0000000008003280                xTaskGetSchedulerState
 .text.xTaskPriorityInherit
                0x00000000080032bc       0xec ./freeRTOS/tasks.o
                0x00000000080032bc                xTaskPriorityInherit
 .text.xTaskPriorityDisinherit
                0x00000000080033a8       0xf4 ./freeRTOS/tasks.o
                0x00000000080033a8                xTaskPriorityDisinherit
 .text.vTaskPriorityDisinheritAfterTimeout
                0x000000000800349c      0x11c ./freeRTOS/tasks.o
                0x000000000800349c                vTaskPriorityDisinheritAfterTimeout
 .text.pvTaskIncrementMutexHeldCount
                0x00000000080035b8       0x28 ./freeRTOS/tasks.o
                0x00000000080035b8                pvTaskIncrementMutexHeldCount
 .text.prvAddCurrentTaskToDelayedList
                0x00000000080035e0       0xcc ./freeRTOS/tasks.o
 .text.xTimerCreateTimerTask
                0x00000000080036ac       0x64 ./freeRTOS/timers.o
                0x00000000080036ac                xTimerCreateTimerTask
 .text.xTimerGenericCommand
                0x0000000008003710       0x9c ./freeRTOS/timers.o
                0x0000000008003710                xTimerGenericCommand
 .text.prvProcessExpiredTimer
                0x00000000080037ac       0x98 ./freeRTOS/timers.o
 .text.prvTimerTask
                0x0000000008003844       0x24 ./freeRTOS/timers.o
 .text.prvProcessTimerOrBlockTask
                0x0000000008003868       0x9c ./freeRTOS/timers.o
 .text.prvGetNextExpireTime
                0x0000000008003904       0x48 ./freeRTOS/timers.o
 .text.prvSampleTimeNow
                0x000000000800394c       0x40 ./freeRTOS/timers.o
 .text.prvInsertTimerInActiveList
                0x000000000800398c       0x84 ./freeRTOS/timers.o
 .text.prvProcessReceivedCommands
                0x0000000008003a10      0x18c ./freeRTOS/timers.o
 .text.prvSwitchTimerLists
                0x0000000008003b9c       0xc8 ./freeRTOS/timers.o
 .text.prvCheckForValidListAndQueue
                0x0000000008003c64       0x6c ./freeRTOS/timers.o
 .text.pxPortInitialiseStack
                0x0000000008003cd0       0x68 ./freeRTOS/portable/GCC/ARM_CM4F/port.o
                0x0000000008003cd0                pxPortInitialiseStack
 .text.prvTaskExitError
                0x0000000008003d38       0x58 ./freeRTOS/portable/GCC/ARM_CM4F/port.o
 .text.SVC_Handler
                0x0000000008003d90       0x28 ./freeRTOS/portable/GCC/ARM_CM4F/port.o
                0x0000000008003d90                SVC_Handler
 .text.prvPortStartFirstTask
                0x0000000008003db8       0x2c ./freeRTOS/portable/GCC/ARM_CM4F/port.o
 .text.xPortStartScheduler
                0x0000000008003de4      0x144 ./freeRTOS/portable/GCC/ARM_CM4F/port.o
                0x0000000008003de4                xPortStartScheduler
 .text.vPortEnterCritical
                0x0000000008003f28       0x60 ./freeRTOS/portable/GCC/ARM_CM4F/port.o
                0x0000000008003f28                vPortEnterCritical
 .text.vPortExitCritical
                0x0000000008003f88       0x54 ./freeRTOS/portable/GCC/ARM_CM4F/port.o
                0x0000000008003f88                vPortExitCritical
 *fill*         0x0000000008003fdc        0x4 
 .text.PendSV_Handler
                0x0000000008003fe0       0x68 ./freeRTOS/portable/GCC/ARM_CM4F/port.o
                0x0000000008003fe0                PendSV_Handler
 .text.SysTick_Handler
                0x0000000008004048       0x44 ./freeRTOS/portable/GCC/ARM_CM4F/port.o
                0x0000000008004048                SysTick_Handler
 .text.vPortSetupTimerInterrupt
                0x000000000800408c       0x48 ./freeRTOS/portable/GCC/ARM_CM4F/port.o
                0x000000000800408c                vPortSetupTimerInterrupt
 .text.vPortEnableVFP
                0x00000000080040d4       0x18 ./freeRTOS/portable/GCC/ARM_CM4F/port.o
 .text.vPortValidateInterruptPriority
                0x00000000080040ec       0x80 ./freeRTOS/portable/GCC/ARM_CM4F/port.o
                0x00000000080040ec                vPortValidateInterruptPriority
 .text.pvPortMalloc
                0x000000000800416c      0x1c0 ./freeRTOS/portable/MemMang/heap_4.o
                0x000000000800416c                pvPortMalloc
 .text.vPortFree
                0x000000000800432c       0xc4 ./freeRTOS/portable/MemMang/heap_4.o
                0x000000000800432c                vPortFree
 .text.prvHeapInit
                0x00000000080043f0       0xc4 ./freeRTOS/portable/MemMang/heap_4.o
 .text.prvInsertBlockIntoFreeList
                0x00000000080044b4       0xb4 ./freeRTOS/portable/MemMang/heap_4.o
 .text.__libc_init_array
                0x0000000008004568       0x48 c:/st/stm32cubeide_1.11.0/stm32cubeide/plugins/com.st.stm32cube.ide.mcu.externaltools.gnu-tools-for-stm32.10.3-2021.10.win32_1.0.100.202210260954/tools/bin/../lib/gcc/arm-none-eabi/10.3.1/../../../../arm-none-eabi/lib/thumb/v7e-m+fp/hard\libc_nano.a(lib_a-init.o)
                0x0000000008004568                __libc_init_array
 .text.memcpy   0x00000000080045b0       0x1c c:/st/stm32cubeide_1.11.0/stm32cubeide/plugins/com.st.stm32cube.ide.mcu.externaltools.gnu-tools-for-stm32.10.3-2021.10.win32_1.0.100.202210260954/tools/bin/../lib/gcc/arm-none-eabi/10.3.1/../../../../arm-none-eabi/lib/thumb/v7e-m+fp/hard\libc_nano.a(lib_a-memcpy-stub.o)
                0x00000000080045b0                memcpy
 .text.memset   0x00000000080045cc       0x10 c:/st/stm32cubeide_1.11.0/stm32cubeide/plugins/com.st.stm32cube.ide.mcu.externaltools.gnu-tools-for-stm32.10.3-2021.10.win32_1.0.100.202210260954/tools/bin/../lib/gcc/arm-none-eabi/10.3.1/../../../../arm-none-eabi/lib/thumb/v7e-m+fp/hard\libc_nano.a(lib_a-memset.o)
                0x00000000080045cc                memset
 *(.glue_7)
 .glue_7        0x00000000080045dc        0x0 linker stubs
 *(.glue_7t)
 .glue_7t       0x00000000080045dc        0x0 linker stubs
 *(.eh_frame)
 .eh_frame      0x00000000080045dc        0x0 c:/st/stm32cubeide_1.11.0/stm32cubeide/plugins/com.st.stm32cube.ide.mcu.externaltools.gnu-tools-for-stm32.10.3-2021.10.win32_1.0.100.202210260954/tools/bin/../lib/gcc/arm-none-eabi/10.3.1/thumb/v7e-m+fp/hard/crtbegin.o
 *(.init)
 .init          0x00000000080045dc        0x4 c:/st/stm32cubeide_1.11.0/stm32cubeide/plugins/com.st.stm32cube.ide.mcu.externaltools.gnu-tools-for-stm32.10.3-2021.10.win32_1.0.100.202210260954/tools/bin/../lib/gcc/arm-none-eabi/10.3.1/thumb/v7e-m+fp/hard/crti.o
                0x00000000080045dc                _init
 .init          0x00000000080045e0        0x8 c:/st/stm32cubeide_1.11.0/stm32cubeide/plugins/com.st.stm32cube.ide.mcu.externaltools.gnu-tools-for-stm32.10.3-2021.10.win32_1.0.100.202210260954/tools/bin/../lib/gcc/arm-none-eabi/10.3.1/thumb/v7e-m+fp/hard/crtn.o
 *(.fini)
 .fini          0x00000000080045e8        0x4 c:/st/stm32cubeide_1.11.0/stm32cubeide/plugins/com.st.stm32cube.ide.mcu.externaltools.gnu-tools-for-stm32.10.3-2021.10.win32_1.0.100.202210260954/tools/bin/../lib/gcc/arm-none-eabi/10.3.1/thumb/v7e-m+fp/hard/crti.o
                0x00000000080045e8                _fini
 .fini          0x00000000080045ec        0x8 c:/st/stm32cubeide_1.11.0/stm32cubeide/plugins/com.st.stm32cube.ide.mcu.externaltools.gnu-tools-for-stm32.10.3-2021.10.win32_1.0.100.202210260954/tools/bin/../lib/gcc/arm-none-eabi/10.3.1/thumb/v7e-m+fp/hard/crtn.o
                0x00000000080045f4                . = ALIGN (0x4)
                0x00000000080045f4                _etext = .

.vfp11_veneer   0x00000000080045f4        0x0
 .vfp11_veneer  0x00000000080045f4        0x0 linker stubs

.v4_bx          0x00000000080045f4        0x0
 .v4_bx         0x00000000080045f4        0x0 linker stubs

.iplt           0x00000000080045f4        0x0
 .iplt          0x00000000080045f4        0x0 c:/st/stm32cubeide_1.11.0/stm32cubeide/plugins/com.st.stm32cube.ide.mcu.externaltools.gnu-tools-for-stm32.10.3-2021.10.win32_1.0.100.202210260954/tools/bin/../lib/gcc/arm-none-eabi/10.3.1/thumb/v7e-m+fp/hard/crtbegin.o

.rodata         0x00000000080045f4       0x48
                0x00000000080045f4                . = ALIGN (0x4)
 *(.rodata)
 .rodata        0x00000000080045f4       0x15 ./Core/Src/main.o
 *fill*         0x0000000008004609        0x3 
 .rodata        0x000000000800460c        0x5 ./freeRTOS/tasks.o
 *fill*         0x0000000008004611        0x3 
 .rodata        0x0000000008004614        0xd ./freeRTOS/timers.o
 *(.rodata*)
 *fill*         0x0000000008004621        0x3 
 .rodata.AHBPrescTable
                0x0000000008004624       0x10 ./Core/Src/system_stm32f4xx.o
                0x0000000008004624                AHBPrescTable
 .rodata.APBPrescTable
                0x0000000008004634        0x8 ./Core/Src/system_stm32f4xx.o
                0x0000000008004634                APBPrescTable
                0x000000000800463c                . = ALIGN (0x4)

.ARM.extab      0x000000000800463c        0x0
                0x000000000800463c                . = ALIGN (0x4)
 *(.ARM.extab* .gnu.linkonce.armextab.*)
                0x000000000800463c                . = ALIGN (0x4)

.ARM            0x000000000800463c        0x8
                0x000000000800463c                . = ALIGN (0x4)
                0x000000000800463c                __exidx_start = .
 *(.ARM.exidx*)
 .ARM.exidx     0x000000000800463c        0x8 c:/st/stm32cubeide_1.11.0/stm32cubeide/plugins/com.st.stm32cube.ide.mcu.externaltools.gnu-tools-for-stm32.10.3-2021.10.win32_1.0.100.202210260954/tools/bin/../lib/gcc/arm-none-eabi/10.3.1/thumb/v7e-m+fp/hard\libgcc.a(_udivmoddi4.o)
                0x0000000008004644                __exidx_end = .
                0x0000000008004644                . = ALIGN (0x4)

.rel.dyn        0x0000000008004644        0x0
 .rel.iplt      0x0000000008004644        0x0 c:/st/stm32cubeide_1.11.0/stm32cubeide/plugins/com.st.stm32cube.ide.mcu.externaltools.gnu-tools-for-stm32.10.3-2021.10.win32_1.0.100.202210260954/tools/bin/../lib/gcc/arm-none-eabi/10.3.1/thumb/v7e-m+fp/hard/crtbegin.o

.preinit_array  0x0000000008004644        0x0
                0x0000000008004644                . = ALIGN (0x4)
                0x0000000008004644                PROVIDE (__preinit_array_start = .)
 *(.preinit_array*)
                0x0000000008004644                PROVIDE (__preinit_array_end = .)
                0x0000000008004644                . = ALIGN (0x4)

.init_array     0x0000000008004644        0x4
                0x0000000008004644                . = ALIGN (0x4)
                0x0000000008004644                PROVIDE (__init_array_start = .)
 *(SORT_BY_NAME(.init_array.*))
 *(.init_array*)
 .init_array    0x0000000008004644        0x4 c:/st/stm32cubeide_1.11.0/stm32cubeide/plugins/com.st.stm32cube.ide.mcu.externaltools.gnu-tools-for-stm32.10.3-2021.10.win32_1.0.100.202210260954/tools/bin/../lib/gcc/arm-none-eabi/10.3.1/thumb/v7e-m+fp/hard/crtbegin.o
                0x0000000008004648                PROVIDE (__init_array_end = .)
                0x0000000008004648                . = ALIGN (0x4)

.fini_array     0x0000000008004648        0x4
                0x0000000008004648                . = ALIGN (0x4)
                [!provide]                        PROVIDE (__fini_array_start = .)
 *(SORT_BY_NAME(.fini_array.*))
 *(.fini_array*)
 .fini_array    0x0000000008004648        0x4 c:/st/stm32cubeide_1.11.0/stm32cubeide/plugins/com.st.stm32cube.ide.mcu.externaltools.gnu-tools-for-stm32.10.3-2021.10.win32_1.0.100.202210260954/tools/bin/../lib/gcc/arm-none-eabi/10.3.1/thumb/v7e-m+fp/hard/crtbegin.o
                [!provide]                        PROVIDE (__fini_array_end = .)
                0x000000000800464c                . = ALIGN (0x4)
                0x000000000800464c                _sidata = LOADADDR (.data)

.data           0x0000000020000000       0x14 load address 0x000000000800464c
                0x0000000020000000                . = ALIGN (0x4)
                0x0000000020000000                _sdata = .
 *(.data)
 *(.data*)
 .data.SystemCoreClock
                0x0000000020000000        0x4 ./Core/Src/system_stm32f4xx.o
                0x0000000020000000                SystemCoreClock
 .data.uwTickPrio
                0x0000000020000004        0x4 ./Drivers/STM32F4xx_HAL_Driver/Src/stm32f4xx_hal.o
                0x0000000020000004                uwTickPrio
 .data.uwTickFreq
                0x0000000020000008        0x1 ./Drivers/STM32F4xx_HAL_Driver/Src/stm32f4xx_hal.o
                0x0000000020000008                uwTickFreq
 *fill*         0x0000000020000009        0x3 
 .data.uxTopUsedPriority
                0x000000002000000c        0x4 ./freeRTOS/tasks.o
                0x000000002000000c                uxTopUsedPriority
 .data.uxCriticalNesting
                0x0000000020000010        0x4 ./freeRTOS/portable/GCC/ARM_CM4F/port.o
 *(.RamFunc)
 *(.RamFunc*)
                0x0000000020000014                . = ALIGN (0x4)
                0x0000000020000014                _edata = .
                0x0000000008004660                _siccmram = LOADADDR (.ccmram)

.igot.plt       0x0000000020000014        0x0 load address 0x0000000008004660
 .igot.plt      0x0000000020000014        0x0 c:/st/stm32cubeide_1.11.0/stm32cubeide/plugins/com.st.stm32cube.ide.mcu.externaltools.gnu-tools-for-stm32.10.3-2021.10.win32_1.0.100.202210260954/tools/bin/../lib/gcc/arm-none-eabi/10.3.1/thumb/v7e-m+fp/hard/crtbegin.o

.ccmram         0x0000000010000000        0x0 load address 0x0000000008004660
                0x0000000010000000                . = ALIGN (0x4)
                0x0000000010000000                _sccmram = .
 *(.ccmram)
 *(.ccmram*)
                0x0000000010000000                . = ALIGN (0x4)
                0x0000000010000000                _eccmram = .
                0x0000000010000000                . = ALIGN (0x4)

.bss            0x0000000020000014    0x12e1c
                0x0000000020000014                _sbss = .
                0x0000000020000014                __bss_start__ = _sbss
 *(.bss)
 .bss           0x0000000020000014       0x1c c:/st/stm32cubeide_1.11.0/stm32cubeide/plugins/com.st.stm32cube.ide.mcu.externaltools.gnu-tools-for-stm32.10.3-2021.10.win32_1.0.100.202210260954/tools/bin/../lib/gcc/arm-none-eabi/10.3.1/thumb/v7e-m+fp/hard/crtbegin.o
 *(.bss*)
 .bss.high_task
                0x0000000020000030        0x4 ./Core/Src/main.o
                0x0000000020000030                high_task
 .bss.low_task  0x0000000020000034        0x4 ./Core/Src/main.o
                0x0000000020000034                low_task
 .bss.mysemaphore
                0x0000000020000038        0x4 ./Core/Src/main.o
                0x0000000020000038                mysemaphore
 .bss.htim6     0x000000002000003c       0x48 ./Core/Src/stm32f4xx_hal_timebase_tim.o
                0x000000002000003c                htim6
 .bss.uwTick    0x0000000020000084        0x4 ./Drivers/STM32F4xx_HAL_Driver/Src/stm32f4xx_hal.o
                0x0000000020000084                uwTick
 .bss.xQueueRegistry
                0x0000000020000088       0x40 ./freeRTOS/queue.o
                0x0000000020000088                xQueueRegistry
 .bss.pxCurrentTCB
                0x00000000200000c8        0x4 ./freeRTOS/tasks.o
                0x00000000200000c8                pxCurrentTCB
 .bss.pxReadyTasksLists
                0x00000000200000cc       0x64 ./freeRTOS/tasks.o
 .bss.xDelayedTaskList1
                0x0000000020000130       0x14 ./freeRTOS/tasks.o
 .bss.xDelayedTaskList2
                0x0000000020000144       0x14 ./freeRTOS/tasks.o
 .bss.pxDelayedTaskList
                0x0000000020000158        0x4 ./freeRTOS/tasks.o
 .bss.pxOverflowDelayedTaskList
                0x000000002000015c        0x4 ./freeRTOS/tasks.o
 .bss.xPendingReadyList
                0x0000000020000160       0x14 ./freeRTOS/tasks.o
 .bss.xTasksWaitingTermination
                0x0000000020000174       0x14 ./freeRTOS/tasks.o
 .bss.uxDeletedTasksWaitingCleanUp
                0x0000000020000188        0x4 ./freeRTOS/tasks.o
 .bss.xSuspendedTaskList
                0x000000002000018c       0x14 ./freeRTOS/tasks.o
 .bss.uxCurrentNumberOfTasks
                0x00000000200001a0        0x4 ./freeRTOS/tasks.o
 .bss.xTickCount
                0x00000000200001a4        0x4 ./freeRTOS/tasks.o
 .bss.uxTopReadyPriority
                0x00000000200001a8        0x4 ./freeRTOS/tasks.o
 .bss.xSchedulerRunning
                0x00000000200001ac        0x4 ./freeRTOS/tasks.o
 .bss.xPendedTicks
                0x00000000200001b0        0x4 ./freeRTOS/tasks.o
 .bss.xYieldPending
                0x00000000200001b4        0x4 ./freeRTOS/tasks.o
 .bss.xNumOfOverflows
                0x00000000200001b8        0x4 ./freeRTOS/tasks.o
 .bss.uxTaskNumber
                0x00000000200001bc        0x4 ./freeRTOS/tasks.o
 .bss.xNextTaskUnblockTime
                0x00000000200001c0        0x4 ./freeRTOS/tasks.o
 .bss.xIdleTaskHandle
                0x00000000200001c4        0x4 ./freeRTOS/tasks.o
 .bss.uxSchedulerSuspended
                0x00000000200001c8        0x4 ./freeRTOS/tasks.o
 .bss.xActiveTimerList1
                0x00000000200001cc       0x14 ./freeRTOS/timers.o
 .bss.xActiveTimerList2
                0x00000000200001e0       0x14 ./freeRTOS/timers.o
 .bss.pxCurrentTimerList
                0x00000000200001f4        0x4 ./freeRTOS/timers.o
 .bss.pxOverflowTimerList
                0x00000000200001f8        0x4 ./freeRTOS/timers.o
 .bss.xTimerQueue
                0x00000000200001fc        0x4 ./freeRTOS/timers.o
 .bss.xTimerTaskHandle
                0x0000000020000200        0x4 ./freeRTOS/timers.o
 .bss.xLastTime.0
                0x0000000020000204        0x4 ./freeRTOS/timers.o
 .bss.ucMaxSysCallPriority
                0x0000000020000208        0x1 ./freeRTOS/portable/GCC/ARM_CM4F/port.o
 *fill*         0x0000000020000209        0x3 
 .bss.ulMaxPRIGROUPValue
                0x000000002000020c        0x4 ./freeRTOS/portable/GCC/ARM_CM4F/port.o
 .bss.ucHeap    0x0000000020000210    0x12c00 ./freeRTOS/portable/MemMang/heap_4.o
 .bss.xStart    0x0000000020012e10        0x8 ./freeRTOS/portable/MemMang/heap_4.o
 .bss.pxEnd     0x0000000020012e18        0x4 ./freeRTOS/portable/MemMang/heap_4.o
 .bss.xFreeBytesRemaining
                0x0000000020012e1c        0x4 ./freeRTOS/portable/MemMang/heap_4.o
 .bss.xMinimumEverFreeBytesRemaining
                0x0000000020012e20        0x4 ./freeRTOS/portable/MemMang/heap_4.o
 .bss.xNumberOfSuccessfulAllocations
                0x0000000020012e24        0x4 ./freeRTOS/portable/MemMang/heap_4.o
 .bss.xNumberOfSuccessfulFrees
                0x0000000020012e28        0x4 ./freeRTOS/portable/MemMang/heap_4.o
 .bss.xBlockAllocatedBit
                0x0000000020012e2c        0x4 ./freeRTOS/portable/MemMang/heap_4.o
 *(COMMON)
                0x0000000020012e30                . = ALIGN (0x4)
                0x0000000020012e30                _ebss = .
                0x0000000020012e30                __bss_end__ = _ebss

._user_heap_stack
                0x0000000020012e30      0x600
                0x0000000020012e30                . = ALIGN (0x8)
                [!provide]                        PROVIDE (end = .)
                [!provide]                        PROVIDE (_end = .)
                0x0000000020013030                . = (. + _Min_Heap_Size)
 *fill*         0x0000000020012e30      0x200 
                0x0000000020013430                . = (. + _Min_Stack_Size)
 *fill*         0x0000000020013030      0x400 
                0x0000000020013430                . = ALIGN (0x8)

/DISCARD/
 libc.a(*)
 libm.a(*)
 libgcc.a(*)

.ARM.attributes
                0x0000000000000000       0x30
 *(.ARM.attributes)
 .ARM.attributes
                0x0000000000000000       0x1e c:/st/stm32cubeide_1.11.0/stm32cubeide/plugins/com.st.stm32cube.ide.mcu.externaltools.gnu-tools-for-stm32.10.3-2021.10.win32_1.0.100.202210260954/tools/bin/../lib/gcc/arm-none-eabi/10.3.1/thumb/v7e-m+fp/hard/crti.o
 .ARM.attributes
                0x000000000000001e       0x34 c:/st/stm32cubeide_1.11.0/stm32cubeide/plugins/com.st.stm32cube.ide.mcu.externaltools.gnu-tools-for-stm32.10.3-2021.10.win32_1.0.100.202210260954/tools/bin/../lib/gcc/arm-none-eabi/10.3.1/thumb/v7e-m+fp/hard/crtbegin.o
 .ARM.attributes
                0x0000000000000052       0x34 ./Core/Src/main.o
 .ARM.attributes
                0x0000000000000086       0x34 ./Core/Src/stm32f4xx_hal_msp.o
 .ARM.attributes
                0x00000000000000ba       0x34 ./Core/Src/stm32f4xx_hal_timebase_tim.o
 .ARM.attributes
                0x00000000000000ee       0x34 ./Core/Src/stm32f4xx_it.o
 .ARM.attributes
                0x0000000000000122       0x34 ./Core/Src/system_stm32f4xx.o
 .ARM.attributes
                0x0000000000000156       0x21 ./Core/Startup/startup_stm32f405rgtx.o
 .ARM.attributes
                0x0000000000000177       0x34 ./Drivers/STM32F4xx_HAL_Driver/Src/stm32f4xx_hal.o
 .ARM.attributes
                0x00000000000001ab       0x34 ./Drivers/STM32F4xx_HAL_Driver/Src/stm32f4xx_hal_cortex.o
 .ARM.attributes
                0x00000000000001df       0x34 ./Drivers/STM32F4xx_HAL_Driver/Src/stm32f4xx_hal_rcc.o
 .ARM.attributes
                0x0000000000000213       0x34 ./Drivers/STM32F4xx_HAL_Driver/Src/stm32f4xx_hal_tim.o
 .ARM.attributes
                0x0000000000000247       0x34 ./Drivers/STM32F4xx_HAL_Driver/Src/stm32f4xx_hal_tim_ex.o
 .ARM.attributes
                0x000000000000027b       0x34 ./freeRTOS/list.o
 .ARM.attributes
                0x00000000000002af       0x34 ./freeRTOS/queue.o
 .ARM.attributes
                0x00000000000002e3       0x34 ./freeRTOS/tasks.o
 .ARM.attributes
                0x0000000000000317       0x34 ./freeRTOS/timers.o
 .ARM.attributes
                0x000000000000034b       0x34 ./freeRTOS/portable/GCC/ARM_CM4F/port.o
 .ARM.attributes
                0x000000000000037f       0x34 ./freeRTOS/portable/MemMang/heap_4.o
 .ARM.attributes
                0x00000000000003b3       0x34 c:/st/stm32cubeide_1.11.0/stm32cubeide/plugins/com.st.stm32cube.ide.mcu.externaltools.gnu-tools-for-stm32.10.3-2021.10.win32_1.0.100.202210260954/tools/bin/../lib/gcc/arm-none-eabi/10.3.1/../../../../arm-none-eabi/lib/thumb/v7e-m+fp/hard\libc_nano.a(lib_a-init.o)
 .ARM.attributes
                0x00000000000003e7       0x34 c:/st/stm32cubeide_1.11.0/stm32cubeide/plugins/com.st.stm32cube.ide.mcu.externaltools.gnu-tools-for-stm32.10.3-2021.10.win32_1.0.100.202210260954/tools/bin/../lib/gcc/arm-none-eabi/10.3.1/../../../../arm-none-eabi/lib/thumb/v7e-m+fp/hard\libc_nano.a(lib_a-memcpy-stub.o)
 .ARM.attributes
                0x000000000000041b       0x34 c:/st/stm32cubeide_1.11.0/stm32cubeide/plugins/com.st.stm32cube.ide.mcu.externaltools.gnu-tools-for-stm32.10.3-2021.10.win32_1.0.100.202210260954/tools/bin/../lib/gcc/arm-none-eabi/10.3.1/../../../../arm-none-eabi/lib/thumb/v7e-m+fp/hard\libc_nano.a(lib_a-memset.o)
 .ARM.attributes
                0x000000000000044f       0x1e c:/st/stm32cubeide_1.11.0/stm32cubeide/plugins/com.st.stm32cube.ide.mcu.externaltools.gnu-tools-for-stm32.10.3-2021.10.win32_1.0.100.202210260954/tools/bin/../lib/gcc/arm-none-eabi/10.3.1/thumb/v7e-m+fp/hard\libgcc.a(_aeabi_uldivmod.o)
 .ARM.attributes
                0x000000000000046d       0x34 c:/st/stm32cubeide_1.11.0/stm32cubeide/plugins/com.st.stm32cube.ide.mcu.externaltools.gnu-tools-for-stm32.10.3-2021.10.win32_1.0.100.202210260954/tools/bin/../lib/gcc/arm-none-eabi/10.3.1/thumb/v7e-m+fp/hard\libgcc.a(_udivmoddi4.o)
 .ARM.attributes
                0x00000000000004a1       0x1e c:/st/stm32cubeide_1.11.0/stm32cubeide/plugins/com.st.stm32cube.ide.mcu.externaltools.gnu-tools-for-stm32.10.3-2021.10.win32_1.0.100.202210260954/tools/bin/../lib/gcc/arm-none-eabi/10.3.1/thumb/v7e-m+fp/hard\libgcc.a(_dvmd_tls.o)
 .ARM.attributes
                0x00000000000004bf       0x1e c:/st/stm32cubeide_1.11.0/stm32cubeide/plugins/com.st.stm32cube.ide.mcu.externaltools.gnu-tools-for-stm32.10.3-2021.10.win32_1.0.100.202210260954/tools/bin/../lib/gcc/arm-none-eabi/10.3.1/thumb/v7e-m+fp/hard/crtn.o
OUTPUT(rtos_binarysemaphore.elf elf32-littlearm)
LOAD linker stubs
LOAD c:/st/stm32cubeide_1.11.0/stm32cubeide/plugins/com.st.stm32cube.ide.mcu.externaltools.gnu-tools-for-stm32.10.3-2021.10.win32_1.0.100.202210260954/tools/bin/../lib/gcc/arm-none-eabi/10.3.1/../../../../arm-none-eabi/lib/thumb/v7e-m+fp/hard\libc.a
LOAD c:/st/stm32cubeide_1.11.0/stm32cubeide/plugins/com.st.stm32cube.ide.mcu.externaltools.gnu-tools-for-stm32.10.3-2021.10.win32_1.0.100.202210260954/tools/bin/../lib/gcc/arm-none-eabi/10.3.1/../../../../arm-none-eabi/lib/thumb/v7e-m+fp/hard\libm.a
LOAD c:/st/stm32cubeide_1.11.0/stm32cubeide/plugins/com.st.stm32cube.ide.mcu.externaltools.gnu-tools-for-stm32.10.3-2021.10.win32_1.0.100.202210260954/tools/bin/../lib/gcc/arm-none-eabi/10.3.1/thumb/v7e-m+fp/hard\libgcc.a

.debug_info     0x0000000000000000     0xe212
 .debug_info    0x0000000000000000      0xdda ./Core/Src/main.o
 .debug_info    0x0000000000000dda      0x2a8 ./Core/Src/stm32f4xx_hal_msp.o
 .debug_info    0x0000000000001082      0xc39 ./Core/Src/stm32f4xx_hal_timebase_tim.o
 .debug_info    0x0000000000001cbb      0x6f8 ./Core/Src/stm32f4xx_it.o
 .debug_info    0x00000000000023b3      0x523 ./Core/Src/system_stm32f4xx.o
 .debug_info    0x00000000000028d6       0x22 ./Core/Startup/startup_stm32f405rgtx.o
 .debug_info    0x00000000000028f8      0x96a ./Drivers/STM32F4xx_HAL_Driver/Src/stm32f4xx_hal.o
 .debug_info    0x0000000000003262      0xe09 ./Drivers/STM32F4xx_HAL_Driver/Src/stm32f4xx_hal_cortex.o
 .debug_info    0x000000000000406b      0x966 ./Drivers/STM32F4xx_HAL_Driver/Src/stm32f4xx_hal_rcc.o
 .debug_info    0x00000000000049d1     0x2bbe ./Drivers/STM32F4xx_HAL_Driver/Src/stm32f4xx_hal_tim.o
 .debug_info    0x000000000000758f     0x15e0 ./Drivers/STM32F4xx_HAL_Driver/Src/stm32f4xx_hal_tim_ex.o
 .debug_info    0x0000000000008b6f      0x2d1 ./freeRTOS/list.o
 .debug_info    0x0000000000008e40     0x18ee ./freeRTOS/queue.o
 .debug_info    0x000000000000a72e     0x21f3 ./freeRTOS/tasks.o
 .debug_info    0x000000000000c921      0xedd ./freeRTOS/timers.o
 .debug_info    0x000000000000d7fe      0x507 ./freeRTOS/portable/GCC/ARM_CM4F/port.o
 .debug_info    0x000000000000dd05      0x50d ./freeRTOS/portable/MemMang/heap_4.o

.debug_abbrev   0x0000000000000000     0x2339
 .debug_abbrev  0x0000000000000000      0x2a4 ./Core/Src/main.o
 .debug_abbrev  0x00000000000002a4       0xd4 ./Core/Src/stm32f4xx_hal_msp.o
 .debug_abbrev  0x0000000000000378      0x1e6 ./Core/Src/stm32f4xx_hal_timebase_tim.o
 .debug_abbrev  0x000000000000055e      0x171 ./Core/Src/stm32f4xx_it.o
 .debug_abbrev  0x00000000000006cf      0x116 ./Core/Src/system_stm32f4xx.o
 .debug_abbrev  0x00000000000007e5       0x12 ./Core/Startup/startup_stm32f405rgtx.o
 .debug_abbrev  0x00000000000007f7      0x20d ./Drivers/STM32F4xx_HAL_Driver/Src/stm32f4xx_hal.o
 .debug_abbrev  0x0000000000000a04      0x316 ./Drivers/STM32F4xx_HAL_Driver/Src/stm32f4xx_hal_cortex.o
 .debug_abbrev  0x0000000000000d1a      0x2aa ./Drivers/STM32F4xx_HAL_Driver/Src/stm32f4xx_hal_rcc.o
 .debug_abbrev  0x0000000000000fc4      0x25d ./Drivers/STM32F4xx_HAL_Driver/Src/stm32f4xx_hal_tim.o
 .debug_abbrev  0x0000000000001221      0x265 ./Drivers/STM32F4xx_HAL_Driver/Src/stm32f4xx_hal_tim_ex.o
 .debug_abbrev  0x0000000000001486       0xf2 ./freeRTOS/list.o
 .debug_abbrev  0x0000000000001578      0x312 ./freeRTOS/queue.o
 .debug_abbrev  0x000000000000188a      0x36c ./freeRTOS/tasks.o
 .debug_abbrev  0x0000000000001bf6      0x2d8 ./freeRTOS/timers.o
 .debug_abbrev  0x0000000000001ece      0x259 ./freeRTOS/portable/GCC/ARM_CM4F/port.o
 .debug_abbrev  0x0000000000002127      0x212 ./freeRTOS/portable/MemMang/heap_4.o

.debug_aranges  0x0000000000000000      0xe20
 .debug_aranges
                0x0000000000000000       0x50 ./Core/Src/main.o
 .debug_aranges
                0x0000000000000050       0x20 ./Core/Src/stm32f4xx_hal_msp.o
 .debug_aranges
                0x0000000000000070       0x30 ./Core/Src/stm32f4xx_hal_timebase_tim.o
 .debug_aranges
                0x00000000000000a0       0x50 ./Core/Src/stm32f4xx_it.o
 .debug_aranges
                0x00000000000000f0       0x28 ./Core/Src/system_stm32f4xx.o
 .debug_aranges
                0x0000000000000118       0x28 ./Core/Startup/startup_stm32f405rgtx.o
 .debug_aranges
                0x0000000000000140       0xf0 ./Drivers/STM32F4xx_HAL_Driver/Src/stm32f4xx_hal.o
 .debug_aranges
                0x0000000000000230      0x118 ./Drivers/STM32F4xx_HAL_Driver/Src/stm32f4xx_hal_cortex.o
 .debug_aranges
                0x0000000000000348       0x88 ./Drivers/STM32F4xx_HAL_Driver/Src/stm32f4xx_hal_rcc.o
 .debug_aranges
                0x00000000000003d0      0x3d0 ./Drivers/STM32F4xx_HAL_Driver/Src/stm32f4xx_hal_tim.o
 .debug_aranges
                0x00000000000007a0      0x168 ./Drivers/STM32F4xx_HAL_Driver/Src/stm32f4xx_hal_tim_ex.o
 .debug_aranges
                0x0000000000000908       0x40 ./freeRTOS/list.o
 .debug_aranges
                0x0000000000000948      0x130 ./freeRTOS/queue.o
 .debug_aranges
                0x0000000000000a78      0x1f8 ./freeRTOS/tasks.o
 .debug_aranges
                0x0000000000000c70       0xd8 ./freeRTOS/timers.o
 .debug_aranges
                0x0000000000000d48       0x80 ./freeRTOS/portable/GCC/ARM_CM4F/port.o
 .debug_aranges
                0x0000000000000dc8       0x58 ./freeRTOS/portable/MemMang/heap_4.o

.debug_ranges   0x0000000000000000      0xd18
 .debug_ranges  0x0000000000000000       0x40 ./Core/Src/main.o
 .debug_ranges  0x0000000000000040       0x10 ./Core/Src/stm32f4xx_hal_msp.o
 .debug_ranges  0x0000000000000050       0x20 ./Core/Src/stm32f4xx_hal_timebase_tim.o
 .debug_ranges  0x0000000000000070       0x40 ./Core/Src/stm32f4xx_it.o
 .debug_ranges  0x00000000000000b0       0x18 ./Core/Src/system_stm32f4xx.o
 .debug_ranges  0x00000000000000c8       0x20 ./Core/Startup/startup_stm32f405rgtx.o
 .debug_ranges  0x00000000000000e8       0xe0 ./Drivers/STM32F4xx_HAL_Driver/Src/stm32f4xx_hal.o
 .debug_ranges  0x00000000000001c8      0x108 ./Drivers/STM32F4xx_HAL_Driver/Src/stm32f4xx_hal_cortex.o
 .debug_ranges  0x00000000000002d0       0x78 ./Drivers/STM32F4xx_HAL_Driver/Src/stm32f4xx_hal_rcc.o
 .debug_ranges  0x0000000000000348      0x3c0 ./Drivers/STM32F4xx_HAL_Driver/Src/stm32f4xx_hal_tim.o
 .debug_ranges  0x0000000000000708      0x158 ./Drivers/STM32F4xx_HAL_Driver/Src/stm32f4xx_hal_tim_ex.o
 .debug_ranges  0x0000000000000860       0x30 ./freeRTOS/list.o
 .debug_ranges  0x0000000000000890      0x120 ./freeRTOS/queue.o
 .debug_ranges  0x00000000000009b0      0x1e8 ./freeRTOS/tasks.o
 .debug_ranges  0x0000000000000b98       0xc8 ./freeRTOS/timers.o
 .debug_ranges  0x0000000000000c60       0x70 ./freeRTOS/portable/GCC/ARM_CM4F/port.o
 .debug_ranges  0x0000000000000cd0       0x48 ./freeRTOS/portable/MemMang/heap_4.o

.debug_macro    0x0000000000000000    0x1f5b4
 .debug_macro   0x0000000000000000      0x258 ./Core/Src/main.o
 .debug_macro   0x0000000000000258      0xa78 ./Core/Src/main.o
 .debug_macro   0x0000000000000cd0      0x295 ./Core/Src/main.o
 .debug_macro   0x0000000000000f65       0x2e ./Core/Src/main.o
 .debug_macro   0x0000000000000f93       0x2f ./Core/Src/main.o
 .debug_macro   0x0000000000000fc2       0x22 ./Core/Src/main.o
 .debug_macro   0x0000000000000fe4       0x8e ./Core/Src/main.o
 .debug_macro   0x0000000000001072       0x51 ./Core/Src/main.o
 .debug_macro   0x00000000000010c3      0x103 ./Core/Src/main.o
 .debug_macro   0x00000000000011c6       0x6a ./Core/Src/main.o
 .debug_macro   0x0000000000001230      0x1df ./Core/Src/main.o
 .debug_macro   0x000000000000140f       0x1c ./Core/Src/main.o
 .debug_macro   0x000000000000142b       0x22 ./Core/Src/main.o
 .debug_macro   0x000000000000144d       0xd9 ./Core/Src/main.o
 .debug_macro   0x0000000000001526     0x102d ./Core/Src/main.o
 .debug_macro   0x0000000000002553      0x11f ./Core/Src/main.o
 .debug_macro   0x0000000000002672    0x1426d ./Core/Src/main.o
 .debug_macro   0x00000000000168df       0x6d ./Core/Src/main.o
 .debug_macro   0x000000000001694c     0x367e ./Core/Src/main.o
 .debug_macro   0x0000000000019fca      0x174 ./Core/Src/main.o
 .debug_macro   0x000000000001a13e       0x5c ./Core/Src/main.o
 .debug_macro   0x000000000001a19a      0x8a7 ./Core/Src/main.o
 .debug_macro   0x000000000001aa41      0x9fe ./Core/Src/main.o
 .debug_macro   0x000000000001b43f      0x115 ./Core/Src/main.o
 .debug_macro   0x000000000001b554      0x130 ./Core/Src/main.o
 .debug_macro   0x000000000001b684       0xa5 ./Core/Src/main.o
 .debug_macro   0x000000000001b729      0x174 ./Core/Src/main.o
 .debug_macro   0x000000000001b89d      0x287 ./Core/Src/main.o
 .debug_macro   0x000000000001bb24       0x5f ./Core/Src/main.o
 .debug_macro   0x000000000001bb83      0x236 ./Core/Src/main.o
 .debug_macro   0x000000000001bdb9      0x12c ./Core/Src/main.o
 .debug_macro   0x000000000001bee5      0x21e ./Core/Src/main.o
 .debug_macro   0x000000000001c103       0x2e ./Core/Src/main.o
 .debug_macro   0x000000000001c131      0x11a ./Core/Src/main.o
 .debug_macro   0x000000000001c24b       0x7e ./Core/Src/main.o
 .debug_macro   0x000000000001c2c9       0x89 ./Core/Src/main.o
 .debug_macro   0x000000000001c352      0x8e6 ./Core/Src/main.o
 .debug_macro   0x000000000001cc38       0x47 ./Core/Src/main.o
 .debug_macro   0x000000000001cc7f      0x12d ./Core/Src/main.o
 .debug_macro   0x000000000001cdac      0x106 ./Core/Src/main.o
 .debug_macro   0x000000000001ceb2      0x15a ./Core/Src/main.o
 .debug_macro   0x000000000001d00c       0xea ./Core/Src/main.o
 .debug_macro   0x000000000001d0f6       0x1c ./Core/Src/main.o
 .debug_macro   0x000000000001d112       0x26 ./Core/Src/main.o
 .debug_macro   0x000000000001d138      0x4fd ./Core/Src/main.o
 .debug_macro   0x000000000001d635       0xb5 ./Core/Src/main.o
 .debug_macro   0x000000000001d6ea      0x120 ./Core/Src/main.o
 .debug_macro   0x000000000001d80a       0x80 ./Core/Src/main.o
 .debug_macro   0x000000000001d88a       0x7e ./Core/Src/main.o
 .debug_macro   0x000000000001d908      0x1ce ./Core/Src/stm32f4xx_hal_msp.o
 .debug_macro   0x000000000001dad6      0x1c4 ./Core/Src/stm32f4xx_hal_timebase_tim.o
 .debug_macro   0x000000000001dc9a      0x1d8 ./Core/Src/stm32f4xx_it.o
 .debug_macro   0x000000000001de72      0x1c4 ./Core/Src/system_stm32f4xx.o
 .debug_macro   0x000000000001e036      0x224 ./Drivers/STM32F4xx_HAL_Driver/Src/stm32f4xx_hal.o
 .debug_macro   0x000000000001e25a      0x1c4 ./Drivers/STM32F4xx_HAL_Driver/Src/stm32f4xx_hal_cortex.o
 .debug_macro   0x000000000001e41e      0x1e8 ./Drivers/STM32F4xx_HAL_Driver/Src/stm32f4xx_hal_rcc.o
 .debug_macro   0x000000000001e606      0x1c5 ./Drivers/STM32F4xx_HAL_Driver/Src/stm32f4xx_hal_tim.o
 .debug_macro   0x000000000001e7cb      0x1c4 ./Drivers/STM32F4xx_HAL_Driver/Src/stm32f4xx_hal_tim_ex.o
 .debug_macro   0x000000000001e98f      0x193 ./freeRTOS/list.o
 .debug_macro   0x000000000001eb22      0x21c ./freeRTOS/queue.o
 .debug_macro   0x000000000001ed3e       0x16 ./freeRTOS/queue.o
 .debug_macro   0x000000000001ed54       0x20 ./freeRTOS/queue.o
 .debug_macro   0x000000000001ed74      0x279 ./freeRTOS/tasks.o
 .debug_macro   0x000000000001efed       0x10 ./freeRTOS/tasks.o
 .debug_macro   0x000000000001effd      0x1dc ./freeRTOS/timers.o
 .debug_macro   0x000000000001f1d9       0x97 ./freeRTOS/timers.o
 .debug_macro   0x000000000001f270      0x196 ./freeRTOS/portable/GCC/ARM_CM4F/port.o
 .debug_macro   0x000000000001f406      0x1ae ./freeRTOS/portable/MemMang/heap_4.o

.debug_line     0x0000000000000000     0xf159
 .debug_line    0x0000000000000000      0x976 ./Core/Src/main.o
 .debug_line    0x0000000000000976      0x6ab ./Core/Src/stm32f4xx_hal_msp.o
 .debug_line    0x0000000000001021      0x725 ./Core/Src/stm32f4xx_hal_timebase_tim.o
 .debug_line    0x0000000000001746      0x748 ./Core/Src/stm32f4xx_it.o
 .debug_line    0x0000000000001e8e      0x72d ./Core/Src/system_stm32f4xx.o
 .debug_line    0x00000000000025bb       0x88 ./Core/Startup/startup_stm32f405rgtx.o
 .debug_line    0x0000000000002643      0x993 ./Drivers/STM32F4xx_HAL_Driver/Src/stm32f4xx_hal.o
 .debug_line    0x0000000000002fd6      0xc42 ./Drivers/STM32F4xx_HAL_Driver/Src/stm32f4xx_hal_cortex.o
 .debug_line    0x0000000000003c18      0xd0d ./Drivers/STM32F4xx_HAL_Driver/Src/stm32f4xx_hal_rcc.o
 .debug_line    0x0000000000004925     0x3687 ./Drivers/STM32F4xx_HAL_Driver/Src/stm32f4xx_hal_tim.o
 .debug_line    0x0000000000007fac     0x1990 ./Drivers/STM32F4xx_HAL_Driver/Src/stm32f4xx_hal_tim_ex.o
 .debug_line    0x000000000000993c      0x744 ./freeRTOS/list.o
 .debug_line    0x000000000000a080     0x15ed ./freeRTOS/queue.o
 .debug_line    0x000000000000b66d     0x1c92 ./freeRTOS/tasks.o
 .debug_line    0x000000000000d2ff      0xca3 ./freeRTOS/timers.o
 .debug_line    0x000000000000dfa2      0x828 ./freeRTOS/portable/GCC/ARM_CM4F/port.o
 .debug_line    0x000000000000e7ca      0x98f ./freeRTOS/portable/MemMang/heap_4.o

.debug_str      0x0000000000000000    0xc56e9
 .debug_str     0x0000000000000000    0xbcb6c ./Core/Src/main.o
                                      0xbcefb (size before relaxing)
 .debug_str     0x00000000000bcb6c       0x2c ./Core/Src/stm32f4xx_hal_msp.o
                                      0xb6d19 (size before relaxing)
 .debug_str     0x00000000000bcb98      0x5f0 ./Core/Src/stm32f4xx_hal_timebase_tim.o
                                      0xb789f (size before relaxing)
 .debug_str     0x00000000000bd188       0xb9 ./Core/Src/stm32f4xx_it.o
                                      0xb71ca (size before relaxing)
 .debug_str     0x00000000000bd241       0xdb ./Core/Src/system_stm32f4xx.o
                                      0xb6dc9 (size before relaxing)
 .debug_str     0x00000000000bd31c       0x6c ./Core/Startup/startup_stm32f405rgtx.o
 .debug_str     0x00000000000bd388      0x5d3 ./Drivers/STM32F4xx_HAL_Driver/Src/stm32f4xx_hal.o
                                      0xb792c (size before relaxing)
 .debug_str     0x00000000000bd95b      0x33a ./Drivers/STM32F4xx_HAL_Driver/Src/stm32f4xx_hal_cortex.o
                                      0xb765f (size before relaxing)
 .debug_str     0x00000000000bdc95      0x241 ./Drivers/STM32F4xx_HAL_Driver/Src/stm32f4xx_hal_rcc.o
                                      0xb71fd (size before relaxing)
 .debug_str     0x00000000000bded6      0xe69 ./Drivers/STM32F4xx_HAL_Driver/Src/stm32f4xx_hal_tim.o
                                      0xb8143 (size before relaxing)
 .debug_str     0x00000000000bed3f      0x503 ./Drivers/STM32F4xx_HAL_Driver/Src/stm32f4xx_hal_tim_ex.o
                                      0xb795f (size before relaxing)
 .debug_str     0x00000000000bf242     0x2ffd ./freeRTOS/list.o
                                       0xa84a (size before relaxing)
 .debug_str     0x00000000000c223f      0xaac ./freeRTOS/queue.o
                                       0xccd5 (size before relaxing)
 .debug_str     0x00000000000c2ceb     0x1aa1 ./freeRTOS/tasks.o
                                       0xd929 (size before relaxing)
 .debug_str     0x00000000000c478c      0x4fc ./freeRTOS/timers.o
                                       0xd069 (size before relaxing)
 .debug_str     0x00000000000c4c88      0x75c ./freeRTOS/portable/GCC/ARM_CM4F/port.o
                                       0x9336 (size before relaxing)
 .debug_str     0x00000000000c53e4      0x305 ./freeRTOS/portable/MemMang/heap_4.o
                                       0xbd13 (size before relaxing)

.comment        0x0000000000000000       0x50
 .comment       0x0000000000000000       0x50 ./Core/Src/main.o
                                         0x51 (size before relaxing)
 .comment       0x0000000000000050       0x51 ./Core/Src/stm32f4xx_hal_msp.o
 .comment       0x0000000000000050       0x51 ./Core/Src/stm32f4xx_hal_timebase_tim.o
 .comment       0x0000000000000050       0x51 ./Core/Src/stm32f4xx_it.o
 .comment       0x0000000000000050       0x51 ./Core/Src/system_stm32f4xx.o
 .comment       0x0000000000000050       0x51 ./Drivers/STM32F4xx_HAL_Driver/Src/stm32f4xx_hal.o
 .comment       0x0000000000000050       0x51 ./Drivers/STM32F4xx_HAL_Driver/Src/stm32f4xx_hal_cortex.o
 .comment       0x0000000000000050       0x51 ./Drivers/STM32F4xx_HAL_Driver/Src/stm32f4xx_hal_rcc.o
 .comment       0x0000000000000050       0x51 ./Drivers/STM32F4xx_HAL_Driver/Src/stm32f4xx_hal_tim.o
 .comment       0x0000000000000050       0x51 ./Drivers/STM32F4xx_HAL_Driver/Src/stm32f4xx_hal_tim_ex.o
 .comment       0x0000000000000050       0x51 ./freeRTOS/list.o
 .comment       0x0000000000000050       0x51 ./freeRTOS/queue.o
 .comment       0x0000000000000050       0x51 ./freeRTOS/tasks.o
 .comment       0x0000000000000050       0x51 ./freeRTOS/timers.o
 .comment       0x0000000000000050       0x51 ./freeRTOS/portable/GCC/ARM_CM4F/port.o
 .comment       0x0000000000000050       0x51 ./freeRTOS/portable/MemMang/heap_4.o

.debug_frame    0x0000000000000000     0x3a88
 .debug_frame   0x0000000000000000       0xf0 ./Core/Src/main.o
 .debug_frame   0x00000000000000f0       0x38 ./Core/Src/stm32f4xx_hal_msp.o
 .debug_frame   0x0000000000000128       0x74 ./Core/Src/stm32f4xx_hal_timebase_tim.o
 .debug_frame   0x000000000000019c       0xc4 ./Core/Src/stm32f4xx_it.o
 .debug_frame   0x0000000000000260       0x58 ./Core/Src/system_stm32f4xx.o
 .debug_frame   0x00000000000002b8      0x374 ./Drivers/STM32F4xx_HAL_Driver/Src/stm32f4xx_hal.o
 .debug_frame   0x000000000000062c      0x498 ./Drivers/STM32F4xx_HAL_Driver/Src/stm32f4xx_hal_cortex.o
 .debug_frame   0x0000000000000ac4      0x1f4 ./Drivers/STM32F4xx_HAL_Driver/Src/stm32f4xx_hal_rcc.o
 .debug_frame   0x0000000000000cb8     0x11c4 ./Drivers/STM32F4xx_HAL_Driver/Src/stm32f4xx_hal_tim.o
 .debug_frame   0x0000000000001e7c      0x638 ./Drivers/STM32F4xx_HAL_Driver/Src/stm32f4xx_hal_tim_ex.o
 .debug_frame   0x00000000000024b4       0xd8 ./freeRTOS/list.o
 .debug_frame   0x000000000000258c      0x534 ./freeRTOS/queue.o
 .debug_frame   0x0000000000002ac0      0x894 ./freeRTOS/tasks.o
 .debug_frame   0x0000000000003354      0x38c ./freeRTOS/timers.o
 .debug_frame   0x00000000000036e0      0x1a8 ./freeRTOS/portable/GCC/ARM_CM4F/port.o
 .debug_frame   0x0000000000003888      0x12c ./freeRTOS/portable/MemMang/heap_4.o
 .debug_frame   0x00000000000039b4       0x2c c:/st/stm32cubeide_1.11.0/stm32cubeide/plugins/com.st.stm32cube.ide.mcu.externaltools.gnu-tools-for-stm32.10.3-2021.10.win32_1.0.100.202210260954/tools/bin/../lib/gcc/arm-none-eabi/10.3.1/../../../../arm-none-eabi/lib/thumb/v7e-m+fp/hard\libc_nano.a(lib_a-init.o)
 .debug_frame   0x00000000000039e0       0x28 c:/st/stm32cubeide_1.11.0/stm32cubeide/plugins/com.st.stm32cube.ide.mcu.externaltools.gnu-tools-for-stm32.10.3-2021.10.win32_1.0.100.202210260954/tools/bin/../lib/gcc/arm-none-eabi/10.3.1/../../../../arm-none-eabi/lib/thumb/v7e-m+fp/hard\libc_nano.a(lib_a-memcpy-stub.o)
 .debug_frame   0x0000000000003a08       0x20 c:/st/stm32cubeide_1.11.0/stm32cubeide/plugins/com.st.stm32cube.ide.mcu.externaltools.gnu-tools-for-stm32.10.3-2021.10.win32_1.0.100.202210260954/tools/bin/../lib/gcc/arm-none-eabi/10.3.1/../../../../arm-none-eabi/lib/thumb/v7e-m+fp/hard\libc_nano.a(lib_a-memset.o)
 .debug_frame   0x0000000000003a28       0x2c c:/st/stm32cubeide_1.11.0/stm32cubeide/plugins/com.st.stm32cube.ide.mcu.externaltools.gnu-tools-for-stm32.10.3-2021.10.win32_1.0.100.202210260954/tools/bin/../lib/gcc/arm-none-eabi/10.3.1/thumb/v7e-m+fp/hard\libgcc.a(_aeabi_uldivmod.o)
 .debug_frame   0x0000000000003a54       0x34 c:/st/stm32cubeide_1.11.0/stm32cubeide/plugins/com.st.stm32cube.ide.mcu.externaltools.gnu-tools-for-stm32.10.3-2021.10.win32_1.0.100.202210260954/tools/bin/../lib/gcc/arm-none-eabi/10.3.1/thumb/v7e-m+fp/hard\libgcc.a(_udivmoddi4.o)
