Archive member included to satisfy reference by file (symbol)

c:/st/stm32cubeide_1.11.0/stm32cubeide/plugins/com.st.stm32cube.ide.mcu.externaltools.gnu-tools-for-stm32.10.3-2021.10.win32_1.0.100.202210260954/tools/bin/../lib/gcc/arm-none-eabi/10.3.1/../../../../arm-none-eabi/lib/thumb/v7e-m+fp/hard\libc_nano.a(lib_a-errno.o)
                              ./Core/Src/syscalls.o (__errno)
c:/st/stm32cubeide_1.11.0/stm32cubeide/plugins/com.st.stm32cube.ide.mcu.externaltools.gnu-tools-for-stm32.10.3-2021.10.win32_1.0.100.202210260954/tools/bin/../lib/gcc/arm-none-eabi/10.3.1/../../../../arm-none-eabi/lib/thumb/v7e-m+fp/hard\libc_nano.a(lib_a-exit.o)
                              c:/st/stm32cubeide_1.11.0/stm32cubeide/plugins/com.st.stm32cube.ide.mcu.externaltools.gnu-tools-for-stm32.10.3-2021.10.win32_1.0.100.202210260954/tools/bin/../lib/gcc/arm-none-eabi/10.3.1/../../../../arm-none-eabi/lib/thumb/v7e-m+fp/hard/crt0.o (exit)
c:/st/stm32cubeide_1.11.0/stm32cubeide/plugins/com.st.stm32cube.ide.mcu.externaltools.gnu-tools-for-stm32.10.3-2021.10.win32_1.0.100.202210260954/tools/bin/../lib/gcc/arm-none-eabi/10.3.1/../../../../arm-none-eabi/lib/thumb/v7e-m+fp/hard\libc_nano.a(lib_a-impure.o)
                              c:/st/stm32cubeide_1.11.0/stm32cubeide/plugins/com.st.stm32cube.ide.mcu.externaltools.gnu-tools-for-stm32.10.3-2021.10.win32_1.0.100.202210260954/tools/bin/../lib/gcc/arm-none-eabi/10.3.1/../../../../arm-none-eabi/lib/thumb/v7e-m+fp/hard\libc_nano.a(lib_a-exit.o) (_global_impure_ptr)
c:/st/stm32cubeide_1.11.0/stm32cubeide/plugins/com.st.stm32cube.ide.mcu.externaltools.gnu-tools-for-stm32.10.3-2021.10.win32_1.0.100.202210260954/tools/bin/../lib/gcc/arm-none-eabi/10.3.1/../../../../arm-none-eabi/lib/thumb/v7e-m+fp/hard\libc_nano.a(lib_a-init.o)
                              c:/st/stm32cubeide_1.11.0/stm32cubeide/plugins/com.st.stm32cube.ide.mcu.externaltools.gnu-tools-for-stm32.10.3-2021.10.win32_1.0.100.202210260954/tools/bin/../lib/gcc/arm-none-eabi/10.3.1/../../../../arm-none-eabi/lib/thumb/v7e-m+fp/hard/crt0.o (__libc_init_array)
c:/st/stm32cubeide_1.11.0/stm32cubeide/plugins/com.st.stm32cube.ide.mcu.externaltools.gnu-tools-for-stm32.10.3-2021.10.win32_1.0.100.202210260954/tools/bin/../lib/gcc/arm-none-eabi/10.3.1/../../../../arm-none-eabi/lib/thumb/v7e-m+fp/hard\libc_nano.a(lib_a-memcpy-stub.o)
                              ./thirdparty/freeRTOS/queue.o (memcpy)
c:/st/stm32cubeide_1.11.0/stm32cubeide/plugins/com.st.stm32cube.ide.mcu.externaltools.gnu-tools-for-stm32.10.3-2021.10.win32_1.0.100.202210260954/tools/bin/../lib/gcc/arm-none-eabi/10.3.1/../../../../arm-none-eabi/lib/thumb/v7e-m+fp/hard\libc_nano.a(lib_a-memset.o)
                              c:/st/stm32cubeide_1.11.0/stm32cubeide/plugins/com.st.stm32cube.ide.mcu.externaltools.gnu-tools-for-stm32.10.3-2021.10.win32_1.0.100.202210260954/tools/bin/../lib/gcc/arm-none-eabi/10.3.1/../../../../arm-none-eabi/lib/thumb/v7e-m+fp/hard/crt0.o (memset)
c:/st/stm32cubeide_1.11.0/stm32cubeide/plugins/com.st.stm32cube.ide.mcu.externaltools.gnu-tools-for-stm32.10.3-2021.10.win32_1.0.100.202210260954/tools/bin/../lib/gcc/arm-none-eabi/10.3.1/thumb/v7e-m+fp/hard\libgcc.a(_aeabi_uldivmod.o)
                              ./Drivers/STM32F4xx_HAL_Driver/Src/stm32f4xx_hal_rcc.o (__aeabi_uldivmod)
c:/st/stm32cubeide_1.11.0/stm32cubeide/plugins/com.st.stm32cube.ide.mcu.externaltools.gnu-tools-for-stm32.10.3-2021.10.win32_1.0.100.202210260954/tools/bin/../lib/gcc/arm-none-eabi/10.3.1/thumb/v7e-m+fp/hard\libgcc.a(_udivmoddi4.o)
                              c:/st/stm32cubeide_1.11.0/stm32cubeide/plugins/com.st.stm32cube.ide.mcu.externaltools.gnu-tools-for-stm32.10.3-2021.10.win32_1.0.100.202210260954/tools/bin/../lib/gcc/arm-none-eabi/10.3.1/thumb/v7e-m+fp/hard\libgcc.a(_aeabi_uldivmod.o) (__udivmoddi4)
c:/st/stm32cubeide_1.11.0/stm32cubeide/plugins/com.st.stm32cube.ide.mcu.externaltools.gnu-tools-for-stm32.10.3-2021.10.win32_1.0.100.202210260954/tools/bin/../lib/gcc/arm-none-eabi/10.3.1/thumb/v7e-m+fp/hard\libgcc.a(_dvmd_tls.o)
                              c:/st/stm32cubeide_1.11.0/stm32cubeide/plugins/com.st.stm32cube.ide.mcu.externaltools.gnu-tools-for-stm32.10.3-2021.10.win32_1.0.100.202210260954/tools/bin/../lib/gcc/arm-none-eabi/10.3.1/thumb/v7e-m+fp/hard\libgcc.a(_aeabi_uldivmod.o) (__aeabi_ldiv0)

Discarded input sections

 .text          0x0000000000000000        0x0 c:/st/stm32cubeide_1.11.0/stm32cubeide/plugins/com.st.stm32cube.ide.mcu.externaltools.gnu-tools-for-stm32.10.3-2021.10.win32_1.0.100.202210260954/tools/bin/../lib/gcc/arm-none-eabi/10.3.1/thumb/v7e-m+fp/hard/crti.o
 .data          0x0000000000000000        0x0 c:/st/stm32cubeide_1.11.0/stm32cubeide/plugins/com.st.stm32cube.ide.mcu.externaltools.gnu-tools-for-stm32.10.3-2021.10.win32_1.0.100.202210260954/tools/bin/../lib/gcc/arm-none-eabi/10.3.1/thumb/v7e-m+fp/hard/crti.o
[...]
Memory Configuration

Name             Origin             Length             Attributes
CCMRAM           0x0000000010000000 0x0000000000010000 xrw
RAM              0x0000000020000000 0x0000000000020000 xrw
FLASH            0x0000000008000000 0x0000000000100000 xr
*default*        0x0000000000000000 0xffffffffffffffff

Linker script and memory map

LOAD c:/st/stm32cubeide_1.11.0/stm32cubeide/plugins/com.st.stm32cube.ide.mcu.externaltools.gnu-tools-for-stm32.10.3-2021.10.win32_1.0.100.202210260954/tools/bin/../lib/gcc/arm-none-eabi/10.3.1/thumb/v7e-m+fp/hard/crti.o
LOAD c:/st/stm32cubeide_1.11.0/stm32cubeide/plugins/com.st.stm32cube.ide.mcu.externaltools.gnu-tools-for-stm32.10.3-2021.10.win32_1.0.100.202210260954/tools/bin/../lib/gcc/arm-none-eabi/10.3.1/thumb/v7e-m+fp/hard/crtbegin.o
LOAD c:/st/stm32cubeide_1.11.0/stm32cubeide/plugins/com.st.stm32cube.ide.mcu.externaltools.gnu-tools-for-stm32.10.3-2021.10.win32_1.0.100.202210260954/tools/bin/../lib/gcc/arm-none-eabi/10.3.1/../../../../arm-none-eabi/lib/thumb/v7e-m+fp/hard/crt0.o
LOAD ./Core/Src/main.o
LOAD ./Core/Src/stm32f4xx_hal_msp.o
LOAD ./Core/Src/stm32f4xx_hal_timebase_tim.o
LOAD ./Core/Src/stm32f4xx_it.o
LOAD ./Core/Src/syscalls.o
LOAD ./Core/Src/system_stm32f4xx.o
LOAD ./Core/Startup/startup_stm32f405rgtx.o
LOAD ./Drivers/STM32F4xx_HAL_Driver/Src/stm32f4xx_hal.o
LOAD ./Drivers/STM32F4xx_HAL_Driver/Src/stm32f4xx_hal_cortex.o
LOAD ./Drivers/STM32F4xx_HAL_Driver/Src/stm32f4xx_hal_dma.o
LOAD ./Drivers/STM32F4xx_HAL_Driver/Src/stm32f4xx_hal_dma_ex.o
LOAD ./Drivers/STM32F4xx_HAL_Driver/Src/stm32f4xx_hal_exti.o
LOAD ./Drivers/STM32F4xx_HAL_Driver/Src/stm32f4xx_hal_flash.o
LOAD ./Drivers/STM32F4xx_HAL_Driver/Src/stm32f4xx_hal_flash_ex.o
LOAD ./Drivers/STM32F4xx_HAL_Driver/Src/stm32f4xx_hal_flash_ramfunc.o
LOAD ./Drivers/STM32F4xx_HAL_Driver/Src/stm32f4xx_hal_gpio.o
LOAD ./Drivers/STM32F4xx_HAL_Driver/Src/stm32f4xx_hal_pwr.o
LOAD ./Drivers/STM32F4xx_HAL_Driver/Src/stm32f4xx_hal_pwr_ex.o
LOAD ./Drivers/STM32F4xx_HAL_Driver/Src/stm32f4xx_hal_rcc.o
LOAD ./Drivers/STM32F4xx_HAL_Driver/Src/stm32f4xx_hal_rcc_ex.o
LOAD ./Drivers/STM32F4xx_HAL_Driver/Src/stm32f4xx_hal_tim.o
LOAD ./Drivers/STM32F4xx_HAL_Driver/Src/stm32f4xx_hal_tim_ex.o
LOAD ./thirdparty/freeRTOS/croutine.o
LOAD ./thirdparty/freeRTOS/event_groups.o
LOAD ./thirdparty/freeRTOS/list.o
LOAD ./thirdparty/freeRTOS/queue.o
LOAD ./thirdparty/freeRTOS/stream_buffer.o
LOAD ./thirdparty/freeRTOS/tasks.o
LOAD ./thirdparty/freeRTOS/timers.o
LOAD ./thirdparty/freeRTOS/portable/GCC/ARM_CM4F/port.o
LOAD ./thirdparty/freeRTOS/portable/MemMang/heap_4.o
START GROUP
LOAD c:/st/stm32cubeide_1.11.0/stm32cubeide/plugins/com.st.stm32cube.ide.mcu.externaltools.gnu-tools-for-stm32.10.3-2021.10.win32_1.0.100.202210260954/tools/bin/../lib/gcc/arm-none-eabi/10.3.1/../../../../arm-none-eabi/lib/thumb/v7e-m+fp/hard\libc_nano.a
LOAD c:/st/stm32cubeide_1.11.0/stm32cubeide/plugins/com.st.stm32cube.ide.mcu.externaltools.gnu-tools-for-stm32.10.3-2021.10.win32_1.0.100.202210260954/tools/bin/../lib/gcc/arm-none-eabi/10.3.1/../../../../arm-none-eabi/lib/thumb/v7e-m+fp/hard\libm.a
END GROUP
START GROUP
LOAD c:/st/stm32cubeide_1.11.0/stm32cubeide/plugins/com.st.stm32cube.ide.mcu.externaltools.gnu-tools-for-stm32.10.3-2021.10.win32_1.0.100.202210260954/tools/bin/../lib/gcc/arm-none-eabi/10.3.1/thumb/v7e-m+fp/hard\libgcc.a
LOAD c:/st/stm32cubeide_1.11.0/stm32cubeide/plugins/com.st.stm32cube.ide.mcu.externaltools.gnu-tools-for-stm32.10.3-2021.10.win32_1.0.100.202210260954/tools/bin/../lib/gcc/arm-none-eabi/10.3.1/../../../../arm-none-eabi/lib/thumb/v7e-m+fp/hard\libc_nano.a
END GROUP
START GROUP
LOAD c:/st/stm32cubeide_1.11.0/stm32cubeide/plugins/com.st.stm32cube.ide.mcu.externaltools.gnu-tools-for-stm32.10.3-2021.10.win32_1.0.100.202210260954/tools/bin/../lib/gcc/arm-none-eabi/10.3.1/thumb/v7e-m+fp/hard\libgcc.a
LOAD c:/st/stm32cubeide_1.11.0/stm32cubeide/plugins/com.st.stm32cube.ide.mcu.externaltools.gnu-tools-for-stm32.10.3-2021.10.win32_1.0.100.202210260954/tools/bin/../lib/gcc/arm-none-eabi/10.3.1/../../../../arm-none-eabi/lib/thumb/v7e-m+fp/hard\libc_nano.a
LOAD c:/st/stm32cubeide_1.11.0/stm32cubeide/plugins/com.st.stm32cube.ide.mcu.externaltools.gnu-tools-for-stm32.10.3-2021.10.win32_1.0.100.202210260954/tools/bin/../lib/gcc/arm-none-eabi/10.3.1/../../../../arm-none-eabi/lib/thumb/v7e-m+fp/hard\libnosys.a
END GROUP
START GROUP
LOAD c:/st/stm32cubeide_1.11.0/stm32cubeide/plugins/com.st.stm32cube.ide.mcu.externaltools.gnu-tools-for-stm32.10.3-2021.10.win32_1.0.100.202210260954/tools/bin/../lib/gcc/arm-none-eabi/10.3.1/thumb/v7e-m+fp/hard\libgcc.a
LOAD c:/st/stm32cubeide_1.11.0/stm32cubeide/plugins/com.st.stm32cube.ide.mcu.externaltools.gnu-tools-for-stm32.10.3-2021.10.win32_1.0.100.202210260954/tools/bin/../lib/gcc/arm-none-eabi/10.3.1/../../../../arm-none-eabi/lib/thumb/v7e-m+fp/hard\libc_nano.a
LOAD c:/st/stm32cubeide_1.11.0/stm32cubeide/plugins/com.st.stm32cube.ide.mcu.externaltools.gnu-tools-for-stm32.10.3-2021.10.win32_1.0.100.202210260954/tools/bin/../lib/gcc/arm-none-eabi/10.3.1/../../../../arm-none-eabi/lib/thumb/v7e-m+fp/hard\libnosys.a
END GROUP
LOAD c:/st/stm32cubeide_1.11.0/stm32cubeide/plugins/com.st.stm32cube.ide.mcu.externaltools.gnu-tools-for-stm32.10.3-2021.10.win32_1.0.100.202210260954/tools/bin/../lib/gcc/arm-none-eabi/10.3.1/thumb/v7e-m+fp/hard/crtend.o
LOAD c:/st/stm32cubeide_1.11.0/stm32cubeide/plugins/com.st.stm32cube.ide.mcu.externaltools.gnu-tools-for-stm32.10.3-2021.10.win32_1.0.100.202210260954/tools/bin/../lib/gcc/arm-none-eabi/10.3.1/thumb/v7e-m+fp/hard/crtn.o
                0x0000000020020000                _estack = (ORIGIN (RAM) + LENGTH (RAM))
                0x0000000000000200                _Min_Heap_Size = 0x200
                0x0000000000000400                _Min_Stack_Size = 0x400

.isr_vector     0x0000000008000000      0x188
                0x0000000008000000                . = ALIGN (0x4)
 *(.isr_vector)
 .isr_vector    0x0000000008000000      0x188 ./Core/Startup/startup_stm32f405rgtx.o
                0x0000000008000000                g_pfnVectors
                0x0000000008000188                . = ALIGN (0x4)

.text           0x0000000008000190     0x3f44
                0x0000000008000190                . = ALIGN (0x4)
 *(.text)
 .text          0x0000000008000190       0x40 c:/st/stm32cubeide_1.11.0/stm32cubeide/plugins/com.st.stm32cube.ide.mcu.externaltools.gnu-tools-for-stm32.10.3-2021.10.win32_1.0.100.202210260954/tools/bin/../lib/gcc/arm-none-eabi/10.3.1/thumb/v7e-m+fp/hard/crtbegin.o
 .text          0x00000000080001d0       0x30 c:/st/stm32cubeide_1.11.0/stm32cubeide/plugins/com.st.stm32cube.ide.mcu.externaltools.gnu-tools-for-stm32.10.3-2021.10.win32_1.0.100.202210260954/tools/bin/../lib/gcc/arm-none-eabi/10.3.1/thumb/v7e-m+fp/hard\libgcc.a(_aeabi_uldivmod.o)
                0x00000000080001d0                __aeabi_uldivmod
 .text          0x0000000008000200      0x2d0 c:/st/stm32cubeide_1.11.0/stm32cubeide/plugins/com.st.stm32cube.ide.mcu.externaltools.gnu-tools-for-stm32.10.3-2021.10.win32_1.0.100.202210260954/tools/bin/../lib/gcc/arm-none-eabi/10.3.1/thumb/v7e-m+fp/hard\libgcc.a(_udivmoddi4.o)
                0x0000000008000200                __udivmoddi4
 .text          0x00000000080004d0        0x4 c:/st/stm32cubeide_1.11.0/stm32cubeide/plugins/com.st.stm32cube.ide.mcu.externaltools.gnu-tools-for-stm32.10.3-2021.10.win32_1.0.100.202210260954/tools/bin/../lib/gcc/arm-none-eabi/10.3.1/thumb/v7e-m+fp/hard\libgcc.a(_dvmd_tls.o)
                0x00000000080004d0                __aeabi_idiv0
                0x00000000080004d0                __aeabi_ldiv0
 *(.text*)
 .text.task1    0x00000000080004d4       0x34 ./Core/Src/main.o
                0x00000000080004d4                task1
 .text.task2    0x0000000008000508       0x34 ./Core/Src/main.o
                0x0000000008000508                task2
 .text.task3    0x000000000800053c       0x34 ./Core/Src/main.o
                0x000000000800053c                task3
 .text.ledconfig
                0x0000000008000570       0x3c ./Core/Src/main.o
                0x0000000008000570                ledconfig
 .text.main     0x00000000080005ac       0x7c ./Core/Src/main.o
                0x00000000080005ac                main
 .text.SystemClock_Config
                0x0000000008000628       0xbc ./Core/Src/main.o
                0x0000000008000628                SystemClock_Config
 .text.HAL_TIM_PeriodElapsedCallback
                0x00000000080006e4       0x24 ./Core/Src/main.o
                0x00000000080006e4                HAL_TIM_PeriodElapsedCallback
 .text.Error_Handler
                0x0000000008000708        0xa ./Core/Src/main.o
                0x0000000008000708                Error_Handler
 *fill*         0x0000000008000712        0x2 
 .text.HAL_MspInit
                0x0000000008000714       0x50 ./Core/Src/stm32f4xx_hal_msp.o
                0x0000000008000714                HAL_MspInit
 .text.HAL_InitTick
                0x0000000008000764       0xb0 ./Core/Src/stm32f4xx_hal_timebase_tim.o
                0x0000000008000764                HAL_InitTick
 .text.NMI_Handler
                0x0000000008000814        0x6 ./Core/Src/stm32f4xx_it.o
                0x0000000008000814                NMI_Handler
 .text.HardFault_Handler
                0x000000000800081a        0x6 ./Core/Src/stm32f4xx_it.o
                0x000000000800081a                HardFault_Handler
 .text.MemManage_Handler
                0x0000000008000820        0x6 ./Core/Src/stm32f4xx_it.o
                0x0000000008000820                MemManage_Handler
 .text.BusFault_Handler
                0x0000000008000826        0x6 ./Core/Src/stm32f4xx_it.o
                0x0000000008000826                BusFault_Handler
 .text.UsageFault_Handler
                0x000000000800082c        0x6 ./Core/Src/stm32f4xx_it.o
                0x000000000800082c                UsageFault_Handler
 .text.DebugMon_Handler
                0x0000000008000832        0xe ./Core/Src/stm32f4xx_it.o
                0x0000000008000832                DebugMon_Handler
 .text.TIM6_DAC_IRQHandler
                0x0000000008000840       0x14 ./Core/Src/stm32f4xx_it.o
                0x0000000008000840                TIM6_DAC_IRQHandler
 .text.SystemInit
                0x0000000008000854       0x24 ./Core/Src/system_stm32f4xx.o
                0x0000000008000854                SystemInit
 .text.Reset_Handler
                0x0000000008000878       0x50 ./Core/Startup/startup_stm32f405rgtx.o
                0x0000000008000878                Reset_Handler
 .text.Default_Handler
                0x00000000080008c8        0x2 ./Core/Startup/startup_stm32f405rgtx.o
                0x00000000080008c8                RTC_Alarm_IRQHandler
                0x00000000080008c8                HASH_RNG_IRQHandler
                0x00000000080008c8                EXTI2_IRQHandler
                0x00000000080008c8                TIM8_CC_IRQHandler
                0x00000000080008c8                TIM1_CC_IRQHandler
                0x00000000080008c8                DMA2_Stream5_IRQHandler
                0x00000000080008c8                DMA1_Stream5_IRQHandler
                0x00000000080008c8                PVD_IRQHandler
                0x00000000080008c8                SDIO_IRQHandler
                0x00000000080008c8                TAMP_STAMP_IRQHandler
                0x00000000080008c8                CAN2_RX1_IRQHandler
                0x00000000080008c8                EXTI3_IRQHandler
                0x00000000080008c8                TIM8_TRG_COM_TIM14_IRQHandler
                0x00000000080008c8                TIM1_UP_TIM10_IRQHandler
                0x00000000080008c8                TIM8_UP_TIM13_IRQHandler
                0x00000000080008c8                I2C3_ER_IRQHandler
                0x00000000080008c8                EXTI0_IRQHandler
                0x00000000080008c8                I2C2_EV_IRQHandler
                0x00000000080008c8                DMA1_Stream2_IRQHandler
                0x00000000080008c8                CAN1_RX0_IRQHandler
                0x00000000080008c8                FPU_IRQHandler
                0x00000000080008c8                OTG_HS_WKUP_IRQHandler
                0x00000000080008c8                CAN2_SCE_IRQHandler
                0x00000000080008c8                DMA2_Stream2_IRQHandler
                0x00000000080008c8                SPI1_IRQHandler
                0x00000000080008c8                TIM1_BRK_TIM9_IRQHandler
                0x00000000080008c8                CAN2_RX0_IRQHandler
                0x00000000080008c8                DMA2_Stream3_IRQHandler
                0x00000000080008c8                USART6_IRQHandler
                0x00000000080008c8                USART3_IRQHandler
                0x00000000080008c8                CAN1_RX1_IRQHandler
                0x00000000080008c8                UART5_IRQHandler
                0x00000000080008c8                DMA2_Stream0_IRQHandler
                0x00000000080008c8                TIM4_IRQHandler
                0x00000000080008c8                I2C1_EV_IRQHandler
                0x00000000080008c8                DMA1_Stream6_IRQHandler
                0x00000000080008c8                DMA1_Stream1_IRQHandler
                0x00000000080008c8                UART4_IRQHandler
                0x00000000080008c8                TIM3_IRQHandler
                0x00000000080008c8                RCC_IRQHandler
                0x00000000080008c8                TIM8_BRK_TIM12_IRQHandler
                0x00000000080008c8                Default_Handler
                0x00000000080008c8                EXTI15_10_IRQHandler
                0x00000000080008c8                ADC_IRQHandler
                0x00000000080008c8                DMA1_Stream7_IRQHandler
                0x00000000080008c8                TIM7_IRQHandler
                0x00000000080008c8                CAN2_TX_IRQHandler
                0x00000000080008c8                TIM5_IRQHandler
                0x00000000080008c8                DMA2_Stream7_IRQHandler
                0x00000000080008c8                I2C3_EV_IRQHandler
                0x00000000080008c8                EXTI9_5_IRQHandler
                0x00000000080008c8                RTC_WKUP_IRQHandler
                0x00000000080008c8                SPI2_IRQHandler
                0x00000000080008c8                OTG_HS_EP1_IN_IRQHandler
                0x00000000080008c8                DMA1_Stream0_IRQHandler
                0x00000000080008c8                CAN1_TX_IRQHandler
                0x00000000080008c8                EXTI4_IRQHandler
                0x00000000080008c8                FSMC_IRQHandler
                0x00000000080008c8                OTG_HS_EP1_OUT_IRQHandler
                0x00000000080008c8                WWDG_IRQHandler
                0x00000000080008c8                TIM2_IRQHandler
                0x00000000080008c8                OTG_FS_WKUP_IRQHandler
                0x00000000080008c8                TIM1_TRG_COM_TIM11_IRQHandler
                0x00000000080008c8                OTG_HS_IRQHandler
                0x00000000080008c8                EXTI1_IRQHandler
                0x00000000080008c8                USART2_IRQHandler
                0x00000000080008c8                I2C2_ER_IRQHandler
                0x00000000080008c8                DMA2_Stream1_IRQHandler
                0x00000000080008c8                CAN1_SCE_IRQHandler
                0x00000000080008c8                FLASH_IRQHandler
                0x00000000080008c8                DMA2_Stream4_IRQHandler
                0x00000000080008c8                USART1_IRQHandler
                0x00000000080008c8                OTG_FS_IRQHandler
                0x00000000080008c8                SPI3_IRQHandler
                0x00000000080008c8                DMA1_Stream4_IRQHandler
                0x00000000080008c8                I2C1_ER_IRQHandler
                0x00000000080008c8                DMA2_Stream6_IRQHandler
                0x00000000080008c8                DMA1_Stream3_IRQHandler
 *fill*         0x00000000080008ca        0x2 
 .text.HAL_Init
                0x00000000080008cc       0x44 ./Drivers/STM32F4xx_HAL_Driver/Src/stm32f4xx_hal.o
                0x00000000080008cc                HAL_Init
 .text.HAL_IncTick
                0x0000000008000910       0x28 ./Drivers/STM32F4xx_HAL_Driver/Src/stm32f4xx_hal.o
                0x0000000008000910                HAL_IncTick
 .text.HAL_GetTick
                0x0000000008000938       0x18 ./Drivers/STM32F4xx_HAL_Driver/Src/stm32f4xx_hal.o
                0x0000000008000938                HAL_GetTick
 .text.__NVIC_SetPriorityGrouping
                0x0000000008000950       0x48 ./Drivers/STM32F4xx_HAL_Driver/Src/stm32f4xx_hal_cortex.o
 .text.__NVIC_GetPriorityGrouping
                0x0000000008000998       0x1c ./Drivers/STM32F4xx_HAL_Driver/Src/stm32f4xx_hal_cortex.o
 .text.__NVIC_EnableIRQ
                0x00000000080009b4       0x3c ./Drivers/STM32F4xx_HAL_Driver/Src/stm32f4xx_hal_cortex.o
 .text.__NVIC_SetPriority
                0x00000000080009f0       0x54 ./Drivers/STM32F4xx_HAL_Driver/Src/stm32f4xx_hal_cortex.o
 .text.NVIC_EncodePriority
                0x0000000008000a44       0x66 ./Drivers/STM32F4xx_HAL_Driver/Src/stm32f4xx_hal_cortex.o
 .text.HAL_NVIC_SetPriorityGrouping
                0x0000000008000aaa       0x16 ./Drivers/STM32F4xx_HAL_Driver/Src/stm32f4xx_hal_cortex.o
                0x0000000008000aaa                HAL_NVIC_SetPriorityGrouping
 .text.HAL_NVIC_SetPriority
                0x0000000008000ac0       0x38 ./Drivers/STM32F4xx_HAL_Driver/Src/stm32f4xx_hal_cortex.o
                0x0000000008000ac0                HAL_NVIC_SetPriority
 .text.HAL_NVIC_EnableIRQ
                0x0000000008000af8       0x1c ./Drivers/STM32F4xx_HAL_Driver/Src/stm32f4xx_hal_cortex.o
                0x0000000008000af8                HAL_NVIC_EnableIRQ
 .text.HAL_RCC_OscConfig
                0x0000000008000b14      0x4f0 ./Drivers/STM32F4xx_HAL_Driver/Src/stm32f4xx_hal_rcc.o
                0x0000000008000b14                HAL_RCC_OscConfig
 .text.HAL_RCC_ClockConfig
                0x0000000008001004      0x1cc ./Drivers/STM32F4xx_HAL_Driver/Src/stm32f4xx_hal_rcc.o
                0x0000000008001004                HAL_RCC_ClockConfig
 .text.HAL_RCC_GetSysClockFreq
                0x00000000080011d0      0x18c ./Drivers/STM32F4xx_HAL_Driver/Src/stm32f4xx_hal_rcc.o
                0x00000000080011d0                HAL_RCC_GetSysClockFreq
 .text.HAL_RCC_GetHCLKFreq
                0x000000000800135c       0x18 ./Drivers/STM32F4xx_HAL_Driver/Src/stm32f4xx_hal_rcc.o
                0x000000000800135c                HAL_RCC_GetHCLKFreq
 .text.HAL_RCC_GetPCLK1Freq
                0x0000000008001374       0x28 ./Drivers/STM32F4xx_HAL_Driver/Src/stm32f4xx_hal_rcc.o
                0x0000000008001374                HAL_RCC_GetPCLK1Freq
 .text.HAL_RCC_GetClockConfig
                0x000000000800139c       0x64 ./Drivers/STM32F4xx_HAL_Driver/Src/stm32f4xx_hal_rcc.o
                0x000000000800139c                HAL_RCC_GetClockConfig
 .text.HAL_TIM_Base_Init
                0x0000000008001400       0x9e ./Drivers/STM32F4xx_HAL_Driver/Src/stm32f4xx_hal_tim.o
                0x0000000008001400                HAL_TIM_Base_Init
 .text.HAL_TIM_Base_MspInit
                0x000000000800149e       0x14 ./Drivers/STM32F4xx_HAL_Driver/Src/stm32f4xx_hal_tim.o
                0x000000000800149e                HAL_TIM_Base_MspInit
 *fill*         0x00000000080014b2        0x2 
 .text.HAL_TIM_Base_Start_IT
                0x00000000080014b4       0xe0 ./Drivers/STM32F4xx_HAL_Driver/Src/stm32f4xx_hal_tim.o
                0x00000000080014b4                HAL_TIM_Base_Start_IT
 .text.HAL_TIM_IRQHandler
                0x0000000008001594      0x210 ./Drivers/STM32F4xx_HAL_Driver/Src/stm32f4xx_hal_tim.o
                0x0000000008001594                HAL_TIM_IRQHandler
 .text.HAL_TIM_OC_DelayElapsedCallback
                0x00000000080017a4       0x14 ./Drivers/STM32F4xx_HAL_Driver/Src/stm32f4xx_hal_tim.o
                0x00000000080017a4                HAL_TIM_OC_DelayElapsedCallback
 .text.HAL_TIM_IC_CaptureCallback
                0x00000000080017b8       0x14 ./Drivers/STM32F4xx_HAL_Driver/Src/stm32f4xx_hal_tim.o
                0x00000000080017b8                HAL_TIM_IC_CaptureCallback
 .text.HAL_TIM_PWM_PulseFinishedCallback
                0x00000000080017cc       0x14 ./Drivers/STM32F4xx_HAL_Driver/Src/stm32f4xx_hal_tim.o
                0x00000000080017cc                HAL_TIM_PWM_PulseFinishedCallback
 .text.HAL_TIM_TriggerCallback
                0x00000000080017e0       0x14 ./Drivers/STM32F4xx_HAL_Driver/Src/stm32f4xx_hal_tim.o
                0x00000000080017e0                HAL_TIM_TriggerCallback
 .text.TIM_Base_SetConfig
                0x00000000080017f4      0x140 ./Drivers/STM32F4xx_HAL_Driver/Src/stm32f4xx_hal_tim.o
                0x00000000080017f4                TIM_Base_SetConfig
 .text.HAL_TIMEx_CommutCallback
                0x0000000008001934       0x14 ./Drivers/STM32F4xx_HAL_Driver/Src/stm32f4xx_hal_tim_ex.o
                0x0000000008001934                HAL_TIMEx_CommutCallback
 .text.HAL_TIMEx_BreakCallback
                0x0000000008001948       0x14 ./Drivers/STM32F4xx_HAL_Driver/Src/stm32f4xx_hal_tim_ex.o
                0x0000000008001948                HAL_TIMEx_BreakCallback
 .text.vListInitialise
                0x000000000800195c       0x40 ./thirdparty/freeRTOS/list.o
                0x000000000800195c                vListInitialise
 .text.vListInitialiseItem
                0x000000000800199c       0x1a ./thirdparty/freeRTOS/list.o
                0x000000000800199c                vListInitialiseItem
 .text.vListInsertEnd
                0x00000000080019b6       0x48 ./thirdparty/freeRTOS/list.o
                0x00000000080019b6                vListInsertEnd
 .text.vListInsert
                0x00000000080019fe       0x72 ./thirdparty/freeRTOS/list.o
                0x00000000080019fe                vListInsert
 .text.uxListRemove
                0x0000000008001a70       0x54 ./thirdparty/freeRTOS/list.o
                0x0000000008001a70                uxListRemove
 .text.xQueueGenericReset
                0x0000000008001ac4       0xd0 ./thirdparty/freeRTOS/queue.o
                0x0000000008001ac4                xQueueGenericReset
 .text.xQueueGenericCreate
                0x0000000008001b94       0xbe ./thirdparty/freeRTOS/queue.o
                0x0000000008001b94                xQueueGenericCreate
 .text.prvInitialiseNewQueue
                0x0000000008001c52       0x46 ./thirdparty/freeRTOS/queue.o
 .text.xQueueGenericSend
                0x0000000008001c98      0x1fc ./thirdparty/freeRTOS/queue.o
                0x0000000008001c98                xQueueGenericSend
 .text.xQueueGenericSendFromISR
                0x0000000008001e94      0x154 ./thirdparty/freeRTOS/queue.o
                0x0000000008001e94                xQueueGenericSendFromISR
 .text.xQueueReceive
                0x0000000008001fe8      0x1c0 ./thirdparty/freeRTOS/queue.o
                0x0000000008001fe8                xQueueReceive
 .text.prvCopyDataToQueue
                0x00000000080021a8       0xd4 ./thirdparty/freeRTOS/queue.o
 .text.prvCopyDataFromQueue
                0x000000000800227c       0x4c ./thirdparty/freeRTOS/queue.o
 .text.prvUnlockQueue
                0x00000000080022c8       0xa4 ./thirdparty/freeRTOS/queue.o
 .text.prvIsQueueEmpty
                0x000000000800236c       0x2c ./thirdparty/freeRTOS/queue.o
 .text.prvIsQueueFull
                0x0000000008002398       0x30 ./thirdparty/freeRTOS/queue.o
 .text.vQueueAddToRegistry
                0x00000000080023c8       0x54 ./thirdparty/freeRTOS/queue.o
                0x00000000080023c8                vQueueAddToRegistry
 .text.vQueueWaitForMessageRestricted
                0x000000000800241c       0x68 ./thirdparty/freeRTOS/queue.o
                0x000000000800241c                vQueueWaitForMessageRestricted
 .text.xTaskCreate
                0x0000000008002484       0x82 ./thirdparty/freeRTOS/tasks.o
                0x0000000008002484                xTaskCreate
 .text.prvInitialiseNewTask
                0x0000000008002506      0x12c ./thirdparty/freeRTOS/tasks.o
 *fill*         0x0000000008002632        0x2 
 .text.prvAddNewTaskToReadyList
                0x0000000008002634       0xdc ./thirdparty/freeRTOS/tasks.o
 .text.vTaskDelay
                0x0000000008002710       0x68 ./thirdparty/freeRTOS/tasks.o
                0x0000000008002710                vTaskDelay
 .text.vTaskStartScheduler
                0x0000000008002778       0xa4 ./thirdparty/freeRTOS/tasks.o
                0x0000000008002778                vTaskStartScheduler
 .text.vTaskSuspendAll
                0x000000000800281c       0x1c ./thirdparty/freeRTOS/tasks.o
                0x000000000800281c                vTaskSuspendAll
 .text.xTaskResumeAll
                0x0000000008002838      0x138 ./thirdparty/freeRTOS/tasks.o
                0x0000000008002838                xTaskResumeAll
 .text.xTaskGetTickCount
                0x0000000008002970       0x20 ./thirdparty/freeRTOS/tasks.o
                0x0000000008002970                xTaskGetTickCount
 .text.xTaskIncrementTick
                0x0000000008002990      0x170 ./thirdparty/freeRTOS/tasks.o
                0x0000000008002990                xTaskIncrementTick
 .text.vTaskSwitchContext
                0x0000000008002b00       0xb8 ./thirdparty/freeRTOS/tasks.o
                0x0000000008002b00                vTaskSwitchContext
 .text.vTaskPlaceOnEventList
                0x0000000008002bb8       0x48 ./thirdparty/freeRTOS/tasks.o
                0x0000000008002bb8                vTaskPlaceOnEventList
 .text.vTaskPlaceOnEventListRestricted
                0x0000000008002c00       0x58 ./thirdparty/freeRTOS/tasks.o
                0x0000000008002c00                vTaskPlaceOnEventListRestricted
 .text.xTaskRemoveFromEventList
                0x0000000008002c58       0xc4 ./thirdparty/freeRTOS/tasks.o
                0x0000000008002c58                xTaskRemoveFromEventList
 .text.vTaskInternalSetTimeOutState
                0x0000000008002d1c       0x2c ./thirdparty/freeRTOS/tasks.o
                0x0000000008002d1c                vTaskInternalSetTimeOutState
 .text.xTaskCheckForTimeOut
                0x0000000008002d48       0xcc ./thirdparty/freeRTOS/tasks.o
                0x0000000008002d48                xTaskCheckForTimeOut
 .text.vTaskMissedYield
                0x0000000008002e14       0x18 ./thirdparty/freeRTOS/tasks.o
                0x0000000008002e14                vTaskMissedYield
 .text.prvIdleTask
                0x0000000008002e2c       0x30 ./thirdparty/freeRTOS/tasks.o
 .text.prvInitialiseTaskLists
                0x0000000008002e5c       0x80 ./thirdparty/freeRTOS/tasks.o
 .text.prvCheckTasksWaitingTermination
                0x0000000008002edc       0x5c ./thirdparty/freeRTOS/tasks.o
 .text.prvDeleteTCB
                0x0000000008002f38       0x20 ./thirdparty/freeRTOS/tasks.o
 .text.prvResetNextTaskUnblockTime
                0x0000000008002f58       0x38 ./thirdparty/freeRTOS/tasks.o
 .text.xTaskGetSchedulerState
                0x0000000008002f90       0x3c ./thirdparty/freeRTOS/tasks.o
                0x0000000008002f90                xTaskGetSchedulerState
 .text.xTaskPriorityDisinherit
                0x0000000008002fcc       0xf4 ./thirdparty/freeRTOS/tasks.o
                0x0000000008002fcc                xTaskPriorityDisinherit
 .text.prvAddCurrentTaskToDelayedList
                0x00000000080030c0       0xcc ./thirdparty/freeRTOS/tasks.o
 .text.xTimerCreateTimerTask
                0x000000000800318c       0x64 ./thirdparty/freeRTOS/timers.o
                0x000000000800318c                xTimerCreateTimerTask
 .text.xTimerGenericCommand
                0x00000000080031f0       0x9c ./thirdparty/freeRTOS/timers.o
                0x00000000080031f0                xTimerGenericCommand
 .text.prvProcessExpiredTimer
                0x000000000800328c       0x98 ./thirdparty/freeRTOS/timers.o
 .text.prvTimerTask
                0x0000000008003324       0x24 ./thirdparty/freeRTOS/timers.o
 .text.prvProcessTimerOrBlockTask
                0x0000000008003348       0x9c ./thirdparty/freeRTOS/timers.o
 .text.prvGetNextExpireTime
                0x00000000080033e4       0x48 ./thirdparty/freeRTOS/timers.o
 .text.prvSampleTimeNow
                0x000000000800342c       0x40 ./thirdparty/freeRTOS/timers.o
 .text.prvInsertTimerInActiveList
                0x000000000800346c       0x84 ./thirdparty/freeRTOS/timers.o
 .text.prvProcessReceivedCommands
                0x00000000080034f0      0x18c ./thirdparty/freeRTOS/timers.o
 .text.prvSwitchTimerLists
                0x000000000800367c       0xc8 ./thirdparty/freeRTOS/timers.o
 .text.prvCheckForValidListAndQueue
                0x0000000008003744       0x6c ./thirdparty/freeRTOS/timers.o
 .text.pxPortInitialiseStack
                0x00000000080037b0       0x68 ./thirdparty/freeRTOS/portable/GCC/ARM_CM4F/port.o
                0x00000000080037b0                pxPortInitialiseStack
 .text.prvTaskExitError
                0x0000000008003818       0x58 ./thirdparty/freeRTOS/portable/GCC/ARM_CM4F/port.o
 .text.SVC_Handler
                0x0000000008003870       0x28 ./thirdparty/freeRTOS/portable/GCC/ARM_CM4F/port.o
                0x0000000008003870                SVC_Handler
 .text.prvPortStartFirstTask
                0x0000000008003898       0x2c ./thirdparty/freeRTOS/portable/GCC/ARM_CM4F/port.o
 .text.xPortStartScheduler
                0x00000000080038c4      0x144 ./thirdparty/freeRTOS/portable/GCC/ARM_CM4F/port.o
                0x00000000080038c4                xPortStartScheduler
 .text.vPortEnterCritical
                0x0000000008003a08       0x60 ./thirdparty/freeRTOS/portable/GCC/ARM_CM4F/port.o
                0x0000000008003a08                vPortEnterCritical
 .text.vPortExitCritical
                0x0000000008003a68       0x54 ./thirdparty/freeRTOS/portable/GCC/ARM_CM4F/port.o
                0x0000000008003a68                vPortExitCritical
 *fill*         0x0000000008003abc        0x4 
 .text.PendSV_Handler
                0x0000000008003ac0       0x68 ./thirdparty/freeRTOS/portable/GCC/ARM_CM4F/port.o
                0x0000000008003ac0                PendSV_Handler
 .text.SysTick_Handler
                0x0000000008003b28       0x44 ./thirdparty/freeRTOS/portable/GCC/ARM_CM4F/port.o
                0x0000000008003b28                SysTick_Handler
 .text.vPortSetupTimerInterrupt
                0x0000000008003b6c       0x48 ./thirdparty/freeRTOS/portable/GCC/ARM_CM4F/port.o
                0x0000000008003b6c                vPortSetupTimerInterrupt
 .text.vPortEnableVFP
                0x0000000008003bb4       0x18 ./thirdparty/freeRTOS/portable/GCC/ARM_CM4F/port.o
 .text.vPortValidateInterruptPriority
                0x0000000008003bcc       0x80 ./thirdparty/freeRTOS/portable/GCC/ARM_CM4F/port.o
                0x0000000008003bcc                vPortValidateInterruptPriority
 .text.pvPortMalloc
                0x0000000008003c4c      0x1c0 ./thirdparty/freeRTOS/portable/MemMang/heap_4.o
                0x0000000008003c4c                pvPortMalloc
 .text.vPortFree
                0x0000000008003e0c       0xc4 ./thirdparty/freeRTOS/portable/MemMang/heap_4.o
                0x0000000008003e0c                vPortFree
 .text.prvHeapInit
                0x0000000008003ed0       0xc4 ./thirdparty/freeRTOS/portable/MemMang/heap_4.o
 .text.prvInsertBlockIntoFreeList
                0x0000000008003f94       0xb4 ./thirdparty/freeRTOS/portable/MemMang/heap_4.o
 .text.__libc_init_array
                0x0000000008004048       0x48 c:/st/stm32cubeide_1.11.0/stm32cubeide/plugins/com.st.stm32cube.ide.mcu.externaltools.gnu-tools-for-stm32.10.3-2021.10.win32_1.0.100.202210260954/tools/bin/../lib/gcc/arm-none-eabi/10.3.1/../../../../arm-none-eabi/lib/thumb/v7e-m+fp/hard\libc_nano.a(lib_a-init.o)
                0x0000000008004048                __libc_init_array
 .text.memcpy   0x0000000008004090       0x1c c:/st/stm32cubeide_1.11.0/stm32cubeide/plugins/com.st.stm32cube.ide.mcu.externaltools.gnu-tools-for-stm32.10.3-2021.10.win32_1.0.100.202210260954/tools/bin/../lib/gcc/arm-none-eabi/10.3.1/../../../../arm-none-eabi/lib/thumb/v7e-m+fp/hard\libc_nano.a(lib_a-memcpy-stub.o)
                0x0000000008004090                memcpy
 .text.memset   0x00000000080040ac       0x10 c:/st/stm32cubeide_1.11.0/stm32cubeide/plugins/com.st.stm32cube.ide.mcu.externaltools.gnu-tools-for-stm32.10.3-2021.10.win32_1.0.100.202210260954/tools/bin/../lib/gcc/arm-none-eabi/10.3.1/../../../../arm-none-eabi/lib/thumb/v7e-m+fp/hard\libc_nano.a(lib_a-memset.o)
                0x00000000080040ac                memset
 *(.glue_7)
 .glue_7        0x00000000080040bc        0x0 linker stubs
 *(.glue_7t)
 .glue_7t       0x00000000080040bc        0x0 linker stubs
 *(.eh_frame)
 .eh_frame      0x00000000080040bc        0x0 c:/st/stm32cubeide_1.11.0/stm32cubeide/plugins/com.st.stm32cube.ide.mcu.externaltools.gnu-tools-for-stm32.10.3-2021.10.win32_1.0.100.202210260954/tools/bin/../lib/gcc/arm-none-eabi/10.3.1/thumb/v7e-m+fp/hard/crtbegin.o
 *(.init)
 .init          0x00000000080040bc        0x4 c:/st/stm32cubeide_1.11.0/stm32cubeide/plugins/com.st.stm32cube.ide.mcu.externaltools.gnu-tools-for-stm32.10.3-2021.10.win32_1.0.100.202210260954/tools/bin/../lib/gcc/arm-none-eabi/10.3.1/thumb/v7e-m+fp/hard/crti.o
                0x00000000080040bc                _init
 .init          0x00000000080040c0        0x8 c:/st/stm32cubeide_1.11.0/stm32cubeide/plugins/com.st.stm32cube.ide.mcu.externaltools.gnu-tools-for-stm32.10.3-2021.10.win32_1.0.100.202210260954/tools/bin/../lib/gcc/arm-none-eabi/10.3.1/thumb/v7e-m+fp/hard/crtn.o
 *(.fini)
 .fini          0x00000000080040c8        0x4 c:/st/stm32cubeide_1.11.0/stm32cubeide/plugins/com.st.stm32cube.ide.mcu.externaltools.gnu-tools-for-stm32.10.3-2021.10.win32_1.0.100.202210260954/tools/bin/../lib/gcc/arm-none-eabi/10.3.1/thumb/v7e-m+fp/hard/crti.o
                0x00000000080040c8                _fini
 .fini          0x00000000080040cc        0x8 c:/st/stm32cubeide_1.11.0/stm32cubeide/plugins/com.st.stm32cube.ide.mcu.externaltools.gnu-tools-for-stm32.10.3-2021.10.win32_1.0.100.202210260954/tools/bin/../lib/gcc/arm-none-eabi/10.3.1/thumb/v7e-m+fp/hard/crtn.o
                0x00000000080040d4                . = ALIGN (0x4)
                0x00000000080040d4                _etext = .

.vfp11_veneer   0x00000000080040d4        0x0
 .vfp11_veneer  0x00000000080040d4        0x0 linker stubs

.v4_bx          0x00000000080040d4        0x0
 .v4_bx         0x00000000080040d4        0x0 linker stubs

.iplt           0x00000000080040d4        0x0
 .iplt          0x00000000080040d4        0x0 c:/st/stm32cubeide_1.11.0/stm32cubeide/plugins/com.st.stm32cube.ide.mcu.externaltools.gnu-tools-for-stm32.10.3-2021.10.win32_1.0.100.202210260954/tools/bin/../lib/gcc/arm-none-eabi/10.3.1/thumb/v7e-m+fp/hard/crtbegin.o

.rodata         0x00000000080040d4       0x48
                0x00000000080040d4                . = ALIGN (0x4)
 *(.rodata)
 .rodata        0x00000000080040d4       0x16 ./Core/Src/main.o
 *fill*         0x00000000080040ea        0x2 
 .rodata        0x00000000080040ec        0x5 ./thirdparty/freeRTOS/tasks.o
 *fill*         0x00000000080040f1        0x3 
 .rodata        0x00000000080040f4        0xd ./thirdparty/freeRTOS/timers.o
 *(.rodata*)
 *fill*         0x0000000008004101        0x3 
 .rodata.AHBPrescTable
                0x0000000008004104       0x10 ./Core/Src/system_stm32f4xx.o
                0x0000000008004104                AHBPrescTable
 .rodata.APBPrescTable
                0x0000000008004114        0x8 ./Core/Src/system_stm32f4xx.o
                0x0000000008004114                APBPrescTable
                0x000000000800411c                . = ALIGN (0x4)

.ARM.extab      0x000000000800411c        0x0
                0x000000000800411c                . = ALIGN (0x4)
 *(.ARM.extab* .gnu.linkonce.armextab.*)
                0x000000000800411c                . = ALIGN (0x4)

.ARM            0x000000000800411c        0x8
                0x000000000800411c                . = ALIGN (0x4)
                0x000000000800411c                __exidx_start = .
 *(.ARM.exidx*)
 .ARM.exidx     0x000000000800411c        0x8 c:/st/stm32cubeide_1.11.0/stm32cubeide/plugins/com.st.stm32cube.ide.mcu.externaltools.gnu-tools-for-stm32.10.3-2021.10.win32_1.0.100.202210260954/tools/bin/../lib/gcc/arm-none-eabi/10.3.1/thumb/v7e-m+fp/hard\libgcc.a(_udivmoddi4.o)
                0x0000000008004124                __exidx_end = .
                0x0000000008004124                . = ALIGN (0x4)

.rel.dyn        0x0000000008004124        0x0
 .rel.iplt      0x0000000008004124        0x0 c:/st/stm32cubeide_1.11.0/stm32cubeide/plugins/com.st.stm32cube.ide.mcu.externaltools.gnu-tools-for-stm32.10.3-2021.10.win32_1.0.100.202210260954/tools/bin/../lib/gcc/arm-none-eabi/10.3.1/thumb/v7e-m+fp/hard/crtbegin.o

.preinit_array  0x0000000008004124        0x0
                0x0000000008004124                . = ALIGN (0x4)
                0x0000000008004124                PROVIDE (__preinit_array_start = .)
 *(.preinit_array*)
                0x0000000008004124                PROVIDE (__preinit_array_end = .)
                0x0000000008004124                . = ALIGN (0x4)

.init_array     0x0000000008004124        0x4
                0x0000000008004124                . = ALIGN (0x4)
                0x0000000008004124                PROVIDE (__init_array_start = .)
 *(SORT_BY_NAME(.init_array.*))
 *(.init_array*)
 .init_array    0x0000000008004124        0x4 c:/st/stm32cubeide_1.11.0/stm32cubeide/plugins/com.st.stm32cube.ide.mcu.externaltools.gnu-tools-for-stm32.10.3-2021.10.win32_1.0.100.202210260954/tools/bin/../lib/gcc/arm-none-eabi/10.3.1/thumb/v7e-m+fp/hard/crtbegin.o
                0x0000000008004128                PROVIDE (__init_array_end = .)
                0x0000000008004128                . = ALIGN (0x4)

.fini_array     0x0000000008004128        0x4
                0x0000000008004128                . = ALIGN (0x4)
                [!provide]                        PROVIDE (__fini_array_start = .)
 *(SORT_BY_NAME(.fini_array.*))
 *(.fini_array*)
 .fini_array    0x0000000008004128        0x4 c:/st/stm32cubeide_1.11.0/stm32cubeide/plugins/com.st.stm32cube.ide.mcu.externaltools.gnu-tools-for-stm32.10.3-2021.10.win32_1.0.100.202210260954/tools/bin/../lib/gcc/arm-none-eabi/10.3.1/thumb/v7e-m+fp/hard/crtbegin.o
                [!provide]                        PROVIDE (__fini_array_end = .)
                0x000000000800412c                . = ALIGN (0x4)
                0x000000000800412c                _sidata = LOADADDR (.data)

.data           0x0000000020000000       0x14 load address 0x000000000800412c
                0x0000000020000000                . = ALIGN (0x4)
                0x0000000020000000                _sdata = .
 *(.data)
 *(.data*)
 .data.SystemCoreClock
                0x0000000020000000        0x4 ./Core/Src/system_stm32f4xx.o
                0x0000000020000000                SystemCoreClock
 .data.uwTickPrio
                0x0000000020000004        0x4 ./Drivers/STM32F4xx_HAL_Driver/Src/stm32f4xx_hal.o
                0x0000000020000004                uwTickPrio
 .data.uwTickFreq
                0x0000000020000008        0x1 ./Drivers/STM32F4xx_HAL_Driver/Src/stm32f4xx_hal.o
                0x0000000020000008                uwTickFreq
 *fill*         0x0000000020000009        0x3 
 .data.uxTopUsedPriority
                0x000000002000000c        0x4 ./thirdparty/freeRTOS/tasks.o
                0x000000002000000c                uxTopUsedPriority
 .data.uxCriticalNesting
                0x0000000020000010        0x4 ./thirdparty/freeRTOS/portable/GCC/ARM_CM4F/port.o
 *(.RamFunc)
 *(.RamFunc*)
                0x0000000020000014                . = ALIGN (0x4)
                0x0000000020000014                _edata = .
                0x0000000008004140                _siccmram = LOADADDR (.ccmram)

.igot.plt       0x0000000020000014        0x0 load address 0x0000000008004140
 .igot.plt      0x0000000020000014        0x0 c:/st/stm32cubeide_1.11.0/stm32cubeide/plugins/com.st.stm32cube.ide.mcu.externaltools.gnu-tools-for-stm32.10.3-2021.10.win32_1.0.100.202210260954/tools/bin/../lib/gcc/arm-none-eabi/10.3.1/thumb/v7e-m+fp/hard/crtbegin.o

.ccmram         0x0000000010000000        0x0 load address 0x0000000008004140
                0x0000000010000000                . = ALIGN (0x4)
                0x0000000010000000                _sccmram = .
 *(.ccmram)
 *(.ccmram*)
                0x0000000010000000                . = ALIGN (0x4)
                0x0000000010000000                _eccmram = .
                0x0000000010000000                . = ALIGN (0x4)

.bss            0x0000000020000014    0x12e18
                0x0000000020000014                _sbss = .
                0x0000000020000014                __bss_start__ = _sbss
 *(.bss)
 .bss           0x0000000020000014       0x1c c:/st/stm32cubeide_1.11.0/stm32cubeide/plugins/com.st.stm32cube.ide.mcu.externaltools.gnu-tools-for-stm32.10.3-2021.10.win32_1.0.100.202210260954/tools/bin/../lib/gcc/arm-none-eabi/10.3.1/thumb/v7e-m+fp/hard/crtbegin.o
 *(.bss*)
 .bss.task1Handle
                0x0000000020000030        0x4 ./Core/Src/main.o
                0x0000000020000030                task1Handle
 .bss.x         0x0000000020000034        0x1 ./Core/Src/main.o
                0x0000000020000034                x
 .bss.y         0x0000000020000035        0x1 ./Core/Src/main.o
                0x0000000020000035                y
 .bss.z         0x0000000020000036        0x1 ./Core/Src/main.o
                0x0000000020000036                z
 *fill*         0x0000000020000037        0x1 
 .bss.htim6     0x0000000020000038       0x48 ./Core/Src/stm32f4xx_hal_timebase_tim.o
                0x0000000020000038                htim6
 .bss.uwTick    0x0000000020000080        0x4 ./Drivers/STM32F4xx_HAL_Driver/Src/stm32f4xx_hal.o
                0x0000000020000080                uwTick
 .bss.xQueueRegistry
                0x0000000020000084       0x40 ./thirdparty/freeRTOS/queue.o
                0x0000000020000084                xQueueRegistry
 .bss.pxCurrentTCB
                0x00000000200000c4        0x4 ./thirdparty/freeRTOS/tasks.o
                0x00000000200000c4                pxCurrentTCB
 .bss.pxReadyTasksLists
                0x00000000200000c8       0x64 ./thirdparty/freeRTOS/tasks.o
 .bss.xDelayedTaskList1
                0x000000002000012c       0x14 ./thirdparty/freeRTOS/tasks.o
 .bss.xDelayedTaskList2
                0x0000000020000140       0x14 ./thirdparty/freeRTOS/tasks.o
 .bss.pxDelayedTaskList
                0x0000000020000154        0x4 ./thirdparty/freeRTOS/tasks.o
 .bss.pxOverflowDelayedTaskList
                0x0000000020000158        0x4 ./thirdparty/freeRTOS/tasks.o
 .bss.xPendingReadyList
                0x000000002000015c       0x14 ./thirdparty/freeRTOS/tasks.o
 .bss.xTasksWaitingTermination
                0x0000000020000170       0x14 ./thirdparty/freeRTOS/tasks.o
 .bss.uxDeletedTasksWaitingCleanUp
                0x0000000020000184        0x4 ./thirdparty/freeRTOS/tasks.o
 .bss.xSuspendedTaskList
                0x0000000020000188       0x14 ./thirdparty/freeRTOS/tasks.o
 .bss.uxCurrentNumberOfTasks
                0x000000002000019c        0x4 ./thirdparty/freeRTOS/tasks.o
 .bss.xTickCount
                0x00000000200001a0        0x4 ./thirdparty/freeRTOS/tasks.o
 .bss.uxTopReadyPriority
                0x00000000200001a4        0x4 ./thirdparty/freeRTOS/tasks.o
 .bss.xSchedulerRunning
                0x00000000200001a8        0x4 ./thirdparty/freeRTOS/tasks.o
 .bss.xPendedTicks
                0x00000000200001ac        0x4 ./thirdparty/freeRTOS/tasks.o
 .bss.xYieldPending
                0x00000000200001b0        0x4 ./thirdparty/freeRTOS/tasks.o
 .bss.xNumOfOverflows
                0x00000000200001b4        0x4 ./thirdparty/freeRTOS/tasks.o
 .bss.uxTaskNumber
                0x00000000200001b8        0x4 ./thirdparty/freeRTOS/tasks.o
 .bss.xNextTaskUnblockTime
                0x00000000200001bc        0x4 ./thirdparty/freeRTOS/tasks.o
 .bss.xIdleTaskHandle
                0x00000000200001c0        0x4 ./thirdparty/freeRTOS/tasks.o
 .bss.uxSchedulerSuspended
                0x00000000200001c4        0x4 ./thirdparty/freeRTOS/tasks.o
 .bss.xActiveTimerList1
                0x00000000200001c8       0x14 ./thirdparty/freeRTOS/timers.o
 .bss.xActiveTimerList2
                0x00000000200001dc       0x14 ./thirdparty/freeRTOS/timers.o
 .bss.pxCurrentTimerList
                0x00000000200001f0        0x4 ./thirdparty/freeRTOS/timers.o
 .bss.pxOverflowTimerList
                0x00000000200001f4        0x4 ./thirdparty/freeRTOS/timers.o
 .bss.xTimerQueue
                0x00000000200001f8        0x4 ./thirdparty/freeRTOS/timers.o
 .bss.xTimerTaskHandle
                0x00000000200001fc        0x4 ./thirdparty/freeRTOS/timers.o
 .bss.xLastTime.0
                0x0000000020000200        0x4 ./thirdparty/freeRTOS/timers.o
 .bss.ucMaxSysCallPriority
                0x0000000020000204        0x1 ./thirdparty/freeRTOS/portable/GCC/ARM_CM4F/port.o
 *fill*         0x0000000020000205        0x3 
 .bss.ulMaxPRIGROUPValue
                0x0000000020000208        0x4 ./thirdparty/freeRTOS/portable/GCC/ARM_CM4F/port.o
 .bss.ucHeap    0x000000002000020c    0x12c00 ./thirdparty/freeRTOS/portable/MemMang/heap_4.o
 .bss.xStart    0x0000000020012e0c        0x8 ./thirdparty/freeRTOS/portable/MemMang/heap_4.o
 .bss.pxEnd     0x0000000020012e14        0x4 ./thirdparty/freeRTOS/portable/MemMang/heap_4.o
 .bss.xFreeBytesRemaining
                0x0000000020012e18        0x4 ./thirdparty/freeRTOS/portable/MemMang/heap_4.o
 .bss.xMinimumEverFreeBytesRemaining
                0x0000000020012e1c        0x4 ./thirdparty/freeRTOS/portable/MemMang/heap_4.o
 .bss.xNumberOfSuccessfulAllocations
                0x0000000020012e20        0x4 ./thirdparty/freeRTOS/portable/MemMang/heap_4.o
 .bss.xNumberOfSuccessfulFrees
                0x0000000020012e24        0x4 ./thirdparty/freeRTOS/portable/MemMang/heap_4.o
 .bss.xBlockAllocatedBit
                0x0000000020012e28        0x4 ./thirdparty/freeRTOS/portable/MemMang/heap_4.o
 *(COMMON)
                0x0000000020012e2c                . = ALIGN (0x4)
                0x0000000020012e2c                _ebss = .
                0x0000000020012e2c                __bss_end__ = _ebss

._user_heap_stack
                0x0000000020012e2c      0x604
                0x0000000020012e30                . = ALIGN (0x8)
 *fill*         0x0000000020012e2c        0x4 
                [!provide]                        PROVIDE (end = .)
                [!provide]                        PROVIDE (_end = .)
                0x0000000020013030                . = (. + _Min_Heap_Size)
 *fill*         0x0000000020012e30      0x200 
                0x0000000020013430                . = (. + _Min_Stack_Size)
 *fill*         0x0000000020013030      0x400 
                0x0000000020013430                . = ALIGN (0x8)

/DISCARD/
 libc.a(*)
 libm.a(*)
 libgcc.a(*)

.ARM.attributes
                0x0000000000000000       0x30
 *(.ARM.attributes)
 .ARM.attributes
                0x0000000000000000       0x1e c:/st/stm32cubeide_1.11.0/stm32cubeide/plugins/com.st.stm32cube.ide.mcu.externaltools.gnu-tools-for-stm32.10.3-2021.10.win32_1.0.100.202210260954/tools/bin/../lib/gcc/arm-none-eabi/10.3.1/thumb/v7e-m+fp/hard/crti.o
 .ARM.attributes
                0x000000000000001e       0x34 c:/st/stm32cubeide_1.11.0/stm32cubeide/plugins/com.st.stm32cube.ide.mcu.externaltools.gnu-tools-for-stm32.10.3-2021.10.win32_1.0.100.202210260954/tools/bin/../lib/gcc/arm-none-eabi/10.3.1/thumb/v7e-m+fp/hard/crtbegin.o
 .ARM.attributes
                0x0000000000000052       0x34 ./Core/Src/main.o
 .ARM.attributes
                0x0000000000000086       0x34 ./Core/Src/stm32f4xx_hal_msp.o
 .ARM.attributes
                0x00000000000000ba       0x34 ./Core/Src/stm32f4xx_hal_timebase_tim.o
 .ARM.attributes
                0x00000000000000ee       0x34 ./Core/Src/stm32f4xx_it.o
 .ARM.attributes
                0x0000000000000122       0x34 ./Core/Src/system_stm32f4xx.o
 .ARM.attributes
                0x0000000000000156       0x21 ./Core/Startup/startup_stm32f405rgtx.o
 .ARM.attributes
                0x0000000000000177       0x34 ./Drivers/STM32F4xx_HAL_Driver/Src/stm32f4xx_hal.o
 .ARM.attributes
                0x00000000000001ab       0x34 ./Drivers/STM32F4xx_HAL_Driver/Src/stm32f4xx_hal_cortex.o
 .ARM.attributes
                0x00000000000001df       0x34 ./Drivers/STM32F4xx_HAL_Driver/Src/stm32f4xx_hal_rcc.o
 .ARM.attributes
                0x0000000000000213       0x34 ./Drivers/STM32F4xx_HAL_Driver/Src/stm32f4xx_hal_tim.o
 .ARM.attributes
                0x0000000000000247       0x34 ./Drivers/STM32F4xx_HAL_Driver/Src/stm32f4xx_hal_tim_ex.o
 .ARM.attributes
                0x000000000000027b       0x34 ./thirdparty/freeRTOS/list.o
 .ARM.attributes
                0x00000000000002af       0x34 ./thirdparty/freeRTOS/queue.o
 .ARM.attributes
                0x00000000000002e3       0x34 ./thirdparty/freeRTOS/tasks.o
 .ARM.attributes
                0x0000000000000317       0x34 ./thirdparty/freeRTOS/timers.o
 .ARM.attributes
                0x000000000000034b       0x34 ./thirdparty/freeRTOS/portable/GCC/ARM_CM4F/port.o
 .ARM.attributes
                0x000000000000037f       0x34 ./thirdparty/freeRTOS/portable/MemMang/heap_4.o
 .ARM.attributes
                0x00000000000003b3       0x34 c:/st/stm32cubeide_1.11.0/stm32cubeide/plugins/com.st.stm32cube.ide.mcu.externaltools.gnu-tools-for-stm32.10.3-2021.10.win32_1.0.100.202210260954/tools/bin/../lib/gcc/arm-none-eabi/10.3.1/../../../../arm-none-eabi/lib/thumb/v7e-m+fp/hard\libc_nano.a(lib_a-init.o)
 .ARM.attributes
                0x00000000000003e7       0x34 c:/st/stm32cubeide_1.11.0/stm32cubeide/plugins/com.st.stm32cube.ide.mcu.externaltools.gnu-tools-for-stm32.10.3-2021.10.win32_1.0.100.202210260954/tools/bin/../lib/gcc/arm-none-eabi/10.3.1/../../../../arm-none-eabi/lib/thumb/v7e-m+fp/hard\libc_nano.a(lib_a-memcpy-stub.o)
 .ARM.attributes
                0x000000000000041b       0x34 c:/st/stm32cubeide_1.11.0/stm32cubeide/plugins/com.st.stm32cube.ide.mcu.externaltools.gnu-tools-for-stm32.10.3-2021.10.win32_1.0.100.202210260954/tools/bin/../lib/gcc/arm-none-eabi/10.3.1/../../../../arm-none-eabi/lib/thumb/v7e-m+fp/hard\libc_nano.a(lib_a-memset.o)
 .ARM.attributes
                0x000000000000044f       0x1e c:/st/stm32cubeide_1.11.0/stm32cubeide/plugins/com.st.stm32cube.ide.mcu.externaltools.gnu-tools-for-stm32.10.3-2021.10.win32_1.0.100.202210260954/tools/bin/../lib/gcc/arm-none-eabi/10.3.1/thumb/v7e-m+fp/hard\libgcc.a(_aeabi_uldivmod.o)
 .ARM.attributes
                0x000000000000046d       0x34 c:/st/stm32cubeide_1.11.0/stm32cubeide/plugins/com.st.stm32cube.ide.mcu.externaltools.gnu-tools-for-stm32.10.3-2021.10.win32_1.0.100.202210260954/tools/bin/../lib/gcc/arm-none-eabi/10.3.1/thumb/v7e-m+fp/hard\libgcc.a(_udivmoddi4.o)
 .ARM.attributes
                0x00000000000004a1       0x1e c:/st/stm32cubeide_1.11.0/stm32cubeide/plugins/com.st.stm32cube.ide.mcu.externaltools.gnu-tools-for-stm32.10.3-2021.10.win32_1.0.100.202210260954/tools/bin/../lib/gcc/arm-none-eabi/10.3.1/thumb/v7e-m+fp/hard\libgcc.a(_dvmd_tls.o)
 .ARM.attributes
                0x00000000000004bf       0x1e c:/st/stm32cubeide_1.11.0/stm32cubeide/plugins/com.st.stm32cube.ide.mcu.externaltools.gnu-tools-for-stm32.10.3-2021.10.win32_1.0.100.202210260954/tools/bin/../lib/gcc/arm-none-eabi/10.3.1/thumb/v7e-m+fp/hard/crtn.o
OUTPUT(001TASK2.elf elf32-littlearm)
LOAD linker stubs
LOAD c:/st/stm32cubeide_1.11.0/stm32cubeide/plugins/com.st.stm32cube.ide.mcu.externaltools.gnu-tools-for-stm32.10.3-2021.10.win32_1.0.100.202210260954/tools/bin/../lib/gcc/arm-none-eabi/10.3.1/../../../../arm-none-eabi/lib/thumb/v7e-m+fp/hard\libc.a
LOAD c:/st/stm32cubeide_1.11.0/stm32cubeide/plugins/com.st.stm32cube.ide.mcu.externaltools.gnu-tools-for-stm32.10.3-2021.10.win32_1.0.100.202210260954/tools/bin/../lib/gcc/arm-none-eabi/10.3.1/../../../../arm-none-eabi/lib/thumb/v7e-m+fp/hard\libm.a
LOAD c:/st/stm32cubeide_1.11.0/stm32cubeide/plugins/com.st.stm32cube.ide.mcu.externaltools.gnu-tools-for-stm32.10.3-2021.10.win32_1.0.100.202210260954/tools/bin/../lib/gcc/arm-none-eabi/10.3.1/thumb/v7e-m+fp/hard\libgcc.a

.debug_info     0x0000000000000000     0xe288
 .debug_info    0x0000000000000000      0xe7a ./Core/Src/main.o
 .debug_info    0x0000000000000e7a      0x2a8 ./Core/Src/stm32f4xx_hal_msp.o
 .debug_info    0x0000000000001122      0xc0f ./Core/Src/stm32f4xx_hal_timebase_tim.o
 .debug_info    0x0000000000001d31      0x6f8 ./Core/Src/stm32f4xx_it.o
 .debug_info    0x0000000000002429      0x523 ./Core/Src/system_stm32f4xx.o
 .debug_info    0x000000000000294c       0x22 ./Core/Startup/startup_stm32f405rgtx.o
 .debug_info    0x000000000000296e      0x96a ./Drivers/STM32F4xx_HAL_Driver/Src/stm32f4xx_hal.o
 .debug_info    0x00000000000032d8      0xe09 ./Drivers/STM32F4xx_HAL_Driver/Src/stm32f4xx_hal_cortex.o
 .debug_info    0x00000000000040e1      0x966 ./Drivers/STM32F4xx_HAL_Driver/Src/stm32f4xx_hal_rcc.o
 .debug_info    0x0000000000004a47     0x2bbe ./Drivers/STM32F4xx_HAL_Driver/Src/stm32f4xx_hal_tim.o
 .debug_info    0x0000000000007605     0x15e0 ./Drivers/STM32F4xx_HAL_Driver/Src/stm32f4xx_hal_tim_ex.o
 .debug_info    0x0000000000008be5      0x2d1 ./thirdparty/freeRTOS/list.o
 .debug_info    0x0000000000008eb6     0x18ee ./thirdparty/freeRTOS/queue.o
 .debug_info    0x000000000000a7a4     0x21f3 ./thirdparty/freeRTOS/tasks.o
 .debug_info    0x000000000000c997      0xedd ./thirdparty/freeRTOS/timers.o
 .debug_info    0x000000000000d874      0x507 ./thirdparty/freeRTOS/portable/GCC/ARM_CM4F/port.o
 .debug_info    0x000000000000dd7b      0x50d ./thirdparty/freeRTOS/portable/MemMang/heap_4.o

.debug_abbrev   0x0000000000000000     0x2365
 .debug_abbrev  0x0000000000000000      0x2e3 ./Core/Src/main.o
 .debug_abbrev  0x00000000000002e3       0xd4 ./Core/Src/stm32f4xx_hal_msp.o
 .debug_abbrev  0x00000000000003b7      0x1d3 ./Core/Src/stm32f4xx_hal_timebase_tim.o
 .debug_abbrev  0x000000000000058a      0x171 ./Core/Src/stm32f4xx_it.o
 .debug_abbrev  0x00000000000006fb      0x116 ./Core/Src/system_stm32f4xx.o
 .debug_abbrev  0x0000000000000811       0x12 ./Core/Startup/startup_stm32f405rgtx.o
 .debug_abbrev  0x0000000000000823      0x20d ./Drivers/STM32F4xx_HAL_Driver/Src/stm32f4xx_hal.o
 .debug_abbrev  0x0000000000000a30      0x316 ./Drivers/STM32F4xx_HAL_Driver/Src/stm32f4xx_hal_cortex.o
 .debug_abbrev  0x0000000000000d46      0x2aa ./Drivers/STM32F4xx_HAL_Driver/Src/stm32f4xx_hal_rcc.o
 .debug_abbrev  0x0000000000000ff0      0x25d ./Drivers/STM32F4xx_HAL_Driver/Src/stm32f4xx_hal_tim.o
 .debug_abbrev  0x000000000000124d      0x265 ./Drivers/STM32F4xx_HAL_Driver/Src/stm32f4xx_hal_tim_ex.o
 .debug_abbrev  0x00000000000014b2       0xf2 ./thirdparty/freeRTOS/list.o
 .debug_abbrev  0x00000000000015a4      0x312 ./thirdparty/freeRTOS/queue.o
 .debug_abbrev  0x00000000000018b6      0x36c ./thirdparty/freeRTOS/tasks.o
 .debug_abbrev  0x0000000000001c22      0x2d8 ./thirdparty/freeRTOS/timers.o
 .debug_abbrev  0x0000000000001efa      0x259 ./thirdparty/freeRTOS/portable/GCC/ARM_CM4F/port.o
 .debug_abbrev  0x0000000000002153      0x212 ./thirdparty/freeRTOS/portable/MemMang/heap_4.o

.debug_aranges  0x0000000000000000      0xe30
 .debug_aranges
                0x0000000000000000       0x60 ./Core/Src/main.o
 .debug_aranges
                0x0000000000000060       0x20 ./Core/Src/stm32f4xx_hal_msp.o
 .debug_aranges
                0x0000000000000080       0x30 ./Core/Src/stm32f4xx_hal_timebase_tim.o
 .debug_aranges
                0x00000000000000b0       0x50 ./Core/Src/stm32f4xx_it.o
 .debug_aranges
                0x0000000000000100       0x28 ./Core/Src/system_stm32f4xx.o
 .debug_aranges
                0x0000000000000128       0x28 ./Core/Startup/startup_stm32f405rgtx.o
 .debug_aranges
                0x0000000000000150       0xf0 ./Drivers/STM32F4xx_HAL_Driver/Src/stm32f4xx_hal.o
 .debug_aranges
                0x0000000000000240      0x118 ./Drivers/STM32F4xx_HAL_Driver/Src/stm32f4xx_hal_cortex.o
 .debug_aranges
                0x0000000000000358       0x88 ./Drivers/STM32F4xx_HAL_Driver/Src/stm32f4xx_hal_rcc.o
 .debug_aranges
                0x00000000000003e0      0x3d0 ./Drivers/STM32F4xx_HAL_Driver/Src/stm32f4xx_hal_tim.o
 .debug_aranges
                0x00000000000007b0      0x168 ./Drivers/STM32F4xx_HAL_Driver/Src/stm32f4xx_hal_tim_ex.o
 .debug_aranges
                0x0000000000000918       0x40 ./thirdparty/freeRTOS/list.o
 .debug_aranges
                0x0000000000000958      0x130 ./thirdparty/freeRTOS/queue.o
 .debug_aranges
                0x0000000000000a88      0x1f8 ./thirdparty/freeRTOS/tasks.o
 .debug_aranges
                0x0000000000000c80       0xd8 ./thirdparty/freeRTOS/timers.o
 .debug_aranges
                0x0000000000000d58       0x80 ./thirdparty/freeRTOS/portable/GCC/ARM_CM4F/port.o
 .debug_aranges
                0x0000000000000dd8       0x58 ./thirdparty/freeRTOS/portable/MemMang/heap_4.o

.debug_ranges   0x0000000000000000      0xd28
 .debug_ranges  0x0000000000000000       0x50 ./Core/Src/main.o
 .debug_ranges  0x0000000000000050       0x10 ./Core/Src/stm32f4xx_hal_msp.o
 .debug_ranges  0x0000000000000060       0x20 ./Core/Src/stm32f4xx_hal_timebase_tim.o
 .debug_ranges  0x0000000000000080       0x40 ./Core/Src/stm32f4xx_it.o
 .debug_ranges  0x00000000000000c0       0x18 ./Core/Src/system_stm32f4xx.o
 .debug_ranges  0x00000000000000d8       0x20 ./Core/Startup/startup_stm32f405rgtx.o
 .debug_ranges  0x00000000000000f8       0xe0 ./Drivers/STM32F4xx_HAL_Driver/Src/stm32f4xx_hal.o
 .debug_ranges  0x00000000000001d8      0x108 ./Drivers/STM32F4xx_HAL_Driver/Src/stm32f4xx_hal_cortex.o
 .debug_ranges  0x00000000000002e0       0x78 ./Drivers/STM32F4xx_HAL_Driver/Src/stm32f4xx_hal_rcc.o
 .debug_ranges  0x0000000000000358      0x3c0 ./Drivers/STM32F4xx_HAL_Driver/Src/stm32f4xx_hal_tim.o
 .debug_ranges  0x0000000000000718      0x158 ./Drivers/STM32F4xx_HAL_Driver/Src/stm32f4xx_hal_tim_ex.o
 .debug_ranges  0x0000000000000870       0x30 ./thirdparty/freeRTOS/list.o
 .debug_ranges  0x00000000000008a0      0x120 ./thirdparty/freeRTOS/queue.o
 .debug_ranges  0x00000000000009c0      0x1e8 ./thirdparty/freeRTOS/tasks.o
 .debug_ranges  0x0000000000000ba8       0xc8 ./thirdparty/freeRTOS/timers.o
 .debug_ranges  0x0000000000000c70       0x70 ./thirdparty/freeRTOS/portable/GCC/ARM_CM4F/port.o
 .debug_ranges  0x0000000000000ce0       0x48 ./thirdparty/freeRTOS/portable/MemMang/heap_4.o

.debug_macro    0x0000000000000000    0x1f514
 .debug_macro   0x0000000000000000      0x236 ./Core/Src/main.o
 .debug_macro   0x0000000000000236      0xa78 ./Core/Src/main.o
 .debug_macro   0x0000000000000cae      0x295 ./Core/Src/main.o
 .debug_macro   0x0000000000000f43       0x2e ./Core/Src/main.o
 .debug_macro   0x0000000000000f71       0x2f ./Core/Src/main.o
 .debug_macro   0x0000000000000fa0       0x22 ./Core/Src/main.o
 .debug_macro   0x0000000000000fc2       0x8e ./Core/Src/main.o
 .debug_macro   0x0000000000001050       0x51 ./Core/Src/main.o
 .debug_macro   0x00000000000010a1      0x103 ./Core/Src/main.o
 .debug_macro   0x00000000000011a4       0x6a ./Core/Src/main.o
 .debug_macro   0x000000000000120e      0x1df ./Core/Src/main.o
 .debug_macro   0x00000000000013ed       0x1c ./Core/Src/main.o
 .debug_macro   0x0000000000001409       0x22 ./Core/Src/main.o
 .debug_macro   0x000000000000142b       0xd9 ./Core/Src/main.o
 .debug_macro   0x0000000000001504     0x102d ./Core/Src/main.o
 .debug_macro   0x0000000000002531      0x11f ./Core/Src/main.o
 .debug_macro   0x0000000000002650    0x1426d ./Core/Src/main.o
 .debug_macro   0x00000000000168bd       0x6d ./Core/Src/main.o
 .debug_macro   0x000000000001692a     0x367e ./Core/Src/main.o
 .debug_macro   0x0000000000019fa8      0x174 ./Core/Src/main.o
 .debug_macro   0x000000000001a11c       0x5c ./Core/Src/main.o
 .debug_macro   0x000000000001a178      0x8a7 ./Core/Src/main.o
 .debug_macro   0x000000000001aa1f      0x9fe ./Core/Src/main.o
 .debug_macro   0x000000000001b41d      0x115 ./Core/Src/main.o
 .debug_macro   0x000000000001b532      0x130 ./Core/Src/main.o
 .debug_macro   0x000000000001b662       0xa5 ./Core/Src/main.o
 .debug_macro   0x000000000001b707      0x174 ./Core/Src/main.o
 .debug_macro   0x000000000001b87b      0x287 ./Core/Src/main.o
 .debug_macro   0x000000000001bb02       0x5f ./Core/Src/main.o
 .debug_macro   0x000000000001bb61      0x236 ./Core/Src/main.o
 .debug_macro   0x000000000001bd97      0x12c ./Core/Src/main.o
 .debug_macro   0x000000000001bec3      0x21e ./Core/Src/main.o
 .debug_macro   0x000000000001c0e1       0x2e ./Core/Src/main.o
 .debug_macro   0x000000000001c10f      0x11a ./Core/Src/main.o
 .debug_macro   0x000000000001c229       0x7e ./Core/Src/main.o
 .debug_macro   0x000000000001c2a7       0x89 ./Core/Src/main.o
 .debug_macro   0x000000000001c330      0x8e6 ./Core/Src/main.o
 .debug_macro   0x000000000001cc16       0x47 ./Core/Src/main.o
 .debug_macro   0x000000000001cc5d      0x12d ./Core/Src/main.o
 .debug_macro   0x000000000001cd8a      0x106 ./Core/Src/main.o
 .debug_macro   0x000000000001ce90      0x15a ./Core/Src/main.o
 .debug_macro   0x000000000001cfea       0xea ./Core/Src/main.o
 .debug_macro   0x000000000001d0d4       0x1c ./Core/Src/main.o
 .debug_macro   0x000000000001d0f0       0x26 ./Core/Src/main.o
 .debug_macro   0x000000000001d116      0x4fd ./Core/Src/main.o
 .debug_macro   0x000000000001d613       0xb5 ./Core/Src/main.o
 .debug_macro   0x000000000001d6c8      0x120 ./Core/Src/main.o
 .debug_macro   0x000000000001d7e8      0x1ce ./Core/Src/stm32f4xx_hal_msp.o
 .debug_macro   0x000000000001d9b6      0x1c4 ./Core/Src/stm32f4xx_hal_timebase_tim.o
 .debug_macro   0x000000000001db7a      0x1d8 ./Core/Src/stm32f4xx_it.o
 .debug_macro   0x000000000001dd52      0x1c4 ./Core/Src/system_stm32f4xx.o
 .debug_macro   0x000000000001df16      0x224 ./Drivers/STM32F4xx_HAL_Driver/Src/stm32f4xx_hal.o
 .debug_macro   0x000000000001e13a      0x1c4 ./Drivers/STM32F4xx_HAL_Driver/Src/stm32f4xx_hal_cortex.o
 .debug_macro   0x000000000001e2fe      0x1e8 ./Drivers/STM32F4xx_HAL_Driver/Src/stm32f4xx_hal_rcc.o
 .debug_macro   0x000000000001e4e6      0x1c5 ./Drivers/STM32F4xx_HAL_Driver/Src/stm32f4xx_hal_tim.o
 .debug_macro   0x000000000001e6ab      0x1c4 ./Drivers/STM32F4xx_HAL_Driver/Src/stm32f4xx_hal_tim_ex.o
 .debug_macro   0x000000000001e86f      0x193 ./thirdparty/freeRTOS/list.o
 .debug_macro   0x000000000001ea02      0x21c ./thirdparty/freeRTOS/queue.o
 .debug_macro   0x000000000001ec1e       0x16 ./thirdparty/freeRTOS/queue.o
 .debug_macro   0x000000000001ec34       0x20 ./thirdparty/freeRTOS/queue.o
 .debug_macro   0x000000000001ec54       0x80 ./thirdparty/freeRTOS/queue.o
 .debug_macro   0x000000000001ecd4      0x279 ./thirdparty/freeRTOS/tasks.o
 .debug_macro   0x000000000001ef4d       0x10 ./thirdparty/freeRTOS/tasks.o
 .debug_macro   0x000000000001ef5d      0x1dc ./thirdparty/freeRTOS/timers.o
 .debug_macro   0x000000000001f139       0x97 ./thirdparty/freeRTOS/timers.o
 .debug_macro   0x000000000001f1d0      0x196 ./thirdparty/freeRTOS/portable/GCC/ARM_CM4F/port.o
 .debug_macro   0x000000000001f366      0x1ae ./thirdparty/freeRTOS/portable/MemMang/heap_4.o

.debug_line     0x0000000000000000     0xf184
 .debug_line    0x0000000000000000      0x98e ./Core/Src/main.o
 .debug_line    0x000000000000098e      0x6ab ./Core/Src/stm32f4xx_hal_msp.o
 .debug_line    0x0000000000001039      0x708 ./Core/Src/stm32f4xx_hal_timebase_tim.o
 .debug_line    0x0000000000001741      0x748 ./Core/Src/stm32f4xx_it.o
 .debug_line    0x0000000000001e89      0x72d ./Core/Src/system_stm32f4xx.o
 .debug_line    0x00000000000025b6       0x88 ./Core/Startup/startup_stm32f405rgtx.o
 .debug_line    0x000000000000263e      0x993 ./Drivers/STM32F4xx_HAL_Driver/Src/stm32f4xx_hal.o
 .debug_line    0x0000000000002fd1      0xc42 ./Drivers/STM32F4xx_HAL_Driver/Src/stm32f4xx_hal_cortex.o
 .debug_line    0x0000000000003c13      0xd0d ./Drivers/STM32F4xx_HAL_Driver/Src/stm32f4xx_hal_rcc.o
 .debug_line    0x0000000000004920     0x3687 ./Drivers/STM32F4xx_HAL_Driver/Src/stm32f4xx_hal_tim.o
 .debug_line    0x0000000000007fa7     0x1990 ./Drivers/STM32F4xx_HAL_Driver/Src/stm32f4xx_hal_tim_ex.o
 .debug_line    0x0000000000009937      0x74c ./thirdparty/freeRTOS/list.o
 .debug_line    0x000000000000a083     0x15f5 ./thirdparty/freeRTOS/queue.o
 .debug_line    0x000000000000b678     0x1c9a ./thirdparty/freeRTOS/tasks.o
 .debug_line    0x000000000000d312      0xcab ./thirdparty/freeRTOS/timers.o
 .debug_line    0x000000000000dfbd      0x830 ./thirdparty/freeRTOS/portable/GCC/ARM_CM4F/port.o
 .debug_line    0x000000000000e7ed      0x997 ./thirdparty/freeRTOS/portable/MemMang/heap_4.o

.debug_str      0x0000000000000000    0xc502c
 .debug_str     0x0000000000000000    0xbbdb0 ./Core/Src/main.o
                                      0xbc11f (size before relaxing)
 .debug_str     0x00000000000bbdb0       0x2c ./Core/Src/stm32f4xx_hal_msp.o
                                      0xb6d20 (size before relaxing)
 .debug_str     0x00000000000bbddc      0x5b2 ./Core/Src/stm32f4xx_hal_timebase_tim.o
                                      0xb7884 (size before relaxing)
 .debug_str     0x00000000000bc38e       0xb9 ./Core/Src/stm32f4xx_it.o
                                      0xb71d1 (size before relaxing)
 .debug_str     0x00000000000bc447       0xdb ./Core/Src/system_stm32f4xx.o
                                      0xb6dd0 (size before relaxing)
 .debug_str     0x00000000000bc522       0x36 ./Core/Startup/startup_stm32f405rgtx.o
                                         0x65 (size before relaxing)
 .debug_str     0x00000000000bc558      0x5e5 ./Drivers/STM32F4xx_HAL_Driver/Src/stm32f4xx_hal.o
                                      0xb7933 (size before relaxing)
 .debug_str     0x00000000000bcb3d      0x33a ./Drivers/STM32F4xx_HAL_Driver/Src/stm32f4xx_hal_cortex.o
                                      0xb7666 (size before relaxing)
 .debug_str     0x00000000000bce77      0x1fd ./Drivers/STM32F4xx_HAL_Driver/Src/stm32f4xx_hal_rcc.o
                                      0xb7204 (size before relaxing)
 .debug_str     0x00000000000bd074      0xe69 ./Drivers/STM32F4xx_HAL_Driver/Src/stm32f4xx_hal_tim.o
                                      0xb814a (size before relaxing)
 .debug_str     0x00000000000bdedd      0x503 ./Drivers/STM32F4xx_HAL_Driver/Src/stm32f4xx_hal_tim_ex.o
                                      0xb7966 (size before relaxing)
 .debug_str     0x00000000000be3e0     0x3008 ./thirdparty/freeRTOS/list.o
                                       0xa849 (size before relaxing)
 .debug_str     0x00000000000c13e8     0x121a ./thirdparty/freeRTOS/queue.o
                                       0xccd4 (size before relaxing)
 .debug_str     0x00000000000c2602     0x1aac ./thirdparty/freeRTOS/tasks.o
                                       0xd928 (size before relaxing)
 .debug_str     0x00000000000c40ae      0x507 ./thirdparty/freeRTOS/timers.o
                                       0xd068 (size before relaxing)
 .debug_str     0x00000000000c45b5      0x767 ./thirdparty/freeRTOS/portable/GCC/ARM_CM4F/port.o
                                       0x9335 (size before relaxing)
 .debug_str     0x00000000000c4d1c      0x310 ./thirdparty/freeRTOS/portable/MemMang/heap_4.o
                                       0xbd12 (size before relaxing)

.comment        0x0000000000000000       0x50
 .comment       0x0000000000000000       0x50 ./Core/Src/main.o
                                         0x51 (size before relaxing)
 .comment       0x0000000000000050       0x51 ./Core/Src/stm32f4xx_hal_msp.o
 .comment       0x0000000000000050       0x51 ./Core/Src/stm32f4xx_hal_timebase_tim.o
 .comment       0x0000000000000050       0x51 ./Core/Src/stm32f4xx_it.o
 .comment       0x0000000000000050       0x51 ./Core/Src/system_stm32f4xx.o
 .comment       0x0000000000000050       0x51 ./Drivers/STM32F4xx_HAL_Driver/Src/stm32f4xx_hal.o
 .comment       0x0000000000000050       0x51 ./Drivers/STM32F4xx_HAL_Driver/Src/stm32f4xx_hal_cortex.o
 .comment       0x0000000000000050       0x51 ./Drivers/STM32F4xx_HAL_Driver/Src/stm32f4xx_hal_rcc.o
 .comment       0x0000000000000050       0x51 ./Drivers/STM32F4xx_HAL_Driver/Src/stm32f4xx_hal_tim.o
 .comment       0x0000000000000050       0x51 ./Drivers/STM32F4xx_HAL_Driver/Src/stm32f4xx_hal_tim_ex.o
 .comment       0x0000000000000050       0x51 ./thirdparty/freeRTOS/list.o
 .comment       0x0000000000000050       0x51 ./thirdparty/freeRTOS/queue.o
 .comment       0x0000000000000050       0x51 ./thirdparty/freeRTOS/tasks.o
 .comment       0x0000000000000050       0x51 ./thirdparty/freeRTOS/timers.o
 .comment       0x0000000000000050       0x51 ./thirdparty/freeRTOS/portable/GCC/ARM_CM4F/port.o
 .comment       0x0000000000000050       0x51 ./thirdparty/freeRTOS/portable/MemMang/heap_4.o

.debug_frame    0x0000000000000000     0x3acc
 .debug_frame   0x0000000000000000      0x134 ./Core/Src/main.o
 .debug_frame   0x0000000000000134       0x38 ./Core/Src/stm32f4xx_hal_msp.o
 .debug_frame   0x000000000000016c       0x74 ./Core/Src/stm32f4xx_hal_timebase_tim.o
 .debug_frame   0x00000000000001e0       0xc4 ./Core/Src/stm32f4xx_it.o
 .debug_frame   0x00000000000002a4       0x58 ./Core/Src/system_stm32f4xx.o
 .debug_frame   0x00000000000002fc      0x374 ./Drivers/STM32F4xx_HAL_Driver/Src/stm32f4xx_hal.o
 .debug_frame   0x0000000000000670      0x498 ./Drivers/STM32F4xx_HAL_Driver/Src/stm32f4xx_hal_cortex.o
 .debug_frame   0x0000000000000b08      0x1f4 ./Drivers/STM32F4xx_HAL_Driver/Src/stm32f4xx_hal_rcc.o
 .debug_frame   0x0000000000000cfc     0x11c4 ./Drivers/STM32F4xx_HAL_Driver/Src/stm32f4xx_hal_tim.o
 .debug_frame   0x0000000000001ec0      0x638 ./Drivers/STM32F4xx_HAL_Driver/Src/stm32f4xx_hal_tim_ex.o
 .debug_frame   0x00000000000024f8       0xd8 ./thirdparty/freeRTOS/list.o
 .debug_frame   0x00000000000025d0      0x534 ./thirdparty/freeRTOS/queue.o
 .debug_frame   0x0000000000002b04      0x894 ./thirdparty/freeRTOS/tasks.o
 .debug_frame   0x0000000000003398      0x38c ./thirdparty/freeRTOS/timers.o
 .debug_frame   0x0000000000003724      0x1a8 ./thirdparty/freeRTOS/portable/GCC/ARM_CM4F/port.o
 .debug_frame   0x00000000000038cc      0x12c ./thirdparty/freeRTOS/portable/MemMang/heap_4.o
 .debug_frame   0x00000000000039f8       0x2c c:/st/stm32cubeide_1.11.0/stm32cubeide/plugins/com.st.stm32cube.ide.mcu.externaltools.gnu-tools-for-stm32.10.3-2021.10.win32_1.0.100.202210260954/tools/bin/../lib/gcc/arm-none-eabi/10.3.1/../../../../arm-none-eabi/lib/thumb/v7e-m+fp/hard\libc_nano.a(lib_a-init.o)
 .debug_frame   0x0000000000003a24       0x28 c:/st/stm32cubeide_1.11.0/stm32cubeide/plugins/com.st.stm32cube.ide.mcu.externaltools.gnu-tools-for-stm32.10.3-2021.10.win32_1.0.100.202210260954/tools/bin/../lib/gcc/arm-none-eabi/10.3.1/../../../../arm-none-eabi/lib/thumb/v7e-m+fp/hard\libc_nano.a(lib_a-memcpy-stub.o)
 .debug_frame   0x0000000000003a4c       0x20 c:/st/stm32cubeide_1.11.0/stm32cubeide/plugins/com.st.stm32cube.ide.mcu.externaltools.gnu-tools-for-stm32.10.3-2021.10.win32_1.0.100.202210260954/tools/bin/../lib/gcc/arm-none-eabi/10.3.1/../../../../arm-none-eabi/lib/thumb/v7e-m+fp/hard\libc_nano.a(lib_a-memset.o)
 .debug_frame   0x0000000000003a6c       0x2c c:/st/stm32cubeide_1.11.0/stm32cubeide/plugins/com.st.stm32cube.ide.mcu.externaltools.gnu-tools-for-stm32.10.3-2021.10.win32_1.0.100.202210260954/tools/bin/../lib/gcc/arm-none-eabi/10.3.1/thumb/v7e-m+fp/hard\libgcc.a(_aeabi_uldivmod.o)
 .debug_frame   0x0000000000003a98       0x34 c:/st/stm32cubeide_1.11.0/stm32cubeide/plugins/com.st.stm32cube.ide.mcu.externaltools.gnu-tools-for-stm32.10.3-2021.10.win32_1.0.100.202210260954/tools/bin/../lib/gcc/arm-none-eabi/10.3.1/thumb/v7e-m+fp/hard\libgcc.a(_udivmoddi4.o)
