Archive member included to satisfy reference by file (symbol)

c:/st/stm32cubeide_1.11.0/stm32cubeide/plugins/com.st.stm32cube.ide.mcu.externaltools.gnu-tools-for-stm32.10.3-2021.10.win32_1.0.100.202210260954/tools/bin/../lib/gcc/arm-none-eabi/10.3.1/../../../../arm-none-eabi/lib/thumb/v7e-m+fp/hard\libc_nano.a(lib_a-errno.o)
                              ./Core/Src/syscalls.o (__errno)
c:/st/stm32cubeide_1.11.0/stm32cubeide/plugins/com.st.stm32cube.ide.mcu.externaltools.gnu-tools-for-stm32.10.3-2021.10.win32_1.0.100.202210260954/tools/bin/../lib/gcc/arm-none-eabi/10.3.1/../../../../arm-none-eabi/lib/thumb/v7e-m+fp/hard\libc_nano.a(lib_a-exit.o)
                              c:/st/stm32cubeide_1.11.0/stm32cubeide/plugins/com.st.stm32cube.ide.mcu.externaltools.gnu-tools-for-stm32.10.3-2021.10.win32_1.0.100.202210260954/tools/bin/../lib/gcc/arm-none-eabi/10.3.1/../../../../arm-none-eabi/lib/thumb/v7e-m+fp/hard/crt0.o (exit)
c:/st/stm32cubeide_1.11.0/stm32cubeide/plugins/com.st.stm32cube.ide.mcu.externaltools.gnu-tools-for-stm32.10.3-2021.10.win32_1.0.100.202210260954/tools/bin/../lib/gcc/arm-none-eabi/10.3.1/../../../../arm-none-eabi/lib/thumb/v7e-m+fp/hard\libc_nano.a(lib_a-impure.o)
                              c:/st/stm32cubeide_1.11.0/stm32cubeide/plugins/com.st.stm32cube.ide.mcu.externaltools.gnu-tools-for-stm32.10.3-2021.10.win32_1.0.100.202210260954/tools/bin/../lib/gcc/arm-none-eabi/10.3.1/../../../../arm-none-eabi/lib/thumb/v7e-m+fp/hard\libc_nano.a(lib_a-exit.o) (_global_impure_ptr)
c:/st/stm32cubeide_1.11.0/stm32cubeide/plugins/com.st.stm32cube.ide.mcu.externaltools.gnu-tools-for-stm32.10.3-2021.10.win32_1.0.100.202210260954/tools/bin/../lib/gcc/arm-none-eabi/10.3.1/../../../../arm-none-eabi/lib/thumb/v7e-m+fp/hard\libc_nano.a(lib_a-init.o)
                              c:/st/stm32cubeide_1.11.0/stm32cubeide/plugins/com.st.stm32cube.ide.mcu.externaltools.gnu-tools-for-stm32.10.3-2021.10.win32_1.0.100.202210260954/tools/bin/../lib/gcc/arm-none-eabi/10.3.1/../../../../arm-none-eabi/lib/thumb/v7e-m+fp/hard/crt0.o (__libc_init_array)
c:/st/stm32cubeide_1.11.0/stm32cubeide/plugins/com.st.stm32cube.ide.mcu.externaltools.gnu-tools-for-stm32.10.3-2021.10.win32_1.0.100.202210260954/tools/bin/../lib/gcc/arm-none-eabi/10.3.1/../../../../arm-none-eabi/lib/thumb/v7e-m+fp/hard\libc_nano.a(lib_a-memcpy-stub.o)
                              ./freeRTOS/queue.o (memcpy)
c:/st/stm32cubeide_1.11.0/stm32cubeide/plugins/com.st.stm32cube.ide.mcu.externaltools.gnu-tools-for-stm32.10.3-2021.10.win32_1.0.100.202210260954/tools/bin/../lib/gcc/arm-none-eabi/10.3.1/../../../../arm-none-eabi/lib/thumb/v7e-m+fp/hard\libc_nano.a(lib_a-memset.o)
                              c:/st/stm32cubeide_1.11.0/stm32cubeide/plugins/com.st.stm32cube.ide.mcu.externaltools.gnu-tools-for-stm32.10.3-2021.10.win32_1.0.100.202210260954/tools/bin/../lib/gcc/arm-none-eabi/10.3.1/../../../../arm-none-eabi/lib/thumb/v7e-m+fp/hard/crt0.o (memset)
c:/st/stm32cubeide_1.11.0/stm32cubeide/plugins/com.st.stm32cube.ide.mcu.externaltools.gnu-tools-for-stm32.10.3-2021.10.win32_1.0.100.202210260954/tools/bin/../lib/gcc/arm-none-eabi/10.3.1/thumb/v7e-m+fp/hard\libgcc.a(_aeabi_uldivmod.o)
                              ./Drivers/STM32F4xx_HAL_Driver/Src/stm32f4xx_hal_rcc.o (__aeabi_uldivmod)
c:/st/stm32cubeide_1.11.0/stm32cubeide/plugins/com.st.stm32cube.ide.mcu.externaltools.gnu-tools-for-stm32.10.3-2021.10.win32_1.0.100.202210260954/tools/bin/../lib/gcc/arm-none-eabi/10.3.1/thumb/v7e-m+fp/hard\libgcc.a(_udivmoddi4.o)
                              c:/st/stm32cubeide_1.11.0/stm32cubeide/plugins/com.st.stm32cube.ide.mcu.externaltools.gnu-tools-for-stm32.10.3-2021.10.win32_1.0.100.202210260954/tools/bin/../lib/gcc/arm-none-eabi/10.3.1/thumb/v7e-m+fp/hard\libgcc.a(_aeabi_uldivmod.o) (__udivmoddi4)
c:/st/stm32cubeide_1.11.0/stm32cubeide/plugins/com.st.stm32cube.ide.mcu.externaltools.gnu-tools-for-stm32.10.3-2021.10.win32_1.0.100.202210260954/tools/bin/../lib/gcc/arm-none-eabi/10.3.1/thumb/v7e-m+fp/hard\libgcc.a(_dvmd_tls.o)
                              c:/st/stm32cubeide_1.11.0/stm32cubeide/plugins/com.st.stm32cube.ide.mcu.externaltools.gnu-tools-for-stm32.10.3-2021.10.win32_1.0.100.202210260954/tools/bin/../lib/gcc/arm-none-eabi/10.3.1/thumb/v7e-m+fp/hard\libgcc.a(_aeabi_uldivmod.o) (__aeabi_ldiv0)

Discarded input sections

 .text          0x0000000000000000        0x0 c:/st/stm32cubeide_1.11.0/stm32cubeide/plugins/com.st.stm32cube.ide.mcu.externaltools.gnu-tools-for-stm32.10.3-2021.10.win32_1.0.100.202210260954/tools/bin/../lib/gcc/arm-none-eabi/10.3.1/thumb/v7e-m+fp/hard/crti.o
 .data          0x0000000000000000        0x0 c:/st/stm32cubeide_1.11.0/stm32cubeide/plugins/com.st.stm32cube.ide.mcu.externaltools.gnu-tools-for-stm32.10.3-2021.10.win32_1.0.100.202210260954/tools/bin/../lib/gcc/arm-none-eabi/10.3.1/thumb/v7e-m+fp/hard/crti.o
[...]
Memory Configuration

Name             Origin             Length             Attributes
CCMRAM           0x0000000010000000 0x0000000000010000 xrw
RAM              0x0000000020000000 0x0000000000020000 xrw
FLASH            0x0000000008000000 0x0000000000100000 xr
*default*        0x0000000000000000 0xffffffffffffffff

Linker script and memory map

LOAD c:/st/stm32cubeide_1.11.0/stm32cubeide/plugins/com.st.stm32cube.ide.mcu.externaltools.gnu-tools-for-stm32.10.3-2021.10.win32_1.0.100.202210260954/tools/bin/../lib/gcc/arm-none-eabi/10.3.1/thumb/v7e-m+fp/hard/crti.o
LOAD c:/st/stm32cubeide_1.11.0/stm32cubeide/plugins/com.st.stm32cube.ide.mcu.externaltools.gnu-tools-for-stm32.10.3-2021.10.win32_1.0.100.202210260954/tools/bin/../lib/gcc/arm-none-eabi/10.3.1/thumb/v7e-m+fp/hard/crtbegin.o
LOAD c:/st/stm32cubeide_1.11.0/stm32cubeide/plugins/com.st.stm32cube.ide.mcu.externaltools.gnu-tools-for-stm32.10.3-2021.10.win32_1.0.100.202210260954/tools/bin/../lib/gcc/arm-none-eabi/10.3.1/../../../../arm-none-eabi/lib/thumb/v7e-m+fp/hard/crt0.o
LOAD ./Core/Src/main.o
LOAD ./Core/Src/stm32f4xx_hal_msp.o
LOAD ./Core/Src/stm32f4xx_hal_timebase_tim.o
LOAD ./Core/Src/stm32f4xx_it.o
LOAD ./Core/Src/syscalls.o
LOAD ./Core/Src/system_stm32f4xx.o
LOAD ./Core/Startup/startup_stm32f405rgtx.o
LOAD ./Drivers/STM32F4xx_HAL_Driver/Src/stm32f4xx_hal.o
LOAD ./Drivers/STM32F4xx_HAL_Driver/Src/stm32f4xx_hal_cortex.o
LOAD ./Drivers/STM32F4xx_HAL_Driver/Src/stm32f4xx_hal_dma.o
LOAD ./Drivers/STM32F4xx_HAL_Driver/Src/stm32f4xx_hal_dma_ex.o
LOAD ./Drivers/STM32F4xx_HAL_Driver/Src/stm32f4xx_hal_exti.o
LOAD ./Drivers/STM32F4xx_HAL_Driver/Src/stm32f4xx_hal_flash.o
LOAD ./Drivers/STM32F4xx_HAL_Driver/Src/stm32f4xx_hal_flash_ex.o
LOAD ./Drivers/STM32F4xx_HAL_Driver/Src/stm32f4xx_hal_flash_ramfunc.o
LOAD ./Drivers/STM32F4xx_HAL_Driver/Src/stm32f4xx_hal_gpio.o
LOAD ./Drivers/STM32F4xx_HAL_Driver/Src/stm32f4xx_hal_pwr.o
LOAD ./Drivers/STM32F4xx_HAL_Driver/Src/stm32f4xx_hal_pwr_ex.o
LOAD ./Drivers/STM32F4xx_HAL_Driver/Src/stm32f4xx_hal_rcc.o
LOAD ./Drivers/STM32F4xx_HAL_Driver/Src/stm32f4xx_hal_rcc_ex.o
LOAD ./Drivers/STM32F4xx_HAL_Driver/Src/stm32f4xx_hal_tim.o
LOAD ./Drivers/STM32F4xx_HAL_Driver/Src/stm32f4xx_hal_tim_ex.o
LOAD ./freeRTOS/croutine.o
LOAD ./freeRTOS/event_groups.o
LOAD ./freeRTOS/list.o
LOAD ./freeRTOS/queue.o
LOAD ./freeRTOS/stream_buffer.o
LOAD ./freeRTOS/tasks.o
LOAD ./freeRTOS/timers.o
LOAD ./freeRTOS/portable/GCC/ARM_CM4F/port.o
LOAD ./freeRTOS/portable/MemMang/heap_4.o
START GROUP
LOAD c:/st/stm32cubeide_1.11.0/stm32cubeide/plugins/com.st.stm32cube.ide.mcu.externaltools.gnu-tools-for-stm32.10.3-2021.10.win32_1.0.100.202210260954/tools/bin/../lib/gcc/arm-none-eabi/10.3.1/../../../../arm-none-eabi/lib/thumb/v7e-m+fp/hard\libc_nano.a
LOAD c:/st/stm32cubeide_1.11.0/stm32cubeide/plugins/com.st.stm32cube.ide.mcu.externaltools.gnu-tools-for-stm32.10.3-2021.10.win32_1.0.100.202210260954/tools/bin/../lib/gcc/arm-none-eabi/10.3.1/../../../../arm-none-eabi/lib/thumb/v7e-m+fp/hard\libm.a
END GROUP
START GROUP
LOAD c:/st/stm32cubeide_1.11.0/stm32cubeide/plugins/com.st.stm32cube.ide.mcu.externaltools.gnu-tools-for-stm32.10.3-2021.10.win32_1.0.100.202210260954/tools/bin/../lib/gcc/arm-none-eabi/10.3.1/thumb/v7e-m+fp/hard\libgcc.a
LOAD c:/st/stm32cubeide_1.11.0/stm32cubeide/plugins/com.st.stm32cube.ide.mcu.externaltools.gnu-tools-for-stm32.10.3-2021.10.win32_1.0.100.202210260954/tools/bin/../lib/gcc/arm-none-eabi/10.3.1/../../../../arm-none-eabi/lib/thumb/v7e-m+fp/hard\libc_nano.a
END GROUP
START GROUP
LOAD c:/st/stm32cubeide_1.11.0/stm32cubeide/plugins/com.st.stm32cube.ide.mcu.externaltools.gnu-tools-for-stm32.10.3-2021.10.win32_1.0.100.202210260954/tools/bin/../lib/gcc/arm-none-eabi/10.3.1/thumb/v7e-m+fp/hard\libgcc.a
LOAD c:/st/stm32cubeide_1.11.0/stm32cubeide/plugins/com.st.stm32cube.ide.mcu.externaltools.gnu-tools-for-stm32.10.3-2021.10.win32_1.0.100.202210260954/tools/bin/../lib/gcc/arm-none-eabi/10.3.1/../../../../arm-none-eabi/lib/thumb/v7e-m+fp/hard\libc_nano.a
LOAD c:/st/stm32cubeide_1.11.0/stm32cubeide/plugins/com.st.stm32cube.ide.mcu.externaltools.gnu-tools-for-stm32.10.3-2021.10.win32_1.0.100.202210260954/tools/bin/../lib/gcc/arm-none-eabi/10.3.1/../../../../arm-none-eabi/lib/thumb/v7e-m+fp/hard\libnosys.a
END GROUP
START GROUP
LOAD c:/st/stm32cubeide_1.11.0/stm32cubeide/plugins/com.st.stm32cube.ide.mcu.externaltools.gnu-tools-for-stm32.10.3-2021.10.win32_1.0.100.202210260954/tools/bin/../lib/gcc/arm-none-eabi/10.3.1/thumb/v7e-m+fp/hard\libgcc.a
LOAD c:/st/stm32cubeide_1.11.0/stm32cubeide/plugins/com.st.stm32cube.ide.mcu.externaltools.gnu-tools-for-stm32.10.3-2021.10.win32_1.0.100.202210260954/tools/bin/../lib/gcc/arm-none-eabi/10.3.1/../../../../arm-none-eabi/lib/thumb/v7e-m+fp/hard\libc_nano.a
LOAD c:/st/stm32cubeide_1.11.0/stm32cubeide/plugins/com.st.stm32cube.ide.mcu.externaltools.gnu-tools-for-stm32.10.3-2021.10.win32_1.0.100.202210260954/tools/bin/../lib/gcc/arm-none-eabi/10.3.1/../../../../arm-none-eabi/lib/thumb/v7e-m+fp/hard\libnosys.a
END GROUP
LOAD c:/st/stm32cubeide_1.11.0/stm32cubeide/plugins/com.st.stm32cube.ide.mcu.externaltools.gnu-tools-for-stm32.10.3-2021.10.win32_1.0.100.202210260954/tools/bin/../lib/gcc/arm-none-eabi/10.3.1/thumb/v7e-m+fp/hard/crtend.o
LOAD c:/st/stm32cubeide_1.11.0/stm32cubeide/plugins/com.st.stm32cube.ide.mcu.externaltools.gnu-tools-for-stm32.10.3-2021.10.win32_1.0.100.202210260954/tools/bin/../lib/gcc/arm-none-eabi/10.3.1/thumb/v7e-m+fp/hard/crtn.o
                0x0000000020020000                _estack = (ORIGIN (RAM) + LENGTH (RAM))
                0x0000000000000200                _Min_Heap_Size = 0x200
                0x0000000000000400                _Min_Stack_Size = 0x400

.isr_vector     0x0000000008000000      0x188
                0x0000000008000000                . = ALIGN (0x4)
 *(.isr_vector)
 .isr_vector    0x0000000008000000      0x188 ./Core/Startup/startup_stm32f405rgtx.o
                0x0000000008000000                g_pfnVectors
                0x0000000008000188                . = ALIGN (0x4)

.text           0x0000000008000190     0x44d4
                0x0000000008000190                . = ALIGN (0x4)
 *(.text)
 .text          0x0000000008000190       0x40 c:/st/stm32cubeide_1.11.0/stm32cubeide/plugins/com.st.stm32cube.ide.mcu.externaltools.gnu-tools-for-stm32.10.3-2021.10.win32_1.0.100.202210260954/tools/bin/../lib/gcc/arm-none-eabi/10.3.1/thumb/v7e-m+fp/hard/crtbegin.o
 .text          0x00000000080001d0       0x30 c:/st/stm32cubeide_1.11.0/stm32cubeide/plugins/com.st.stm32cube.ide.mcu.externaltools.gnu-tools-for-stm32.10.3-2021.10.win32_1.0.100.202210260954/tools/bin/../lib/gcc/arm-none-eabi/10.3.1/thumb/v7e-m+fp/hard\libgcc.a(_aeabi_uldivmod.o)
                0x00000000080001d0                __aeabi_uldivmod
 .text          0x0000000008000200      0x2d0 c:/st/stm32cubeide_1.11.0/stm32cubeide/plugins/com.st.stm32cube.ide.mcu.externaltools.gnu-tools-for-stm32.10.3-2021.10.win32_1.0.100.202210260954/tools/bin/../lib/gcc/arm-none-eabi/10.3.1/thumb/v7e-m+fp/hard\libgcc.a(_udivmoddi4.o)
                0x0000000008000200                __udivmoddi4
 .text          0x00000000080004d0        0x4 c:/st/stm32cubeide_1.11.0/stm32cubeide/plugins/com.st.stm32cube.ide.mcu.externaltools.gnu-tools-for-stm32.10.3-2021.10.win32_1.0.100.202210260954/tools/bin/../lib/gcc/arm-none-eabi/10.3.1/thumb/v7e-m+fp/hard\libgcc.a(_dvmd_tls.o)
                0x00000000080004d0                __aeabi_idiv0
                0x00000000080004d0                __aeabi_ldiv0
 *(.text*)
 .text.task1    0x00000000080004d4       0x80 ./Core/Src/main.o
                0x00000000080004d4                task1
 .text.task2    0x0000000008000554       0x44 ./Core/Src/main.o
                0x0000000008000554                task2
 .text.main     0x0000000008000598       0xb0 ./Core/Src/main.o
                0x0000000008000598                main
 .text.SystemClock_Config
                0x0000000008000648       0xbc ./Core/Src/main.o
                0x0000000008000648                SystemClock_Config
 .text.HAL_TIM_PeriodElapsedCallback
                0x0000000008000704       0x24 ./Core/Src/main.o
                0x0000000008000704                HAL_TIM_PeriodElapsedCallback
 .text.Error_Handler
                0x0000000008000728        0xa ./Core/Src/main.o
                0x0000000008000728                Error_Handler
 *fill*         0x0000000008000732        0x2 
 .text.HAL_MspInit
                0x0000000008000734       0x50 ./Core/Src/stm32f4xx_hal_msp.o
                0x0000000008000734                HAL_MspInit
 .text.HAL_InitTick
                0x0000000008000784       0xf8 ./Core/Src/stm32f4xx_hal_timebase_tim.o
                0x0000000008000784                HAL_InitTick
 .text.NMI_Handler
                0x000000000800087c        0x6 ./Core/Src/stm32f4xx_it.o
                0x000000000800087c                NMI_Handler
 .text.HardFault_Handler
                0x0000000008000882        0x6 ./Core/Src/stm32f4xx_it.o
                0x0000000008000882                HardFault_Handler
 .text.MemManage_Handler
                0x0000000008000888        0x6 ./Core/Src/stm32f4xx_it.o
                0x0000000008000888                MemManage_Handler
 .text.BusFault_Handler
                0x000000000800088e        0x6 ./Core/Src/stm32f4xx_it.o
                0x000000000800088e                BusFault_Handler
 .text.UsageFault_Handler
                0x0000000008000894        0x6 ./Core/Src/stm32f4xx_it.o
                0x0000000008000894                UsageFault_Handler
 .text.DebugMon_Handler
                0x000000000800089a        0xe ./Core/Src/stm32f4xx_it.o
                0x000000000800089a                DebugMon_Handler
 .text.TIM6_DAC_IRQHandler
                0x00000000080008a8       0x14 ./Core/Src/stm32f4xx_it.o
                0x00000000080008a8                TIM6_DAC_IRQHandler
 .text.SystemInit
                0x00000000080008bc       0x24 ./Core/Src/system_stm32f4xx.o
                0x00000000080008bc                SystemInit
 .text.Reset_Handler
                0x00000000080008e0       0x50 ./Core/Startup/startup_stm32f405rgtx.o
                0x00000000080008e0                Reset_Handler
 .text.Default_Handler
                0x0000000008000930        0x2 ./Core/Startup/startup_stm32f405rgtx.o
                0x0000000008000930                RTC_Alarm_IRQHandler
                0x0000000008000930                HASH_RNG_IRQHandler
                0x0000000008000930                EXTI2_IRQHandler
                0x0000000008000930                TIM8_CC_IRQHandler
                0x0000000008000930                TIM1_CC_IRQHandler
                0x0000000008000930                DMA2_Stream5_IRQHandler
                0x0000000008000930                DMA1_Stream5_IRQHandler
                0x0000000008000930                PVD_IRQHandler
                0x0000000008000930                SDIO_IRQHandler
                0x0000000008000930                TAMP_STAMP_IRQHandler
                0x0000000008000930                CAN2_RX1_IRQHandler
                0x0000000008000930                EXTI3_IRQHandler
                0x0000000008000930                TIM8_TRG_COM_TIM14_IRQHandler
                0x0000000008000930                TIM1_UP_TIM10_IRQHandler
                0x0000000008000930                TIM8_UP_TIM13_IRQHandler
                0x0000000008000930                I2C3_ER_IRQHandler
                0x0000000008000930                EXTI0_IRQHandler
                0x0000000008000930                I2C2_EV_IRQHandler
                0x0000000008000930                DMA1_Stream2_IRQHandler
                0x0000000008000930                CAN1_RX0_IRQHandler
                0x0000000008000930                FPU_IRQHandler
                0x0000000008000930                OTG_HS_WKUP_IRQHandler
                0x0000000008000930                CAN2_SCE_IRQHandler
                0x0000000008000930                DMA2_Stream2_IRQHandler
                0x0000000008000930                SPI1_IRQHandler
                0x0000000008000930                TIM1_BRK_TIM9_IRQHandler
                0x0000000008000930                CAN2_RX0_IRQHandler
                0x0000000008000930                DMA2_Stream3_IRQHandler
                0x0000000008000930                USART6_IRQHandler
                0x0000000008000930                USART3_IRQHandler
                0x0000000008000930                CAN1_RX1_IRQHandler
                0x0000000008000930                UART5_IRQHandler
                0x0000000008000930                DMA2_Stream0_IRQHandler
                0x0000000008000930                TIM4_IRQHandler
                0x0000000008000930                I2C1_EV_IRQHandler
                0x0000000008000930                DMA1_Stream6_IRQHandler
                0x0000000008000930                DMA1_Stream1_IRQHandler
                0x0000000008000930                UART4_IRQHandler
                0x0000000008000930                TIM3_IRQHandler
                0x0000000008000930                RCC_IRQHandler
                0x0000000008000930                TIM8_BRK_TIM12_IRQHandler
                0x0000000008000930                Default_Handler
                0x0000000008000930                EXTI15_10_IRQHandler
                0x0000000008000930                ADC_IRQHandler
                0x0000000008000930                DMA1_Stream7_IRQHandler
                0x0000000008000930                TIM7_IRQHandler
                0x0000000008000930                CAN2_TX_IRQHandler
                0x0000000008000930                TIM5_IRQHandler
                0x0000000008000930                DMA2_Stream7_IRQHandler
                0x0000000008000930                I2C3_EV_IRQHandler
                0x0000000008000930                EXTI9_5_IRQHandler
                0x0000000008000930                RTC_WKUP_IRQHandler
                0x0000000008000930                SPI2_IRQHandler
                0x0000000008000930                OTG_HS_EP1_IN_IRQHandler
                0x0000000008000930                DMA1_Stream0_IRQHandler
                0x0000000008000930                CAN1_TX_IRQHandler
                0x0000000008000930                EXTI4_IRQHandler
                0x0000000008000930                FSMC_IRQHandler
                0x0000000008000930                OTG_HS_EP1_OUT_IRQHandler
                0x0000000008000930                WWDG_IRQHandler
                0x0000000008000930                TIM2_IRQHandler
                0x0000000008000930                OTG_FS_WKUP_IRQHandler
                0x0000000008000930                TIM1_TRG_COM_TIM11_IRQHandler
                0x0000000008000930                OTG_HS_IRQHandler
                0x0000000008000930                EXTI1_IRQHandler
                0x0000000008000930                USART2_IRQHandler
                0x0000000008000930                I2C2_ER_IRQHandler
                0x0000000008000930                DMA2_Stream1_IRQHandler
                0x0000000008000930                CAN1_SCE_IRQHandler
                0x0000000008000930                FLASH_IRQHandler
                0x0000000008000930                DMA2_Stream4_IRQHandler
                0x0000000008000930                USART1_IRQHandler
                0x0000000008000930                OTG_FS_IRQHandler
                0x0000000008000930                SPI3_IRQHandler
                0x0000000008000930                DMA1_Stream4_IRQHandler
                0x0000000008000930                I2C1_ER_IRQHandler
                0x0000000008000930                DMA2_Stream6_IRQHandler
                0x0000000008000930                DMA1_Stream3_IRQHandler
 *fill*         0x0000000008000932        0x2 
 .text.HAL_Init
                0x0000000008000934       0x44 ./Drivers/STM32F4xx_HAL_Driver/Src/stm32f4xx_hal.o
                0x0000000008000934                HAL_Init
 .text.HAL_IncTick
                0x0000000008000978       0x28 ./Drivers/STM32F4xx_HAL_Driver/Src/stm32f4xx_hal.o
                0x0000000008000978                HAL_IncTick
 .text.HAL_GetTick
                0x00000000080009a0       0x18 ./Drivers/STM32F4xx_HAL_Driver/Src/stm32f4xx_hal.o
                0x00000000080009a0                HAL_GetTick
 .text.__NVIC_SetPriorityGrouping
                0x00000000080009b8       0x48 ./Drivers/STM32F4xx_HAL_Driver/Src/stm32f4xx_hal_cortex.o
 .text.__NVIC_GetPriorityGrouping
                0x0000000008000a00       0x1c ./Drivers/STM32F4xx_HAL_Driver/Src/stm32f4xx_hal_cortex.o
 .text.__NVIC_EnableIRQ
                0x0000000008000a1c       0x3c ./Drivers/STM32F4xx_HAL_Driver/Src/stm32f4xx_hal_cortex.o
 .text.__NVIC_SetPriority
                0x0000000008000a58       0x54 ./Drivers/STM32F4xx_HAL_Driver/Src/stm32f4xx_hal_cortex.o
 .text.NVIC_EncodePriority
                0x0000000008000aac       0x66 ./Drivers/STM32F4xx_HAL_Driver/Src/stm32f4xx_hal_cortex.o
 .text.HAL_NVIC_SetPriorityGrouping
                0x0000000008000b12       0x16 ./Drivers/STM32F4xx_HAL_Driver/Src/stm32f4xx_hal_cortex.o
                0x0000000008000b12                HAL_NVIC_SetPriorityGrouping
 .text.HAL_NVIC_SetPriority
                0x0000000008000b28       0x38 ./Drivers/STM32F4xx_HAL_Driver/Src/stm32f4xx_hal_cortex.o
                0x0000000008000b28                HAL_NVIC_SetPriority
 .text.HAL_NVIC_EnableIRQ
                0x0000000008000b60       0x1c ./Drivers/STM32F4xx_HAL_Driver/Src/stm32f4xx_hal_cortex.o
                0x0000000008000b60                HAL_NVIC_EnableIRQ
 .text.HAL_RCC_OscConfig
                0x0000000008000b7c      0x4f0 ./Drivers/STM32F4xx_HAL_Driver/Src/stm32f4xx_hal_rcc.o
                0x0000000008000b7c                HAL_RCC_OscConfig
 .text.HAL_RCC_ClockConfig
                0x000000000800106c      0x1cc ./Drivers/STM32F4xx_HAL_Driver/Src/stm32f4xx_hal_rcc.o
                0x000000000800106c                HAL_RCC_ClockConfig
 .text.HAL_RCC_GetSysClockFreq
                0x0000000008001238      0x18c ./Drivers/STM32F4xx_HAL_Driver/Src/stm32f4xx_hal_rcc.o
                0x0000000008001238                HAL_RCC_GetSysClockFreq
 .text.HAL_RCC_GetHCLKFreq
                0x00000000080013c4       0x18 ./Drivers/STM32F4xx_HAL_Driver/Src/stm32f4xx_hal_rcc.o
                0x00000000080013c4                HAL_RCC_GetHCLKFreq
 .text.HAL_RCC_GetPCLK1Freq
                0x00000000080013dc       0x28 ./Drivers/STM32F4xx_HAL_Driver/Src/stm32f4xx_hal_rcc.o
                0x00000000080013dc                HAL_RCC_GetPCLK1Freq
 .text.HAL_RCC_GetClockConfig
                0x0000000008001404       0x64 ./Drivers/STM32F4xx_HAL_Driver/Src/stm32f4xx_hal_rcc.o
                0x0000000008001404                HAL_RCC_GetClockConfig
 .text.HAL_TIM_Base_Init
                0x0000000008001468       0x9e ./Drivers/STM32F4xx_HAL_Driver/Src/stm32f4xx_hal_tim.o
                0x0000000008001468                HAL_TIM_Base_Init
 .text.HAL_TIM_Base_MspInit
                0x0000000008001506       0x14 ./Drivers/STM32F4xx_HAL_Driver/Src/stm32f4xx_hal_tim.o
                0x0000000008001506                HAL_TIM_Base_MspInit
 *fill*         0x000000000800151a        0x2 
 .text.HAL_TIM_Base_Start_IT
                0x000000000800151c       0xe0 ./Drivers/STM32F4xx_HAL_Driver/Src/stm32f4xx_hal_tim.o
                0x000000000800151c                HAL_TIM_Base_Start_IT
 .text.HAL_TIM_IRQHandler
                0x00000000080015fc      0x210 ./Drivers/STM32F4xx_HAL_Driver/Src/stm32f4xx_hal_tim.o
                0x00000000080015fc                HAL_TIM_IRQHandler
 .text.HAL_TIM_OC_DelayElapsedCallback
                0x000000000800180c       0x14 ./Drivers/STM32F4xx_HAL_Driver/Src/stm32f4xx_hal_tim.o
                0x000000000800180c                HAL_TIM_OC_DelayElapsedCallback
 .text.HAL_TIM_IC_CaptureCallback
                0x0000000008001820       0x14 ./Drivers/STM32F4xx_HAL_Driver/Src/stm32f4xx_hal_tim.o
                0x0000000008001820                HAL_TIM_IC_CaptureCallback
 .text.HAL_TIM_PWM_PulseFinishedCallback
                0x0000000008001834       0x14 ./Drivers/STM32F4xx_HAL_Driver/Src/stm32f4xx_hal_tim.o
                0x0000000008001834                HAL_TIM_PWM_PulseFinishedCallback
 .text.HAL_TIM_TriggerCallback
                0x0000000008001848       0x14 ./Drivers/STM32F4xx_HAL_Driver/Src/stm32f4xx_hal_tim.o
                0x0000000008001848                HAL_TIM_TriggerCallback
 .text.TIM_Base_SetConfig
                0x000000000800185c      0x140 ./Drivers/STM32F4xx_HAL_Driver/Src/stm32f4xx_hal_tim.o
                0x000000000800185c                TIM_Base_SetConfig
 .text.HAL_TIMEx_CommutCallback
                0x000000000800199c       0x14 ./Drivers/STM32F4xx_HAL_Driver/Src/stm32f4xx_hal_tim_ex.o
                0x000000000800199c                HAL_TIMEx_CommutCallback
 .text.HAL_TIMEx_BreakCallback
                0x00000000080019b0       0x14 ./Drivers/STM32F4xx_HAL_Driver/Src/stm32f4xx_hal_tim_ex.o
                0x00000000080019b0                HAL_TIMEx_BreakCallback
 .text.vListInitialise
                0x00000000080019c4       0x40 ./freeRTOS/list.o
                0x00000000080019c4                vListInitialise
 .text.vListInitialiseItem
                0x0000000008001a04       0x1a ./freeRTOS/list.o
                0x0000000008001a04                vListInitialiseItem
 .text.vListInsertEnd
                0x0000000008001a1e       0x48 ./freeRTOS/list.o
                0x0000000008001a1e                vListInsertEnd
 .text.vListInsert
                0x0000000008001a66       0x72 ./freeRTOS/list.o
                0x0000000008001a66                vListInsert
 .text.uxListRemove
                0x0000000008001ad8       0x54 ./freeRTOS/list.o
                0x0000000008001ad8                uxListRemove
 .text.xQueueGenericReset
                0x0000000008001b2c       0xd0 ./freeRTOS/queue.o
                0x0000000008001b2c                xQueueGenericReset
 .text.xQueueGenericCreate
                0x0000000008001bfc       0xbe ./freeRTOS/queue.o
                0x0000000008001bfc                xQueueGenericCreate
 .text.prvInitialiseNewQueue
                0x0000000008001cba       0x46 ./freeRTOS/queue.o
 .text.xQueueCreateCountingSemaphore
                0x0000000008001d00       0x66 ./freeRTOS/queue.o
                0x0000000008001d00                xQueueCreateCountingSemaphore
 *fill*         0x0000000008001d66        0x2 
 .text.xQueueGenericSend
                0x0000000008001d68      0x1fc ./freeRTOS/queue.o
                0x0000000008001d68                xQueueGenericSend
 .text.xQueueGenericSendFromISR
                0x0000000008001f64      0x154 ./freeRTOS/queue.o
                0x0000000008001f64                xQueueGenericSendFromISR
 .text.xQueueReceive
                0x00000000080020b8      0x1c0 ./freeRTOS/queue.o
                0x00000000080020b8                xQueueReceive
 .text.xQueueSemaphoreTake
                0x0000000008002278      0x218 ./freeRTOS/queue.o
                0x0000000008002278                xQueueSemaphoreTake
 .text.uxQueueMessagesWaiting
                0x0000000008002490       0x3c ./freeRTOS/queue.o
                0x0000000008002490                uxQueueMessagesWaiting
 .text.prvGetDisinheritPriorityAfterTimeout
                0x00000000080024cc       0x30 ./freeRTOS/queue.o
 .text.prvCopyDataToQueue
                0x00000000080024fc       0xd4 ./freeRTOS/queue.o
 .text.prvCopyDataFromQueue
                0x00000000080025d0       0x4c ./freeRTOS/queue.o
 .text.prvUnlockQueue
                0x000000000800261c       0xa4 ./freeRTOS/queue.o
 .text.prvIsQueueEmpty
                0x00000000080026c0       0x2c ./freeRTOS/queue.o
 .text.prvIsQueueFull
                0x00000000080026ec       0x30 ./freeRTOS/queue.o
 .text.vQueueAddToRegistry
                0x000000000800271c       0x54 ./freeRTOS/queue.o
                0x000000000800271c                vQueueAddToRegistry
 .text.vQueueWaitForMessageRestricted
                0x0000000008002770       0x68 ./freeRTOS/queue.o
                0x0000000008002770                vQueueWaitForMessageRestricted
 .text.xTaskCreate
                0x00000000080027d8       0x82 ./freeRTOS/tasks.o
                0x00000000080027d8                xTaskCreate
 .text.prvInitialiseNewTask
                0x000000000800285a      0x12c ./freeRTOS/tasks.o
 *fill*         0x0000000008002986        0x2 
 .text.prvAddNewTaskToReadyList
                0x0000000008002988       0xdc ./freeRTOS/tasks.o
 .text.vTaskDelay
                0x0000000008002a64       0x68 ./freeRTOS/tasks.o
                0x0000000008002a64                vTaskDelay
 .text.vTaskStartScheduler
                0x0000000008002acc       0xa4 ./freeRTOS/tasks.o
                0x0000000008002acc                vTaskStartScheduler
 .text.vTaskSuspendAll
                0x0000000008002b70       0x1c ./freeRTOS/tasks.o
                0x0000000008002b70                vTaskSuspendAll
 .text.xTaskResumeAll
                0x0000000008002b8c      0x138 ./freeRTOS/tasks.o
                0x0000000008002b8c                xTaskResumeAll
 .text.xTaskGetTickCount
                0x0000000008002cc4       0x20 ./freeRTOS/tasks.o
                0x0000000008002cc4                xTaskGetTickCount
 .text.xTaskIncrementTick
                0x0000000008002ce4      0x170 ./freeRTOS/tasks.o
                0x0000000008002ce4                xTaskIncrementTick
 .text.vTaskSwitchContext
                0x0000000008002e54       0xb8 ./freeRTOS/tasks.o
                0x0000000008002e54                vTaskSwitchContext
 .text.vTaskPlaceOnEventList
                0x0000000008002f0c       0x48 ./freeRTOS/tasks.o
                0x0000000008002f0c                vTaskPlaceOnEventList
 .text.vTaskPlaceOnEventListRestricted
                0x0000000008002f54       0x58 ./freeRTOS/tasks.o
                0x0000000008002f54                vTaskPlaceOnEventListRestricted
 .text.xTaskRemoveFromEventList
                0x0000000008002fac       0xc4 ./freeRTOS/tasks.o
                0x0000000008002fac                xTaskRemoveFromEventList
 .text.vTaskInternalSetTimeOutState
                0x0000000008003070       0x2c ./freeRTOS/tasks.o
                0x0000000008003070                vTaskInternalSetTimeOutState
 .text.xTaskCheckForTimeOut
                0x000000000800309c       0xcc ./freeRTOS/tasks.o
                0x000000000800309c                xTaskCheckForTimeOut
 .text.vTaskMissedYield
                0x0000000008003168       0x18 ./freeRTOS/tasks.o
                0x0000000008003168                vTaskMissedYield
 .text.prvIdleTask
                0x0000000008003180       0x30 ./freeRTOS/tasks.o
 .text.prvInitialiseTaskLists
                0x00000000080031b0       0x80 ./freeRTOS/tasks.o
 .text.prvCheckTasksWaitingTermination
                0x0000000008003230       0x5c ./freeRTOS/tasks.o
 .text.prvDeleteTCB
                0x000000000800328c       0x20 ./freeRTOS/tasks.o
 .text.prvResetNextTaskUnblockTime
                0x00000000080032ac       0x38 ./freeRTOS/tasks.o
 .text.xTaskGetSchedulerState
                0x00000000080032e4       0x3c ./freeRTOS/tasks.o
                0x00000000080032e4                xTaskGetSchedulerState
 .text.xTaskPriorityInherit
                0x0000000008003320       0xec ./freeRTOS/tasks.o
                0x0000000008003320                xTaskPriorityInherit
 .text.xTaskPriorityDisinherit
                0x000000000800340c       0xf4 ./freeRTOS/tasks.o
                0x000000000800340c                xTaskPriorityDisinherit
 .text.vTaskPriorityDisinheritAfterTimeout
                0x0000000008003500      0x11c ./freeRTOS/tasks.o
                0x0000000008003500                vTaskPriorityDisinheritAfterTimeout
 .text.pvTaskIncrementMutexHeldCount
                0x000000000800361c       0x28 ./freeRTOS/tasks.o
                0x000000000800361c                pvTaskIncrementMutexHeldCount
 .text.prvAddCurrentTaskToDelayedList
                0x0000000008003644       0xcc ./freeRTOS/tasks.o
 .text.xTimerCreateTimerTask
                0x0000000008003710       0x64 ./freeRTOS/timers.o
                0x0000000008003710                xTimerCreateTimerTask
 .text.xTimerGenericCommand
                0x0000000008003774       0x9c ./freeRTOS/timers.o
                0x0000000008003774                xTimerGenericCommand
 .text.prvProcessExpiredTimer
                0x0000000008003810       0x98 ./freeRTOS/timers.o
 .text.prvTimerTask
                0x00000000080038a8       0x24 ./freeRTOS/timers.o
 .text.prvProcessTimerOrBlockTask
                0x00000000080038cc       0x9c ./freeRTOS/timers.o
 .text.prvGetNextExpireTime
                0x0000000008003968       0x48 ./freeRTOS/timers.o
 .text.prvSampleTimeNow
                0x00000000080039b0       0x40 ./freeRTOS/timers.o
 .text.prvInsertTimerInActiveList
                0x00000000080039f0       0x84 ./freeRTOS/timers.o
 .text.prvProcessReceivedCommands
                0x0000000008003a74      0x18c ./freeRTOS/timers.o
 .text.prvSwitchTimerLists
                0x0000000008003c00       0xc8 ./freeRTOS/timers.o
 .text.prvCheckForValidListAndQueue
                0x0000000008003cc8       0x6c ./freeRTOS/timers.o
 .text.pxPortInitialiseStack
                0x0000000008003d34       0x68 ./freeRTOS/portable/GCC/ARM_CM4F/port.o
                0x0000000008003d34                pxPortInitialiseStack
 .text.prvTaskExitError
                0x0000000008003d9c       0x58 ./freeRTOS/portable/GCC/ARM_CM4F/port.o
 *fill*         0x0000000008003df4        0xc 
 .text.SVC_Handler
                0x0000000008003e00       0x28 ./freeRTOS/portable/GCC/ARM_CM4F/port.o
                0x0000000008003e00                SVC_Handler
 .text.prvPortStartFirstTask
                0x0000000008003e28       0x2c ./freeRTOS/portable/GCC/ARM_CM4F/port.o
 .text.xPortStartScheduler
                0x0000000008003e54      0x144 ./freeRTOS/portable/GCC/ARM_CM4F/port.o
                0x0000000008003e54                xPortStartScheduler
 .text.vPortEnterCritical
                0x0000000008003f98       0x60 ./freeRTOS/portable/GCC/ARM_CM4F/port.o
                0x0000000008003f98                vPortEnterCritical
 .text.vPortExitCritical
                0x0000000008003ff8       0x54 ./freeRTOS/portable/GCC/ARM_CM4F/port.o
                0x0000000008003ff8                vPortExitCritical
 *fill*         0x000000000800404c        0x4 
 .text.PendSV_Handler
                0x0000000008004050       0x68 ./freeRTOS/portable/GCC/ARM_CM4F/port.o
                0x0000000008004050                PendSV_Handler
 .text.SysTick_Handler
                0x00000000080040b8       0x44 ./freeRTOS/portable/GCC/ARM_CM4F/port.o
                0x00000000080040b8                SysTick_Handler
 .text.vPortSetupTimerInterrupt
                0x00000000080040fc       0x48 ./freeRTOS/portable/GCC/ARM_CM4F/port.o
                0x00000000080040fc                vPortSetupTimerInterrupt
 .text.vPortEnableVFP
                0x0000000008004144       0x18 ./freeRTOS/portable/GCC/ARM_CM4F/port.o
 .text.vPortValidateInterruptPriority
                0x000000000800415c       0x80 ./freeRTOS/portable/GCC/ARM_CM4F/port.o
                0x000000000800415c                vPortValidateInterruptPriority
 .text.pvPortMalloc
                0x00000000080041dc      0x1c0 ./freeRTOS/portable/MemMang/heap_4.o
                0x00000000080041dc                pvPortMalloc
 .text.vPortFree
                0x000000000800439c       0xc4 ./freeRTOS/portable/MemMang/heap_4.o
                0x000000000800439c                vPortFree
 .text.prvHeapInit
                0x0000000008004460       0xc4 ./freeRTOS/portable/MemMang/heap_4.o
 .text.prvInsertBlockIntoFreeList
                0x0000000008004524       0xb4 ./freeRTOS/portable/MemMang/heap_4.o
 .text.__libc_init_array
                0x00000000080045d8       0x48 c:/st/stm32cubeide_1.11.0/stm32cubeide/plugins/com.st.stm32cube.ide.mcu.externaltools.gnu-tools-for-stm32.10.3-2021.10.win32_1.0.100.202210260954/tools/bin/../lib/gcc/arm-none-eabi/10.3.1/../../../../arm-none-eabi/lib/thumb/v7e-m+fp/hard\libc_nano.a(lib_a-init.o)
                0x00000000080045d8                __libc_init_array
 .text.memcpy   0x0000000008004620       0x1c c:/st/stm32cubeide_1.11.0/stm32cubeide/plugins/com.st.stm32cube.ide.mcu.externaltools.gnu-tools-for-stm32.10.3-2021.10.win32_1.0.100.202210260954/tools/bin/../lib/gcc/arm-none-eabi/10.3.1/../../../../arm-none-eabi/lib/thumb/v7e-m+fp/hard\libc_nano.a(lib_a-memcpy-stub.o)
                0x0000000008004620                memcpy
 .text.memset   0x000000000800463c       0x10 c:/st/stm32cubeide_1.11.0/stm32cubeide/plugins/com.st.stm32cube.ide.mcu.externaltools.gnu-tools-for-stm32.10.3-2021.10.win32_1.0.100.202210260954/tools/bin/../lib/gcc/arm-none-eabi/10.3.1/../../../../arm-none-eabi/lib/thumb/v7e-m+fp/hard\libc_nano.a(lib_a-memset.o)
                0x000000000800463c                memset
 *(.glue_7)
 .glue_7        0x000000000800464c        0x0 linker stubs
 *(.glue_7t)
 .glue_7t       0x000000000800464c        0x0 linker stubs
 *(.eh_frame)
 .eh_frame      0x000000000800464c        0x0 c:/st/stm32cubeide_1.11.0/stm32cubeide/plugins/com.st.stm32cube.ide.mcu.externaltools.gnu-tools-for-stm32.10.3-2021.10.win32_1.0.100.202210260954/tools/bin/../lib/gcc/arm-none-eabi/10.3.1/thumb/v7e-m+fp/hard/crtbegin.o
 *(.init)
 .init          0x000000000800464c        0x4 c:/st/stm32cubeide_1.11.0/stm32cubeide/plugins/com.st.stm32cube.ide.mcu.externaltools.gnu-tools-for-stm32.10.3-2021.10.win32_1.0.100.202210260954/tools/bin/../lib/gcc/arm-none-eabi/10.3.1/thumb/v7e-m+fp/hard/crti.o
                0x000000000800464c                _init
 .init          0x0000000008004650        0x8 c:/st/stm32cubeide_1.11.0/stm32cubeide/plugins/com.st.stm32cube.ide.mcu.externaltools.gnu-tools-for-stm32.10.3-2021.10.win32_1.0.100.202210260954/tools/bin/../lib/gcc/arm-none-eabi/10.3.1/thumb/v7e-m+fp/hard/crtn.o
 *(.fini)
 .fini          0x0000000008004658        0x4 c:/st/stm32cubeide_1.11.0/stm32cubeide/plugins/com.st.stm32cube.ide.mcu.externaltools.gnu-tools-for-stm32.10.3-2021.10.win32_1.0.100.202210260954/tools/bin/../lib/gcc/arm-none-eabi/10.3.1/thumb/v7e-m+fp/hard/crti.o
                0x0000000008004658                _fini
 .fini          0x000000000800465c        0x8 c:/st/stm32cubeide_1.11.0/stm32cubeide/plugins/com.st.stm32cube.ide.mcu.externaltools.gnu-tools-for-stm32.10.3-2021.10.win32_1.0.100.202210260954/tools/bin/../lib/gcc/arm-none-eabi/10.3.1/thumb/v7e-m+fp/hard/crtn.o
                0x0000000008004664                . = ALIGN (0x4)
                0x0000000008004664                _etext = .

.vfp11_veneer   0x0000000008004664        0x0
 .vfp11_veneer  0x0000000008004664        0x0 linker stubs

.v4_bx          0x0000000008004664        0x0
 .v4_bx         0x0000000008004664        0x0 linker stubs

.iplt           0x0000000008004664        0x0
 .iplt          0x0000000008004664        0x0 c:/st/stm32cubeide_1.11.0/stm32cubeide/plugins/com.st.stm32cube.ide.mcu.externaltools.gnu-tools-for-stm32.10.3-2021.10.win32_1.0.100.202210260954/tools/bin/../lib/gcc/arm-none-eabi/10.3.1/thumb/v7e-m+fp/hard/crtbegin.o

.rodata         0x0000000008004664       0x3c
                0x0000000008004664                . = ALIGN (0x4)
 *(.rodata)
 .rodata        0x0000000008004664        0xc ./Core/Src/main.o
 .rodata        0x0000000008004670        0x5 ./freeRTOS/tasks.o
 *fill*         0x0000000008004675        0x3 
 .rodata        0x0000000008004678        0xd ./freeRTOS/timers.o
 *(.rodata*)
 *fill*         0x0000000008004685        0x3 
 .rodata.AHBPrescTable
                0x0000000008004688       0x10 ./Core/Src/system_stm32f4xx.o
                0x0000000008004688                AHBPrescTable
 .rodata.APBPrescTable
                0x0000000008004698        0x8 ./Core/Src/system_stm32f4xx.o
                0x0000000008004698                APBPrescTable
                0x00000000080046a0                . = ALIGN (0x4)

.ARM.extab      0x00000000080046a0        0x0
                0x00000000080046a0                . = ALIGN (0x4)
 *(.ARM.extab* .gnu.linkonce.armextab.*)
                0x00000000080046a0                . = ALIGN (0x4)

.ARM            0x00000000080046a0        0x8
                0x00000000080046a0                . = ALIGN (0x4)
                0x00000000080046a0                __exidx_start = .
 *(.ARM.exidx*)
 .ARM.exidx     0x00000000080046a0        0x8 c:/st/stm32cubeide_1.11.0/stm32cubeide/plugins/com.st.stm32cube.ide.mcu.externaltools.gnu-tools-for-stm32.10.3-2021.10.win32_1.0.100.202210260954/tools/bin/../lib/gcc/arm-none-eabi/10.3.1/thumb/v7e-m+fp/hard\libgcc.a(_udivmoddi4.o)
                0x00000000080046a8                __exidx_end = .
                0x00000000080046a8                . = ALIGN (0x4)

.rel.dyn        0x00000000080046a8        0x0
 .rel.iplt      0x00000000080046a8        0x0 c:/st/stm32cubeide_1.11.0/stm32cubeide/plugins/com.st.stm32cube.ide.mcu.externaltools.gnu-tools-for-stm32.10.3-2021.10.win32_1.0.100.202210260954/tools/bin/../lib/gcc/arm-none-eabi/10.3.1/thumb/v7e-m+fp/hard/crtbegin.o

.preinit_array  0x00000000080046a8        0x0
                0x00000000080046a8                . = ALIGN (0x4)
                0x00000000080046a8                PROVIDE (__preinit_array_start = .)
 *(.preinit_array*)
                0x00000000080046a8                PROVIDE (__preinit_array_end = .)
                0x00000000080046a8                . = ALIGN (0x4)

.init_array     0x00000000080046a8        0x4
                0x00000000080046a8                . = ALIGN (0x4)
                0x00000000080046a8                PROVIDE (__init_array_start = .)
 *(SORT_BY_NAME(.init_array.*))
 *(.init_array*)
 .init_array    0x00000000080046a8        0x4 c:/st/stm32cubeide_1.11.0/stm32cubeide/plugins/com.st.stm32cube.ide.mcu.externaltools.gnu-tools-for-stm32.10.3-2021.10.win32_1.0.100.202210260954/tools/bin/../lib/gcc/arm-none-eabi/10.3.1/thumb/v7e-m+fp/hard/crtbegin.o
                0x00000000080046ac                PROVIDE (__init_array_end = .)
                0x00000000080046ac                . = ALIGN (0x4)

.fini_array     0x00000000080046ac        0x4
                0x00000000080046ac                . = ALIGN (0x4)
                [!provide]                        PROVIDE (__fini_array_start = .)
 *(SORT_BY_NAME(.fini_array.*))
 *(.fini_array*)
 .fini_array    0x00000000080046ac        0x4 c:/st/stm32cubeide_1.11.0/stm32cubeide/plugins/com.st.stm32cube.ide.mcu.externaltools.gnu-tools-for-stm32.10.3-2021.10.win32_1.0.100.202210260954/tools/bin/../lib/gcc/arm-none-eabi/10.3.1/thumb/v7e-m+fp/hard/crtbegin.o
                [!provide]                        PROVIDE (__fini_array_end = .)
                0x00000000080046b0                . = ALIGN (0x4)
                0x00000000080046b0                _sidata = LOADADDR (.data)

.data           0x0000000020000000       0x14 load address 0x00000000080046b0
                0x0000000020000000                . = ALIGN (0x4)
                0x0000000020000000                _sdata = .
 *(.data)
 *(.data*)
 .data.SystemCoreClock
                0x0000000020000000        0x4 ./Core/Src/system_stm32f4xx.o
                0x0000000020000000                SystemCoreClock
 .data.uwTickPrio
                0x0000000020000004        0x4 ./Drivers/STM32F4xx_HAL_Driver/Src/stm32f4xx_hal.o
                0x0000000020000004                uwTickPrio
 .data.uwTickFreq
                0x0000000020000008        0x1 ./Drivers/STM32F4xx_HAL_Driver/Src/stm32f4xx_hal.o
                0x0000000020000008                uwTickFreq
 *fill*         0x0000000020000009        0x3 
 .data.uxTopUsedPriority
                0x000000002000000c        0x4 ./freeRTOS/tasks.o
                0x000000002000000c                uxTopUsedPriority
 .data.uxCriticalNesting
                0x0000000020000010        0x4 ./freeRTOS/portable/GCC/ARM_CM4F/port.o
 *(.RamFunc)
 *(.RamFunc*)
                0x0000000020000014                . = ALIGN (0x4)
                0x0000000020000014                _edata = .
                0x00000000080046c4                _siccmram = LOADADDR (.ccmram)

.igot.plt       0x0000000020000014        0x0 load address 0x00000000080046c4
 .igot.plt      0x0000000020000014        0x0 c:/st/stm32cubeide_1.11.0/stm32cubeide/plugins/com.st.stm32cube.ide.mcu.externaltools.gnu-tools-for-stm32.10.3-2021.10.win32_1.0.100.202210260954/tools/bin/../lib/gcc/arm-none-eabi/10.3.1/thumb/v7e-m+fp/hard/crtbegin.o

.ccmram         0x0000000010000000        0x0 load address 0x00000000080046c4
                0x0000000010000000                . = ALIGN (0x4)
                0x0000000010000000                _sccmram = .
 *(.ccmram)
 *(.ccmram*)
                0x0000000010000000                . = ALIGN (0x4)
                0x0000000010000000                _eccmram = .
                0x0000000010000000                . = ALIGN (0x4)

.bss            0x0000000020000014    0x12e20
                0x0000000020000014                _sbss = .
                0x0000000020000014                __bss_start__ = _sbss
 *(.bss)
 .bss           0x0000000020000014       0x1c c:/st/stm32cubeide_1.11.0/stm32cubeide/plugins/com.st.stm32cube.ide.mcu.externaltools.gnu-tools-for-stm32.10.3-2021.10.win32_1.0.100.202210260954/tools/bin/../lib/gcc/arm-none-eabi/10.3.1/thumb/v7e-m+fp/hard/crtbegin.o
 *(.bss*)
 .bss.hightask  0x0000000020000030        0x4 ./Core/Src/main.o
                0x0000000020000030                hightask
 .bss.lowtask   0x0000000020000034        0x4 ./Core/Src/main.o
                0x0000000020000034                lowtask
 .bss.mysemaphore
                0x0000000020000038        0x4 ./Core/Src/main.o
                0x0000000020000038                mysemaphore
 .bss.semp_available
                0x000000002000003c        0x1 ./Core/Src/main.o
                0x000000002000003c                semp_available
 .bss.count     0x000000002000003d        0x1 ./Core/Src/main.o
                0x000000002000003d                count
 *fill*         0x000000002000003e        0x2 
 .bss.htim6     0x0000000020000040       0x48 ./Core/Src/stm32f4xx_hal_timebase_tim.o
                0x0000000020000040                htim6
 .bss.uwTick    0x0000000020000088        0x4 ./Drivers/STM32F4xx_HAL_Driver/Src/stm32f4xx_hal.o
                0x0000000020000088                uwTick
 .bss.xQueueRegistry
                0x000000002000008c       0x40 ./freeRTOS/queue.o
                0x000000002000008c                xQueueRegistry
 .bss.pxCurrentTCB
                0x00000000200000cc        0x4 ./freeRTOS/tasks.o
                0x00000000200000cc                pxCurrentTCB
 .bss.pxReadyTasksLists
                0x00000000200000d0       0x64 ./freeRTOS/tasks.o
 .bss.xDelayedTaskList1
                0x0000000020000134       0x14 ./freeRTOS/tasks.o
 .bss.xDelayedTaskList2
                0x0000000020000148       0x14 ./freeRTOS/tasks.o
 .bss.pxDelayedTaskList
                0x000000002000015c        0x4 ./freeRTOS/tasks.o
 .bss.pxOverflowDelayedTaskList
                0x0000000020000160        0x4 ./freeRTOS/tasks.o
 .bss.xPendingReadyList
                0x0000000020000164       0x14 ./freeRTOS/tasks.o
 .bss.xTasksWaitingTermination
                0x0000000020000178       0x14 ./freeRTOS/tasks.o
 .bss.uxDeletedTasksWaitingCleanUp
                0x000000002000018c        0x4 ./freeRTOS/tasks.o
 .bss.xSuspendedTaskList
                0x0000000020000190       0x14 ./freeRTOS/tasks.o
 .bss.uxCurrentNumberOfTasks
                0x00000000200001a4        0x4 ./freeRTOS/tasks.o
 .bss.xTickCount
                0x00000000200001a8        0x4 ./freeRTOS/tasks.o
 .bss.uxTopReadyPriority
                0x00000000200001ac        0x4 ./freeRTOS/tasks.o
 .bss.xSchedulerRunning
                0x00000000200001b0        0x4 ./freeRTOS/tasks.o
 .bss.xPendedTicks
                0x00000000200001b4        0x4 ./freeRTOS/tasks.o
 .bss.xYieldPending
                0x00000000200001b8        0x4 ./freeRTOS/tasks.o
 .bss.xNumOfOverflows
                0x00000000200001bc        0x4 ./freeRTOS/tasks.o
 .bss.uxTaskNumber
                0x00000000200001c0        0x4 ./freeRTOS/tasks.o
 .bss.xNextTaskUnblockTime
                0x00000000200001c4        0x4 ./freeRTOS/tasks.o
 .bss.xIdleTaskHandle
                0x00000000200001c8        0x4 ./freeRTOS/tasks.o
 .bss.uxSchedulerSuspended
                0x00000000200001cc        0x4 ./freeRTOS/tasks.o
 .bss.xActiveTimerList1
                0x00000000200001d0       0x14 ./freeRTOS/timers.o
 .bss.xActiveTimerList2
                0x00000000200001e4       0x14 ./freeRTOS/timers.o
 .bss.pxCurrentTimerList
                0x00000000200001f8        0x4 ./freeRTOS/timers.o
 .bss.pxOverflowTimerList
                0x00000000200001fc        0x4 ./freeRTOS/timers.o
 .bss.xTimerQueue
                0x0000000020000200        0x4 ./freeRTOS/timers.o
 .bss.xTimerTaskHandle
                0x0000000020000204        0x4 ./freeRTOS/timers.o
 .bss.xLastTime.0
                0x0000000020000208        0x4 ./freeRTOS/timers.o
 .bss.ucMaxSysCallPriority
                0x000000002000020c        0x1 ./freeRTOS/portable/GCC/ARM_CM4F/port.o
 *fill*         0x000000002000020d        0x3 
 .bss.ulMaxPRIGROUPValue
                0x0000000020000210        0x4 ./freeRTOS/portable/GCC/ARM_CM4F/port.o
 .bss.ucHeap    0x0000000020000214    0x12c00 ./freeRTOS/portable/MemMang/heap_4.o
 .bss.xStart    0x0000000020012e14        0x8 ./freeRTOS/portable/MemMang/heap_4.o
 .bss.pxEnd     0x0000000020012e1c        0x4 ./freeRTOS/portable/MemMang/heap_4.o
 .bss.xFreeBytesRemaining
                0x0000000020012e20        0x4 ./freeRTOS/portable/MemMang/heap_4.o
 .bss.xMinimumEverFreeBytesRemaining
                0x0000000020012e24        0x4 ./freeRTOS/portable/MemMang/heap_4.o
 .bss.xNumberOfSuccessfulAllocations
                0x0000000020012e28        0x4 ./freeRTOS/portable/MemMang/heap_4.o
 .bss.xNumberOfSuccessfulFrees
                0x0000000020012e2c        0x4 ./freeRTOS/portable/MemMang/heap_4.o
 .bss.xBlockAllocatedBit
                0x0000000020012e30        0x4 ./freeRTOS/portable/MemMang/heap_4.o
 *(COMMON)
                0x0000000020012e34                . = ALIGN (0x4)
                0x0000000020012e34                _ebss = .
                0x0000000020012e34                __bss_end__ = _ebss

._user_heap_stack
                0x0000000020012e34      0x604
                0x0000000020012e38                . = ALIGN (0x8)
 *fill*         0x0000000020012e34        0x4 
                [!provide]                        PROVIDE (end = .)
                [!provide]                        PROVIDE (_end = .)
                0x0000000020013038                . = (. + _Min_Heap_Size)
 *fill*         0x0000000020012e38      0x200 
                0x0000000020013438                . = (. + _Min_Stack_Size)
 *fill*         0x0000000020013038      0x400 
                0x0000000020013438                . = ALIGN (0x8)

/DISCARD/
 libc.a(*)
 libm.a(*)
 libgcc.a(*)

.ARM.attributes
                0x0000000000000000       0x30
 *(.ARM.attributes)
 .ARM.attributes
                0x0000000000000000       0x1e c:/st/stm32cubeide_1.11.0/stm32cubeide/plugins/com.st.stm32cube.ide.mcu.externaltools.gnu-tools-for-stm32.10.3-2021.10.win32_1.0.100.202210260954/tools/bin/../lib/gcc/arm-none-eabi/10.3.1/thumb/v7e-m+fp/hard/crti.o
 .ARM.attributes
                0x000000000000001e       0x34 c:/st/stm32cubeide_1.11.0/stm32cubeide/plugins/com.st.stm32cube.ide.mcu.externaltools.gnu-tools-for-stm32.10.3-2021.10.win32_1.0.100.202210260954/tools/bin/../lib/gcc/arm-none-eabi/10.3.1/thumb/v7e-m+fp/hard/crtbegin.o
 .ARM.attributes
                0x0000000000000052       0x34 ./Core/Src/main.o
 .ARM.attributes
                0x0000000000000086       0x34 ./Core/Src/stm32f4xx_hal_msp.o
 .ARM.attributes
                0x00000000000000ba       0x34 ./Core/Src/stm32f4xx_hal_timebase_tim.o
 .ARM.attributes
                0x00000000000000ee       0x34 ./Core/Src/stm32f4xx_it.o
 .ARM.attributes
                0x0000000000000122       0x34 ./Core/Src/system_stm32f4xx.o
 .ARM.attributes
                0x0000000000000156       0x21 ./Core/Startup/startup_stm32f405rgtx.o
 .ARM.attributes
                0x0000000000000177       0x34 ./Drivers/STM32F4xx_HAL_Driver/Src/stm32f4xx_hal.o
 .ARM.attributes
                0x00000000000001ab       0x34 ./Drivers/STM32F4xx_HAL_Driver/Src/stm32f4xx_hal_cortex.o
 .ARM.attributes
                0x00000000000001df       0x34 ./Drivers/STM32F4xx_HAL_Driver/Src/stm32f4xx_hal_rcc.o
 .ARM.attributes
                0x0000000000000213       0x34 ./Drivers/STM32F4xx_HAL_Driver/Src/stm32f4xx_hal_tim.o
 .ARM.attributes
                0x0000000000000247       0x34 ./Drivers/STM32F4xx_HAL_Driver/Src/stm32f4xx_hal_tim_ex.o
 .ARM.attributes
                0x000000000000027b       0x34 ./freeRTOS/list.o
 .ARM.attributes
                0x00000000000002af       0x34 ./freeRTOS/queue.o
 .ARM.attributes
                0x00000000000002e3       0x34 ./freeRTOS/tasks.o
 .ARM.attributes
                0x0000000000000317       0x34 ./freeRTOS/timers.o
 .ARM.attributes
                0x000000000000034b       0x34 ./freeRTOS/portable/GCC/ARM_CM4F/port.o
 .ARM.attributes
                0x000000000000037f       0x34 ./freeRTOS/portable/MemMang/heap_4.o
 .ARM.attributes
                0x00000000000003b3       0x34 c:/st/stm32cubeide_1.11.0/stm32cubeide/plugins/com.st.stm32cube.ide.mcu.externaltools.gnu-tools-for-stm32.10.3-2021.10.win32_1.0.100.202210260954/tools/bin/../lib/gcc/arm-none-eabi/10.3.1/../../../../arm-none-eabi/lib/thumb/v7e-m+fp/hard\libc_nano.a(lib_a-init.o)
 .ARM.attributes
                0x00000000000003e7       0x34 c:/st/stm32cubeide_1.11.0/stm32cubeide/plugins/com.st.stm32cube.ide.mcu.externaltools.gnu-tools-for-stm32.10.3-2021.10.win32_1.0.100.202210260954/tools/bin/../lib/gcc/arm-none-eabi/10.3.1/../../../../arm-none-eabi/lib/thumb/v7e-m+fp/hard\libc_nano.a(lib_a-memcpy-stub.o)
 .ARM.attributes
                0x000000000000041b       0x34 c:/st/stm32cubeide_1.11.0/stm32cubeide/plugins/com.st.stm32cube.ide.mcu.externaltools.gnu-tools-for-stm32.10.3-2021.10.win32_1.0.100.202210260954/tools/bin/../lib/gcc/arm-none-eabi/10.3.1/../../../../arm-none-eabi/lib/thumb/v7e-m+fp/hard\libc_nano.a(lib_a-memset.o)
 .ARM.attributes
                0x000000000000044f       0x1e c:/st/stm32cubeide_1.11.0/stm32cubeide/plugins/com.st.stm32cube.ide.mcu.externaltools.gnu-tools-for-stm32.10.3-2021.10.win32_1.0.100.202210260954/tools/bin/../lib/gcc/arm-none-eabi/10.3.1/thumb/v7e-m+fp/hard\libgcc.a(_aeabi_uldivmod.o)
 .ARM.attributes
                0x000000000000046d       0x34 c:/st/stm32cubeide_1.11.0/stm32cubeide/plugins/com.st.stm32cube.ide.mcu.externaltools.gnu-tools-for-stm32.10.3-2021.10.win32_1.0.100.202210260954/tools/bin/../lib/gcc/arm-none-eabi/10.3.1/thumb/v7e-m+fp/hard\libgcc.a(_udivmoddi4.o)
 .ARM.attributes
                0x00000000000004a1       0x1e c:/st/stm32cubeide_1.11.0/stm32cubeide/plugins/com.st.stm32cube.ide.mcu.externaltools.gnu-tools-for-stm32.10.3-2021.10.win32_1.0.100.202210260954/tools/bin/../lib/gcc/arm-none-eabi/10.3.1/thumb/v7e-m+fp/hard\libgcc.a(_dvmd_tls.o)
 .ARM.attributes
                0x00000000000004bf       0x1e c:/st/stm32cubeide_1.11.0/stm32cubeide/plugins/com.st.stm32cube.ide.mcu.externaltools.gnu-tools-for-stm32.10.3-2021.10.win32_1.0.100.202210260954/tools/bin/../lib/gcc/arm-none-eabi/10.3.1/thumb/v7e-m+fp/hard/crtn.o
OUTPUT(rtos_counting_semaphore.elf elf32-littlearm)
LOAD linker stubs
LOAD c:/st/stm32cubeide_1.11.0/stm32cubeide/plugins/com.st.stm32cube.ide.mcu.externaltools.gnu-tools-for-stm32.10.3-2021.10.win32_1.0.100.202210260954/tools/bin/../lib/gcc/arm-none-eabi/10.3.1/../../../../arm-none-eabi/lib/thumb/v7e-m+fp/hard\libc.a
LOAD c:/st/stm32cubeide_1.11.0/stm32cubeide/plugins/com.st.stm32cube.ide.mcu.externaltools.gnu-tools-for-stm32.10.3-2021.10.win32_1.0.100.202210260954/tools/bin/../lib/gcc/arm-none-eabi/10.3.1/../../../../arm-none-eabi/lib/thumb/v7e-m+fp/hard\libm.a
LOAD c:/st/stm32cubeide_1.11.0/stm32cubeide/plugins/com.st.stm32cube.ide.mcu.externaltools.gnu-tools-for-stm32.10.3-2021.10.win32_1.0.100.202210260954/tools/bin/../lib/gcc/arm-none-eabi/10.3.1/thumb/v7e-m+fp/hard\libgcc.a

.debug_info     0x0000000000000000     0xe153
 .debug_info    0x0000000000000000      0xd1b ./Core/Src/main.o
 .debug_info    0x0000000000000d1b      0x2a8 ./Core/Src/stm32f4xx_hal_msp.o
 .debug_info    0x0000000000000fc3      0xc39 ./Core/Src/stm32f4xx_hal_timebase_tim.o
 .debug_info    0x0000000000001bfc      0x6f8 ./Core/Src/stm32f4xx_it.o
 .debug_info    0x00000000000022f4      0x523 ./Core/Src/system_stm32f4xx.o
 .debug_info    0x0000000000002817       0x22 ./Core/Startup/startup_stm32f405rgtx.o
 .debug_info    0x0000000000002839      0x96a ./Drivers/STM32F4xx_HAL_Driver/Src/stm32f4xx_hal.o
 .debug_info    0x00000000000031a3      0xe09 ./Drivers/STM32F4xx_HAL_Driver/Src/stm32f4xx_hal_cortex.o
 .debug_info    0x0000000000003fac      0x966 ./Drivers/STM32F4xx_HAL_Driver/Src/stm32f4xx_hal_rcc.o
 .debug_info    0x0000000000004912     0x2bbe ./Drivers/STM32F4xx_HAL_Driver/Src/stm32f4xx_hal_tim.o
 .debug_info    0x00000000000074d0     0x15e0 ./Drivers/STM32F4xx_HAL_Driver/Src/stm32f4xx_hal_tim_ex.o
 .debug_info    0x0000000000008ab0      0x2d1 ./freeRTOS/list.o
 .debug_info    0x0000000000008d81     0x18ee ./freeRTOS/queue.o
 .debug_info    0x000000000000a66f     0x21f3 ./freeRTOS/tasks.o
 .debug_info    0x000000000000c862      0xedd ./freeRTOS/timers.o
 .debug_info    0x000000000000d73f      0x507 ./freeRTOS/portable/GCC/ARM_CM4F/port.o
 .debug_info    0x000000000000dc46      0x50d ./freeRTOS/portable/MemMang/heap_4.o

.debug_abbrev   0x0000000000000000     0x230e
 .debug_abbrev  0x0000000000000000      0x279 ./Core/Src/main.o
 .debug_abbrev  0x0000000000000279       0xd4 ./Core/Src/stm32f4xx_hal_msp.o
 .debug_abbrev  0x000000000000034d      0x1e6 ./Core/Src/stm32f4xx_hal_timebase_tim.o
 .debug_abbrev  0x0000000000000533      0x171 ./Core/Src/stm32f4xx_it.o
 .debug_abbrev  0x00000000000006a4      0x116 ./Core/Src/system_stm32f4xx.o
 .debug_abbrev  0x00000000000007ba       0x12 ./Core/Startup/startup_stm32f405rgtx.o
 .debug_abbrev  0x00000000000007cc      0x20d ./Drivers/STM32F4xx_HAL_Driver/Src/stm32f4xx_hal.o
 .debug_abbrev  0x00000000000009d9      0x316 ./Drivers/STM32F4xx_HAL_Driver/Src/stm32f4xx_hal_cortex.o
 .debug_abbrev  0x0000000000000cef      0x2aa ./Drivers/STM32F4xx_HAL_Driver/Src/stm32f4xx_hal_rcc.o
 .debug_abbrev  0x0000000000000f99      0x25d ./Drivers/STM32F4xx_HAL_Driver/Src/stm32f4xx_hal_tim.o
 .debug_abbrev  0x00000000000011f6      0x265 ./Drivers/STM32F4xx_HAL_Driver/Src/stm32f4xx_hal_tim_ex.o
 .debug_abbrev  0x000000000000145b       0xf2 ./freeRTOS/list.o
 .debug_abbrev  0x000000000000154d      0x312 ./freeRTOS/queue.o
 .debug_abbrev  0x000000000000185f      0x36c ./freeRTOS/tasks.o
 .debug_abbrev  0x0000000000001bcb      0x2d8 ./freeRTOS/timers.o
 .debug_abbrev  0x0000000000001ea3      0x259 ./freeRTOS/portable/GCC/ARM_CM4F/port.o
 .debug_abbrev  0x00000000000020fc      0x212 ./freeRTOS/portable/MemMang/heap_4.o

.debug_aranges  0x0000000000000000      0xe18
 .debug_aranges
                0x0000000000000000       0x48 ./Core/Src/main.o
 .debug_aranges
                0x0000000000000048       0x20 ./Core/Src/stm32f4xx_hal_msp.o
 .debug_aranges
                0x0000000000000068       0x30 ./Core/Src/stm32f4xx_hal_timebase_tim.o
 .debug_aranges
                0x0000000000000098       0x50 ./Core/Src/stm32f4xx_it.o
 .debug_aranges
                0x00000000000000e8       0x28 ./Core/Src/system_stm32f4xx.o
 .debug_aranges
                0x0000000000000110       0x28 ./Core/Startup/startup_stm32f405rgtx.o
 .debug_aranges
                0x0000000000000138       0xf0 ./Drivers/STM32F4xx_HAL_Driver/Src/stm32f4xx_hal.o
 .debug_aranges
                0x0000000000000228      0x118 ./Drivers/STM32F4xx_HAL_Driver/Src/stm32f4xx_hal_cortex.o
 .debug_aranges
                0x0000000000000340       0x88 ./Drivers/STM32F4xx_HAL_Driver/Src/stm32f4xx_hal_rcc.o
 .debug_aranges
                0x00000000000003c8      0x3d0 ./Drivers/STM32F4xx_HAL_Driver/Src/stm32f4xx_hal_tim.o
 .debug_aranges
                0x0000000000000798      0x168 ./Drivers/STM32F4xx_HAL_Driver/Src/stm32f4xx_hal_tim_ex.o
 .debug_aranges
                0x0000000000000900       0x40 ./freeRTOS/list.o
 .debug_aranges
                0x0000000000000940      0x130 ./freeRTOS/queue.o
 .debug_aranges
                0x0000000000000a70      0x1f8 ./freeRTOS/tasks.o
 .debug_aranges
                0x0000000000000c68       0xd8 ./freeRTOS/timers.o
 .debug_aranges
                0x0000000000000d40       0x80 ./freeRTOS/portable/GCC/ARM_CM4F/port.o
 .debug_aranges
                0x0000000000000dc0       0x58 ./freeRTOS/portable/MemMang/heap_4.o

.debug_ranges   0x0000000000000000      0xd10
 .debug_ranges  0x0000000000000000       0x38 ./Core/Src/main.o
 .debug_ranges  0x0000000000000038       0x10 ./Core/Src/stm32f4xx_hal_msp.o
 .debug_ranges  0x0000000000000048       0x20 ./Core/Src/stm32f4xx_hal_timebase_tim.o
 .debug_ranges  0x0000000000000068       0x40 ./Core/Src/stm32f4xx_it.o
 .debug_ranges  0x00000000000000a8       0x18 ./Core/Src/system_stm32f4xx.o
 .debug_ranges  0x00000000000000c0       0x20 ./Core/Startup/startup_stm32f405rgtx.o
 .debug_ranges  0x00000000000000e0       0xe0 ./Drivers/STM32F4xx_HAL_Driver/Src/stm32f4xx_hal.o
 .debug_ranges  0x00000000000001c0      0x108 ./Drivers/STM32F4xx_HAL_Driver/Src/stm32f4xx_hal_cortex.o
 .debug_ranges  0x00000000000002c8       0x78 ./Drivers/STM32F4xx_HAL_Driver/Src/stm32f4xx_hal_rcc.o
 .debug_ranges  0x0000000000000340      0x3c0 ./Drivers/STM32F4xx_HAL_Driver/Src/stm32f4xx_hal_tim.o
 .debug_ranges  0x0000000000000700      0x158 ./Drivers/STM32F4xx_HAL_Driver/Src/stm32f4xx_hal_tim_ex.o
 .debug_ranges  0x0000000000000858       0x30 ./freeRTOS/list.o
 .debug_ranges  0x0000000000000888      0x120 ./freeRTOS/queue.o
 .debug_ranges  0x00000000000009a8      0x1e8 ./freeRTOS/tasks.o
 .debug_ranges  0x0000000000000b90       0xc8 ./freeRTOS/timers.o
 .debug_ranges  0x0000000000000c58       0x70 ./freeRTOS/portable/GCC/ARM_CM4F/port.o
 .debug_ranges  0x0000000000000cc8       0x48 ./freeRTOS/portable/MemMang/heap_4.o

.debug_macro    0x0000000000000000    0x1f5b4
 .debug_macro   0x0000000000000000      0x258 ./Core/Src/main.o
 .debug_macro   0x0000000000000258      0xa78 ./Core/Src/main.o
 .debug_macro   0x0000000000000cd0      0x295 ./Core/Src/main.o
 .debug_macro   0x0000000000000f65       0x2e ./Core/Src/main.o
 .debug_macro   0x0000000000000f93       0x2f ./Core/Src/main.o
 .debug_macro   0x0000000000000fc2       0x22 ./Core/Src/main.o
 .debug_macro   0x0000000000000fe4       0x8e ./Core/Src/main.o
 .debug_macro   0x0000000000001072       0x51 ./Core/Src/main.o
 .debug_macro   0x00000000000010c3      0x103 ./Core/Src/main.o
 .debug_macro   0x00000000000011c6       0x6a ./Core/Src/main.o
 .debug_macro   0x0000000000001230      0x1df ./Core/Src/main.o
 .debug_macro   0x000000000000140f       0x1c ./Core/Src/main.o
 .debug_macro   0x000000000000142b       0x22 ./Core/Src/main.o
 .debug_macro   0x000000000000144d       0xd9 ./Core/Src/main.o
 .debug_macro   0x0000000000001526     0x102d ./Core/Src/main.o
 .debug_macro   0x0000000000002553      0x11f ./Core/Src/main.o
 .debug_macro   0x0000000000002672    0x1426d ./Core/Src/main.o
 .debug_macro   0x00000000000168df       0x6d ./Core/Src/main.o
 .debug_macro   0x000000000001694c     0x367e ./Core/Src/main.o
 .debug_macro   0x0000000000019fca      0x174 ./Core/Src/main.o
 .debug_macro   0x000000000001a13e       0x5c ./Core/Src/main.o
 .debug_macro   0x000000000001a19a      0x8a7 ./Core/Src/main.o
 .debug_macro   0x000000000001aa41      0x9fe ./Core/Src/main.o
 .debug_macro   0x000000000001b43f      0x115 ./Core/Src/main.o
 .debug_macro   0x000000000001b554      0x130 ./Core/Src/main.o
 .debug_macro   0x000000000001b684       0xa5 ./Core/Src/main.o
 .debug_macro   0x000000000001b729      0x174 ./Core/Src/main.o
 .debug_macro   0x000000000001b89d      0x287 ./Core/Src/main.o
 .debug_macro   0x000000000001bb24       0x5f ./Core/Src/main.o
 .debug_macro   0x000000000001bb83      0x236 ./Core/Src/main.o
 .debug_macro   0x000000000001bdb9      0x12c ./Core/Src/main.o
 .debug_macro   0x000000000001bee5      0x21e ./Core/Src/main.o
 .debug_macro   0x000000000001c103       0x2e ./Core/Src/main.o
 .debug_macro   0x000000000001c131      0x11a ./Core/Src/main.o
 .debug_macro   0x000000000001c24b       0x7e ./Core/Src/main.o
 .debug_macro   0x000000000001c2c9       0x89 ./Core/Src/main.o
 .debug_macro   0x000000000001c352      0x8e6 ./Core/Src/main.o
 .debug_macro   0x000000000001cc38       0x47 ./Core/Src/main.o
 .debug_macro   0x000000000001cc7f      0x12d ./Core/Src/main.o
 .debug_macro   0x000000000001cdac      0x106 ./Core/Src/main.o
 .debug_macro   0x000000000001ceb2      0x15a ./Core/Src/main.o
 .debug_macro   0x000000000001d00c       0xea ./Core/Src/main.o
 .debug_macro   0x000000000001d0f6       0x1c ./Core/Src/main.o
 .debug_macro   0x000000000001d112       0x26 ./Core/Src/main.o
 .debug_macro   0x000000000001d138      0x4fd ./Core/Src/main.o
 .debug_macro   0x000000000001d635       0xb5 ./Core/Src/main.o
 .debug_macro   0x000000000001d6ea      0x120 ./Core/Src/main.o
 .debug_macro   0x000000000001d80a       0x80 ./Core/Src/main.o
 .debug_macro   0x000000000001d88a       0x7e ./Core/Src/main.o
 .debug_macro   0x000000000001d908      0x1ce ./Core/Src/stm32f4xx_hal_msp.o
 .debug_macro   0x000000000001dad6      0x1c4 ./Core/Src/stm32f4xx_hal_timebase_tim.o
 .debug_macro   0x000000000001dc9a      0x1d8 ./Core/Src/stm32f4xx_it.o
 .debug_macro   0x000000000001de72      0x1c4 ./Core/Src/system_stm32f4xx.o
 .debug_macro   0x000000000001e036      0x224 ./Drivers/STM32F4xx_HAL_Driver/Src/stm32f4xx_hal.o
 .debug_macro   0x000000000001e25a      0x1c4 ./Drivers/STM32F4xx_HAL_Driver/Src/stm32f4xx_hal_cortex.o
 .debug_macro   0x000000000001e41e      0x1e8 ./Drivers/STM32F4xx_HAL_Driver/Src/stm32f4xx_hal_rcc.o
 .debug_macro   0x000000000001e606      0x1c5 ./Drivers/STM32F4xx_HAL_Driver/Src/stm32f4xx_hal_tim.o
 .debug_macro   0x000000000001e7cb      0x1c4 ./Drivers/STM32F4xx_HAL_Driver/Src/stm32f4xx_hal_tim_ex.o
 .debug_macro   0x000000000001e98f      0x193 ./freeRTOS/list.o
 .debug_macro   0x000000000001eb22      0x21c ./freeRTOS/queue.o
 .debug_macro   0x000000000001ed3e       0x16 ./freeRTOS/queue.o
 .debug_macro   0x000000000001ed54       0x20 ./freeRTOS/queue.o
 .debug_macro   0x000000000001ed74      0x279 ./freeRTOS/tasks.o
 .debug_macro   0x000000000001efed       0x10 ./freeRTOS/tasks.o
 .debug_macro   0x000000000001effd      0x1dc ./freeRTOS/timers.o
 .debug_macro   0x000000000001f1d9       0x97 ./freeRTOS/timers.o
 .debug_macro   0x000000000001f270      0x196 ./freeRTOS/portable/GCC/ARM_CM4F/port.o
 .debug_macro   0x000000000001f406      0x1ae ./freeRTOS/portable/MemMang/heap_4.o

.debug_line     0x0000000000000000     0xf151
 .debug_line    0x0000000000000000      0x938 ./Core/Src/main.o
 .debug_line    0x0000000000000938      0x6ab ./Core/Src/stm32f4xx_hal_msp.o
 .debug_line    0x0000000000000fe3      0x725 ./Core/Src/stm32f4xx_hal_timebase_tim.o
 .debug_line    0x0000000000001708      0x748 ./Core/Src/stm32f4xx_it.o
 .debug_line    0x0000000000001e50      0x72d ./Core/Src/system_stm32f4xx.o
 .debug_line    0x000000000000257d       0x88 ./Core/Startup/startup_stm32f405rgtx.o
 .debug_line    0x0000000000002605      0x993 ./Drivers/STM32F4xx_HAL_Driver/Src/stm32f4xx_hal.o
 .debug_line    0x0000000000002f98      0xc42 ./Drivers/STM32F4xx_HAL_Driver/Src/stm32f4xx_hal_cortex.o
 .debug_line    0x0000000000003bda      0xd0d ./Drivers/STM32F4xx_HAL_Driver/Src/stm32f4xx_hal_rcc.o
 .debug_line    0x00000000000048e7     0x3687 ./Drivers/STM32F4xx_HAL_Driver/Src/stm32f4xx_hal_tim.o
 .debug_line    0x0000000000007f6e     0x1990 ./Drivers/STM32F4xx_HAL_Driver/Src/stm32f4xx_hal_tim_ex.o
 .debug_line    0x00000000000098fe      0x74d ./freeRTOS/list.o
 .debug_line    0x000000000000a04b     0x15f6 ./freeRTOS/queue.o
 .debug_line    0x000000000000b641     0x1c9b ./freeRTOS/tasks.o
 .debug_line    0x000000000000d2dc      0xcac ./freeRTOS/timers.o
 .debug_line    0x000000000000df88      0x831 ./freeRTOS/portable/GCC/ARM_CM4F/port.o
 .debug_line    0x000000000000e7b9      0x998 ./freeRTOS/portable/MemMang/heap_4.o

.debug_str      0x0000000000000000    0xc56bd
 .debug_str     0x0000000000000000    0xbcb65 ./Core/Src/main.o
                                      0xbcef4 (size before relaxing)
 .debug_str     0x00000000000bcb65       0x2c ./Core/Src/stm32f4xx_hal_msp.o
                                      0xb6d1c (size before relaxing)
 .debug_str     0x00000000000bcb91      0x5f0 ./Core/Src/stm32f4xx_hal_timebase_tim.o
                                      0xb78a2 (size before relaxing)
 .debug_str     0x00000000000bd181       0xb9 ./Core/Src/stm32f4xx_it.o
                                      0xb71cd (size before relaxing)
 .debug_str     0x00000000000bd23a       0xdb ./Core/Src/system_stm32f4xx.o
                                      0xb6dcc (size before relaxing)
 .debug_str     0x00000000000bd315       0x36 ./Core/Startup/startup_stm32f405rgtx.o
                                         0x74 (size before relaxing)
 .debug_str     0x00000000000bd34b      0x5d3 ./Drivers/STM32F4xx_HAL_Driver/Src/stm32f4xx_hal.o
                                      0xb792f (size before relaxing)
 .debug_str     0x00000000000bd91e      0x33a ./Drivers/STM32F4xx_HAL_Driver/Src/stm32f4xx_hal_cortex.o
                                      0xb7662 (size before relaxing)
 .debug_str     0x00000000000bdc58      0x273 ./Drivers/STM32F4xx_HAL_Driver/Src/stm32f4xx_hal_rcc.o
                                      0xb7200 (size before relaxing)
 .debug_str     0x00000000000bdecb      0xe69 ./Drivers/STM32F4xx_HAL_Driver/Src/stm32f4xx_hal_tim.o
                                      0xb8146 (size before relaxing)
 .debug_str     0x00000000000bed34      0x503 ./Drivers/STM32F4xx_HAL_Driver/Src/stm32f4xx_hal_tim_ex.o
                                      0xb7962 (size before relaxing)
 .debug_str     0x00000000000bf237     0x2ffd ./freeRTOS/list.o
                                       0xa84d (size before relaxing)
 .debug_str     0x00000000000c2234      0xa8b ./freeRTOS/queue.o
                                       0xccd8 (size before relaxing)
 .debug_str     0x00000000000c2cbf     0x1aa1 ./freeRTOS/tasks.o
                                       0xd92c (size before relaxing)
 .debug_str     0x00000000000c4760      0x4fc ./freeRTOS/timers.o
                                       0xd06c (size before relaxing)
 .debug_str     0x00000000000c4c5c      0x75c ./freeRTOS/portable/GCC/ARM_CM4F/port.o
                                       0x9339 (size before relaxing)
 .debug_str     0x00000000000c53b8      0x305 ./freeRTOS/portable/MemMang/heap_4.o
                                       0xbd16 (size before relaxing)

.comment        0x0000000000000000       0x50
 .comment       0x0000000000000000       0x50 ./Core/Src/main.o
                                         0x51 (size before relaxing)
 .comment       0x0000000000000050       0x51 ./Core/Src/stm32f4xx_hal_msp.o
 .comment       0x0000000000000050       0x51 ./Core/Src/stm32f4xx_hal_timebase_tim.o
 .comment       0x0000000000000050       0x51 ./Core/Src/stm32f4xx_it.o
 .comment       0x0000000000000050       0x51 ./Core/Src/system_stm32f4xx.o
 .comment       0x0000000000000050       0x51 ./Drivers/STM32F4xx_HAL_Driver/Src/stm32f4xx_hal.o
 .comment       0x0000000000000050       0x51 ./Drivers/STM32F4xx_HAL_Driver/Src/stm32f4xx_hal_cortex.o
 .comment       0x0000000000000050       0x51 ./Drivers/STM32F4xx_HAL_Driver/Src/stm32f4xx_hal_rcc.o
 .comment       0x0000000000000050       0x51 ./Drivers/STM32F4xx_HAL_Driver/Src/stm32f4xx_hal_tim.o
 .comment       0x0000000000000050       0x51 ./Drivers/STM32F4xx_HAL_Driver/Src/stm32f4xx_hal_tim_ex.o
 .comment       0x0000000000000050       0x51 ./freeRTOS/list.o
 .comment       0x0000000000000050       0x51 ./freeRTOS/queue.o
 .comment       0x0000000000000050       0x51 ./freeRTOS/tasks.o
 .comment       0x0000000000000050       0x51 ./freeRTOS/timers.o
 .comment       0x0000000000000050       0x51 ./freeRTOS/portable/GCC/ARM_CM4F/port.o
 .comment       0x0000000000000050       0x51 ./freeRTOS/portable/MemMang/heap_4.o

.debug_frame    0x0000000000000000     0x3a60
 .debug_frame   0x0000000000000000       0xc8 ./Core/Src/main.o
 .debug_frame   0x00000000000000c8       0x38 ./Core/Src/stm32f4xx_hal_msp.o
 .debug_frame   0x0000000000000100       0x74 ./Core/Src/stm32f4xx_hal_timebase_tim.o
 .debug_frame   0x0000000000000174       0xc4 ./Core/Src/stm32f4xx_it.o
 .debug_frame   0x0000000000000238       0x58 ./Core/Src/system_stm32f4xx.o
 .debug_frame   0x0000000000000290      0x374 ./Drivers/STM32F4xx_HAL_Driver/Src/stm32f4xx_hal.o
 .debug_frame   0x0000000000000604      0x498 ./Drivers/STM32F4xx_HAL_Driver/Src/stm32f4xx_hal_cortex.o
 .debug_frame   0x0000000000000a9c      0x1f4 ./Drivers/STM32F4xx_HAL_Driver/Src/stm32f4xx_hal_rcc.o
 .debug_frame   0x0000000000000c90     0x11c4 ./Drivers/STM32F4xx_HAL_Driver/Src/stm32f4xx_hal_tim.o
 .debug_frame   0x0000000000001e54      0x638 ./Drivers/STM32F4xx_HAL_Driver/Src/stm32f4xx_hal_tim_ex.o
 .debug_frame   0x000000000000248c       0xd8 ./freeRTOS/list.o
 .debug_frame   0x0000000000002564      0x534 ./freeRTOS/queue.o
 .debug_frame   0x0000000000002a98      0x894 ./freeRTOS/tasks.o
 .debug_frame   0x000000000000332c      0x38c ./freeRTOS/timers.o
 .debug_frame   0x00000000000036b8      0x1a8 ./freeRTOS/portable/GCC/ARM_CM4F/port.o
 .debug_frame   0x0000000000003860      0x12c ./freeRTOS/portable/MemMang/heap_4.o
 .debug_frame   0x000000000000398c       0x2c c:/st/stm32cubeide_1.11.0/stm32cubeide/plugins/com.st.stm32cube.ide.mcu.externaltools.gnu-tools-for-stm32.10.3-2021.10.win32_1.0.100.202210260954/tools/bin/../lib/gcc/arm-none-eabi/10.3.1/../../../../arm-none-eabi/lib/thumb/v7e-m+fp/hard\libc_nano.a(lib_a-init.o)
 .debug_frame   0x00000000000039b8       0x28 c:/st/stm32cubeide_1.11.0/stm32cubeide/plugins/com.st.stm32cube.ide.mcu.externaltools.gnu-tools-for-stm32.10.3-2021.10.win32_1.0.100.202210260954/tools/bin/../lib/gcc/arm-none-eabi/10.3.1/../../../../arm-none-eabi/lib/thumb/v7e-m+fp/hard\libc_nano.a(lib_a-memcpy-stub.o)
 .debug_frame   0x00000000000039e0       0x20 c:/st/stm32cubeide_1.11.0/stm32cubeide/plugins/com.st.stm32cube.ide.mcu.externaltools.gnu-tools-for-stm32.10.3-2021.10.win32_1.0.100.202210260954/tools/bin/../lib/gcc/arm-none-eabi/10.3.1/../../../../arm-none-eabi/lib/thumb/v7e-m+fp/hard\libc_nano.a(lib_a-memset.o)
 .debug_frame   0x0000000000003a00       0x2c c:/st/stm32cubeide_1.11.0/stm32cubeide/plugins/com.st.stm32cube.ide.mcu.externaltools.gnu-tools-for-stm32.10.3-2021.10.win32_1.0.100.202210260954/tools/bin/../lib/gcc/arm-none-eabi/10.3.1/thumb/v7e-m+fp/hard\libgcc.a(_aeabi_uldivmod.o)
 .debug_frame   0x0000000000003a2c       0x34 c:/st/stm32cubeide_1.11.0/stm32cubeide/plugins/com.st.stm32cube.ide.mcu.externaltools.gnu-tools-for-stm32.10.3-2021.10.win32_1.0.100.202210260954/tools/bin/../lib/gcc/arm-none-eabi/10.3.1/thumb/v7e-m+fp/hard\libgcc.a(_udivmoddi4.o)
