00:11:23 **** Incremental Build of configuration Debug for project 4.rtos_queue ****
make -j12 all 
arm-none-eabi-gcc "../Thirdyparty/FreeRTOS/portable/MemMang/heap_4.c" -mcpu=cortex-m4 -std=gnu11 -g3 -DDEBUG -DUSE_HAL_DRIVER -DSTM32F405xx -c -I../Core/Inc -I../Drivers/STM32F4xx_HAL_Driver/Inc -I../Drivers/STM32F4xx_HAL_Driver/Inc/Legacy -I../Drivers/CMSIS/Device/ST/STM32F4xx/Include -I../Drivers/CMSIS/Include -I"C:/Users/garim/Desktop/freertos/1.task/Thirdyparty/FreeRTOS" -I"C:/Users/garim/Desktop/freertos/3.task_suspend/Thirdyparty/FreeRTOS" -I"C:/Users/garim/Desktop/freertos/3.task_suspend/Thirdyparty/FreeRTOS/portable/GCC/ARM_CM4F" -I"C:/Users/garim/Desktop/freertos/3.task_suspend/Thirdyparty/FreeRTOS/include" -O0 -ffunction-sections -fdata-sections -Wall -fstack-usage -MMD -MP -MF"Thirdyparty/FreeRTOS/portable/MemMang/heap_4.d" -MT"Thirdyparty/FreeRTOS/portable/MemMang/heap_4.o" --specs=nano.specs -mfpu=fpv4-sp-d16 -mfloat-abi=hard -mthumb -o "Thirdyparty/FreeRTOS/portable/MemMang/heap_4.o"
arm-none-eabi-gcc "../Thirdyparty/FreeRTOS/portable/GCC/ARM_CM4F/port.c" -mcpu=cortex-m4 -std=gnu11 -g3 -DDEBUG -DUSE_HAL_DRIVER -DSTM32F405xx -c -I../Core/Inc -I../Drivers/STM32F4xx_HAL_Driver/Inc -I../Drivers/STM32F4xx_HAL_Driver/Inc/Legacy -I../Drivers/CMSIS/Device/ST/STM32F4xx/Include -I../Drivers/CMSIS/Include -I"C:/Users/garim/Desktop/freertos/1.task/Thirdyparty/FreeRTOS" -I"C:/Users/garim/Desktop/freertos/3.task_suspend/Thirdyparty/FreeRTOS" -I"C:/Users/garim/Desktop/freertos/3.task_suspend/Thirdyparty/FreeRTOS/portable/GCC/ARM_CM4F" -I"C:/Users/garim/Desktop/freertos/3.task_suspend/Thirdyparty/FreeRTOS/include" -O0 -ffunction-sections -fdata-sections -Wall -fstack-usage -MMD -MP -MF"Thirdyparty/FreeRTOS/portable/GCC/ARM_CM4F/port.d" -MT"Thirdyparty/FreeRTOS/portable/GCC/ARM_CM4F/port.o" --specs=nano.specs -mfpu=fpv4-sp-d16 -mfloat-abi=hard -mthumb -o "Thirdyparty/FreeRTOS/portable/GCC/ARM_CM4F/port.o"
arm-none-eabi-gcc "../Thirdyparty/FreeRTOS/croutine.c" -mcpu=cortex-m4 -std=gnu11 -g3 -DDEBUG -DUSE_HAL_DRIVER -DSTM32F405xx -c -I../Core/Inc -I../Drivers/STM32F4xx_HAL_Driver/Inc -I../Drivers/STM32F4xx_HAL_Driver/Inc/Legacy -I../Drivers/CMSIS/Device/ST/STM32F4xx/Include -I../Drivers/CMSIS/Include -I"C:/Users/garim/Desktop/freertos/1.task/Thirdyparty/FreeRTOS" -I"C:/Users/garim/Desktop/freertos/3.task_suspend/Thirdyparty/FreeRTOS" -I"C:/Users/garim/Desktop/freertos/3.task_suspend/Thirdyparty/FreeRTOS/portable/GCC/ARM_CM4F" -I"C:/Users/garim/Desktop/freertos/3.task_suspend/Thirdyparty/FreeRTOS/include" -O0 -ffunction-sections -fdata-sections -Wall -fstack-usage -MMD -MP -MF"Thirdyparty/FreeRTOS/croutine.d" -MT"Thirdyparty/FreeRTOS/croutine.o" --specs=nano.specs -mfpu=fpv4-sp-d16 -mfloat-abi=hard -mthumb -o "Thirdyparty/FreeRTOS/croutine.o"
arm-none-eabi-gcc "../Thirdyparty/FreeRTOS/event_groups.c" -mcpu=cortex-m4 -std=gnu11 -g3 -DDEBUG -DUSE_HAL_DRIVER -DSTM32F405xx -c -I../Core/Inc -I../Drivers/STM32F4xx_HAL_Driver/Inc -I../Drivers/STM32F4xx_HAL_Driver/Inc/Legacy -I../Drivers/CMSIS/Device/ST/STM32F4xx/Include -I../Drivers/CMSIS/Include -I"C:/Users/garim/Desktop/freertos/1.task/Thirdyparty/FreeRTOS" -I"C:/Users/garim/Desktop/freertos/3.task_suspend/Thirdyparty/FreeRTOS" -I"C:/Users/garim/Desktop/freertos/3.task_suspend/Thirdyparty/FreeRTOS/portable/GCC/ARM_CM4F" -I"C:/Users/garim/Desktop/freertos/3.task_suspend/Thirdyparty/FreeRTOS/include" -O0 -ffunction-sections -fdata-sections -Wall -fstack-usage -MMD -MP -MF"Thirdyparty/FreeRTOS/event_groups.d" -MT"Thirdyparty/FreeRTOS/event_groups.o" --specs=nano.specs -mfpu=fpv4-sp-d16 -mfloat-abi=hard -mthumb -o "Thirdyparty/FreeRTOS/event_groups.o"
arm-none-eabi-gcc "../Thirdyparty/FreeRTOS/list.c" -mcpu=cortex-m4 -std=gnu11 -g3 -DDEBUG -DUSE_HAL_DRIVER -DSTM32F405xx -c -I../Core/Inc -I../Drivers/STM32F4xx_HAL_Driver/Inc -I../Drivers/STM32F4xx_HAL_Driver/Inc/Legacy -I../Drivers/CMSIS/Device/ST/STM32F4xx/Include -I../Drivers/CMSIS/Include -I"C:/Users/garim/Desktop/freertos/1.task/Thirdyparty/FreeRTOS" -I"C:/Users/garim/Desktop/freertos/3.task_suspend/Thirdyparty/FreeRTOS" -I"C:/Users/garim/Desktop/freertos/3.task_suspend/Thirdyparty/FreeRTOS/portable/GCC/ARM_CM4F" -I"C:/Users/garim/Desktop/freertos/3.task_suspend/Thirdyparty/FreeRTOS/include" -O0 -ffunction-sections -fdata-sections -Wall -fstack-usage -MMD -MP -MF"Thirdyparty/FreeRTOS/list.d" -MT"Thirdyparty/FreeRTOS/list.o" --specs=nano.specs -mfpu=fpv4-sp-d16 -mfloat-abi=hard -mthumb -o "Thirdyparty/FreeRTOS/list.o"
arm-none-eabi-gcc "../Thirdyparty/FreeRTOS/queue.c" -mcpu=cortex-m4 -std=gnu11 -g3 -DDEBUG -DUSE_HAL_DRIVER -DSTM32F405xx -c -I../Core/Inc -I../Drivers/STM32F4xx_HAL_Driver/Inc -I../Drivers/STM32F4xx_HAL_Driver/Inc/Legacy -I../Drivers/CMSIS/Device/ST/STM32F4xx/Include -I../Drivers/CMSIS/Include -I"C:/Users/garim/Desktop/freertos/1.task/Thirdyparty/FreeRTOS" -I"C:/Users/garim/Desktop/freertos/3.task_suspend/Thirdyparty/FreeRTOS" -I"C:/Users/garim/Desktop/freertos/3.task_suspend/Thirdyparty/FreeRTOS/portable/GCC/ARM_CM4F" -I"C:/Users/garim/Desktop/freertos/3.task_suspend/Thirdyparty/FreeRTOS/include" -O0 -ffunction-sections -fdata-sections -Wall -fstack-usage -MMD -MP -MF"Thirdyparty/FreeRTOS/queue.d" -MT"Thirdyparty/FreeRTOS/queue.o" --specs=nano.specs -mfpu=fpv4-sp-d16 -mfloat-abi=hard -mthumb -o "Thirdyparty/FreeRTOS/queue.o"
arm-none-eabi-gcc "../Thirdyparty/FreeRTOS/stream_buffer.c" -mcpu=cortex-m4 -std=gnu11 -g3 -DDEBUG -DUSE_HAL_DRIVER -DSTM32F405xx -c -I../Core/Inc -I../Drivers/STM32F4xx_HAL_Driver/Inc -I../Drivers/STM32F4xx_HAL_Driver/Inc/Legacy -I../Drivers/CMSIS/Device/ST/STM32F4xx/Include -I../Drivers/CMSIS/Include -I"C:/Users/garim/Desktop/freertos/1.task/Thirdyparty/FreeRTOS" -I"C:/Users/garim/Desktop/freertos/3.task_suspend/Thirdyparty/FreeRTOS" -I"C:/Users/garim/Desktop/freertos/3.task_suspend/Thirdyparty/FreeRTOS/portable/GCC/ARM_CM4F" -I"C:/Users/garim/Desktop/freertos/3.task_suspend/Thirdyparty/FreeRTOS/include" -O0 -ffunction-sections -fdata-sections -Wall -fstack-usage -MMD -MP -MF"Thirdyparty/FreeRTOS/stream_buffer.d" -MT"Thirdyparty/FreeRTOS/stream_buffer.o" --specs=nano.specs -mfpu=fpv4-sp-d16 -mfloat-abi=hard -mthumb -o "Thirdyparty/FreeRTOS/stream_buffer.o"
arm-none-eabi-gcc "../Thirdyparty/FreeRTOS/tasks.c" -mcpu=cortex-m4 -std=gnu11 -g3 -DDEBUG -DUSE_HAL_DRIVER -DSTM32F405xx -c -I../Core/Inc -I../Drivers/STM32F4xx_HAL_Driver/Inc -I../Drivers/STM32F4xx_HAL_Driver/Inc/Legacy -I../Drivers/CMSIS/Device/ST/STM32F4xx/Include -I../Drivers/CMSIS/Include -I"C:/Users/garim/Desktop/freertos/1.task/Thirdyparty/FreeRTOS" -I"C:/Users/garim/Desktop/freertos/3.task_suspend/Thirdyparty/FreeRTOS" -I"C:/Users/garim/Desktop/freertos/3.task_suspend/Thirdyparty/FreeRTOS/portable/GCC/ARM_CM4F" -I"C:/Users/garim/Desktop/freertos/3.task_suspend/Thirdyparty/FreeRTOS/include" -O0 -ffunction-sections -fdata-sections -Wall -fstack-usage -MMD -MP -MF"Thirdyparty/FreeRTOS/tasks.d" -MT"Thirdyparty/FreeRTOS/tasks.o" --specs=nano.specs -mfpu=fpv4-sp-d16 -mfloat-abi=hard -mthumb -o "Thirdyparty/FreeRTOS/tasks.o"
arm-none-eabi-gcc "../Thirdyparty/FreeRTOS/timers.c" -mcpu=cortex-m4 -std=gnu11 -g3 -DDEBUG -DUSE_HAL_DRIVER -DSTM32F405xx -c -I../Core/Inc -I../Drivers/STM32F4xx_HAL_Driver/Inc -I../Drivers/STM32F4xx_HAL_Driver/Inc/Legacy -I../Drivers/CMSIS/Device/ST/STM32F4xx/Include -I../Drivers/CMSIS/Include -I"C:/Users/garim/Desktop/freertos/1.task/Thirdyparty/FreeRTOS" -I"C:/Users/garim/Desktop/freertos/3.task_suspend/Thirdyparty/FreeRTOS" -I"C:/Users/garim/Desktop/freertos/3.task_suspend/Thirdyparty/FreeRTOS/portable/GCC/ARM_CM4F" -I"C:/Users/garim/Desktop/freertos/3.task_suspend/Thirdyparty/FreeRTOS/include" -O0 -ffunction-sections -fdata-sections -Wall -fstack-usage -MMD -MP -MF"Thirdyparty/FreeRTOS/timers.d" -MT"Thirdyparty/FreeRTOS/timers.o" --specs=nano.specs -mfpu=fpv4-sp-d16 -mfloat-abi=hard -mthumb -o "Thirdyparty/FreeRTOS/timers.o"
arm-none-eabi-gcc "../Drivers/STM32F4xx_HAL_Driver/Src/stm32f4xx_hal.c" -mcpu=cortex-m4 -std=gnu11 -g3 -DDEBUG -DUSE_HAL_DRIVER -DSTM32F405xx -c -I../Core/Inc -I../Drivers/STM32F4xx_HAL_Driver/Inc -I../Drivers/STM32F4xx_HAL_Driver/Inc/Legacy -I../Drivers/CMSIS/Device/ST/STM32F4xx/Include -I../Drivers/CMSIS/Include -I"C:/Users/garim/Desktop/freertos/1.task/Thirdyparty/FreeRTOS" -I"C:/Users/garim/Desktop/freertos/3.task_suspend/Thirdyparty/FreeRTOS" -I"C:/Users/garim/Desktop/freertos/3.task_suspend/Thirdyparty/FreeRTOS/portable/GCC/ARM_CM4F" -I"C:/Users/garim/Desktop/freertos/3.task_suspend/Thirdyparty/FreeRTOS/include" -O0 -ffunction-sections -fdata-sections -Wall -fstack-usage -MMD -MP -MF"Drivers/STM32F4xx_HAL_Driver/Src/stm32f4xx_hal.d" -MT"Drivers/STM32F4xx_HAL_Driver/Src/stm32f4xx_hal.o" --specs=nano.specs -mfpu=fpv4-sp-d16 -mfloat-abi=hard -mthumb -o "Drivers/STM32F4xx_HAL_Driver/Src/stm32f4xx_hal.o"
arm-none-eabi-gcc "../Drivers/STM32F4xx_HAL_Driver/Src/stm32f4xx_hal_cortex.c" -mcpu=cortex-m4 -std=gnu11 -g3 -DDEBUG -DUSE_HAL_DRIVER -DSTM32F405xx -c -I../Core/Inc -I../Drivers/STM32F4xx_HAL_Driver/Inc -I../Drivers/STM32F4xx_HAL_Driver/Inc/Legacy -I../Drivers/CMSIS/Device/ST/STM32F4xx/Include -I../Drivers/CMSIS/Include -I"C:/Users/garim/Desktop/freertos/1.task/Thirdyparty/FreeRTOS" -I"C:/Users/garim/Desktop/freertos/3.task_suspend/Thirdyparty/FreeRTOS" -I"C:/Users/garim/Desktop/freertos/3.task_suspend/Thirdyparty/FreeRTOS/portable/GCC/ARM_CM4F" -I"C:/Users/garim/Desktop/freertos/3.task_suspend/Thirdyparty/FreeRTOS/include" -O0 -ffunction-sections -fdata-sections -Wall -fstack-usage -MMD -MP -MF"Drivers/STM32F4xx_HAL_Driver/Src/stm32f4xx_hal_cortex.d" -MT"Drivers/STM32F4xx_HAL_Driver/Src/stm32f4xx_hal_cortex.o" --specs=nano.specs -mfpu=fpv4-sp-d16 -mfloat-abi=hard -mthumb -o "Drivers/STM32F4xx_HAL_Driver/Src/stm32f4xx_hal_cortex.o"
arm-none-eabi-gcc "../Drivers/STM32F4xx_HAL_Driver/Src/stm32f4xx_hal_dma.c" -mcpu=cortex-m4 -std=gnu11 -g3 -DDEBUG -DUSE_HAL_DRIVER -DSTM32F405xx -c -I../Core/Inc -I../Drivers/STM32F4xx_HAL_Driver/Inc -I../Drivers/STM32F4xx_HAL_Driver/Inc/Legacy -I../Drivers/CMSIS/Device/ST/STM32F4xx/Include -I../Drivers/CMSIS/Include -I"C:/Users/garim/Desktop/freertos/1.task/Thirdyparty/FreeRTOS" -I"C:/Users/garim/Desktop/freertos/3.task_suspend/Thirdyparty/FreeRTOS" -I"C:/Users/garim/Desktop/freertos/3.task_suspend/Thirdyparty/FreeRTOS/portable/GCC/ARM_CM4F" -I"C:/Users/garim/Desktop/freertos/3.task_suspend/Thirdyparty/FreeRTOS/include" -O0 -ffunction-sections -fdata-sections -Wall -fstack-usage -MMD -MP -MF"Drivers/STM32F4xx_HAL_Driver/Src/stm32f4xx_hal_dma.d" -MT"Drivers/STM32F4xx_HAL_Driver/Src/stm32f4xx_hal_dma.o" --specs=nano.specs -mfpu=fpv4-sp-d16 -mfloat-abi=hard -mthumb -o "Drivers/STM32F4xx_HAL_Driver/Src/stm32f4xx_hal_dma.o"
arm-none-eabi-gcc "../Drivers/STM32F4xx_HAL_Driver/Src/stm32f4xx_hal_dma_ex.c" -mcpu=cortex-m4 -std=gnu11 -g3 -DDEBUG -DUSE_HAL_DRIVER -DSTM32F405xx -c -I../Core/Inc -I../Drivers/STM32F4xx_HAL_Driver/Inc -I../Drivers/STM32F4xx_HAL_Driver/Inc/Legacy -I../Drivers/CMSIS/Device/ST/STM32F4xx/Include -I../Drivers/CMSIS/Include -I"C:/Users/garim/Desktop/freertos/1.task/Thirdyparty/FreeRTOS" -I"C:/Users/garim/Desktop/freertos/3.task_suspend/Thirdyparty/FreeRTOS" -I"C:/Users/garim/Desktop/freertos/3.task_suspend/Thirdyparty/FreeRTOS/portable/GCC/ARM_CM4F" -I"C:/Users/garim/Desktop/freertos/3.task_suspend/Thirdyparty/FreeRTOS/include" -O0 -ffunction-sections -fdata-sections -Wall -fstack-usage -MMD -MP -MF"Drivers/STM32F4xx_HAL_Driver/Src/stm32f4xx_hal_dma_ex.d" -MT"Drivers/STM32F4xx_HAL_Driver/Src/stm32f4xx_hal_dma_ex.o" --specs=nano.specs -mfpu=fpv4-sp-d16 -mfloat-abi=hard -mthumb -o "Drivers/STM32F4xx_HAL_Driver/Src/stm32f4xx_hal_dma_ex.o"
arm-none-eabi-gcc "../Drivers/STM32F4xx_HAL_Driver/Src/stm32f4xx_hal_exti.c" -mcpu=cortex-m4 -std=gnu11 -g3 -DDEBUG -DUSE_HAL_DRIVER -DSTM32F405xx -c -I../Core/Inc -I../Drivers/STM32F4xx_HAL_Driver/Inc -I../Drivers/STM32F4xx_HAL_Driver/Inc/Legacy -I../Drivers/CMSIS/Device/ST/STM32F4xx/Include -I../Drivers/CMSIS/Include -I"C:/Users/garim/Desktop/freertos/1.task/Thirdyparty/FreeRTOS" -I"C:/Users/garim/Desktop/freertos/3.task_suspend/Thirdyparty/FreeRTOS" -I"C:/Users/garim/Desktop/freertos/3.task_suspend/Thirdyparty/FreeRTOS/portable/GCC/ARM_CM4F" -I"C:/Users/garim/Desktop/freertos/3.task_suspend/Thirdyparty/FreeRTOS/include" -O0 -ffunction-sections -fdata-sections -Wall -fstack-usage -MMD -MP -MF"Drivers/STM32F4xx_HAL_Driver/Src/stm32f4xx_hal_exti.d" -MT"Drivers/STM32F4xx_HAL_Driver/Src/stm32f4xx_hal_exti.o" --specs=nano.specs -mfpu=fpv4-sp-d16 -mfloat-abi=hard -mthumb -o "Drivers/STM32F4xx_HAL_Driver/Src/stm32f4xx_hal_exti.o"
arm-none-eabi-gcc "../Drivers/STM32F4xx_HAL_Driver/Src/stm32f4xx_hal_flash.c" -mcpu=cortex-m4 -std=gnu11 -g3 -DDEBUG -DUSE_HAL_DRIVER -DSTM32F405xx -c -I../Core/Inc -I../Drivers/STM32F4xx_HAL_Driver/Inc -I../Drivers/STM32F4xx_HAL_Driver/Inc/Legacy -I../Drivers/CMSIS/Device/ST/STM32F4xx/Include -I../Drivers/CMSIS/Include -I"C:/Users/garim/Desktop/freertos/1.task/Thirdyparty/FreeRTOS" -I"C:/Users/garim/Desktop/freertos/3.task_suspend/Thirdyparty/FreeRTOS" -I"C:/Users/garim/Desktop/freertos/3.task_suspend/Thirdyparty/FreeRTOS/portable/GCC/ARM_CM4F" -I"C:/Users/garim/Desktop/freertos/3.task_suspend/Thirdyparty/FreeRTOS/include" -O0 -ffunction-sections -fdata-sections -Wall -fstack-usage -MMD -MP -MF"Drivers/STM32F4xx_HAL_Driver/Src/stm32f4xx_hal_flash.d" -MT"Drivers/STM32F4xx_HAL_Driver/Src/stm32f4xx_hal_flash.o" --specs=nano.specs -mfpu=fpv4-sp-d16 -mfloat-abi=hard -mthumb -o "Drivers/STM32F4xx_HAL_Driver/Src/stm32f4xx_hal_flash.o"
arm-none-eabi-gcc "../Drivers/STM32F4xx_HAL_Driver/Src/stm32f4xx_hal_flash_ex.c" -mcpu=cortex-m4 -std=gnu11 -g3 -DDEBUG -DUSE_HAL_DRIVER -DSTM32F405xx -c -I../Core/Inc -I../Drivers/STM32F4xx_HAL_Driver/Inc -I../Drivers/STM32F4xx_HAL_Driver/Inc/Legacy -I../Drivers/CMSIS/Device/ST/STM32F4xx/Include -I../Drivers/CMSIS/Include -I"C:/Users/garim/Desktop/freertos/1.task/Thirdyparty/FreeRTOS" -I"C:/Users/garim/Desktop/freertos/3.task_suspend/Thirdyparty/FreeRTOS" -I"C:/Users/garim/Desktop/freertos/3.task_suspend/Thirdyparty/FreeRTOS/portable/GCC/ARM_CM4F" -I"C:/Users/garim/Desktop/freertos/3.task_suspend/Thirdyparty/FreeRTOS/include" -O0 -ffunction-sections -fdata-sections -Wall -fstack-usage -MMD -MP -MF"Drivers/STM32F4xx_HAL_Driver/Src/stm32f4xx_hal_flash_ex.d" -MT"Drivers/STM32F4xx_HAL_Driver/Src/stm32f4xx_hal_flash_ex.o" --specs=nano.specs -mfpu=fpv4-sp-d16 -mfloat-abi=hard -mthumb -o "Drivers/STM32F4xx_HAL_Driver/Src/stm32f4xx_hal_flash_ex.o"
arm-none-eabi-gcc "../Drivers/STM32F4xx_HAL_Driver/Src/stm32f4xx_hal_flash_ramfunc.c" -mcpu=cortex-m4 -std=gnu11 -g3 -DDEBUG -DUSE_HAL_DRIVER -DSTM32F405xx -c -I../Core/Inc -I../Drivers/STM32F4xx_HAL_Driver/Inc -I../Drivers/STM32F4xx_HAL_Driver/Inc/Legacy -I../Drivers/CMSIS/Device/ST/STM32F4xx/Include -I../Drivers/CMSIS/Include -I"C:/Users/garim/Desktop/freertos/1.task/Thirdyparty/FreeRTOS" -I"C:/Users/garim/Desktop/freertos/3.task_suspend/Thirdyparty/FreeRTOS" -I"C:/Users/garim/Desktop/freertos/3.task_suspend/Thirdyparty/FreeRTOS/portable/GCC/ARM_CM4F" -I"C:/Users/garim/Desktop/freertos/3.task_suspend/Thirdyparty/FreeRTOS/include" -O0 -ffunction-sections -fdata-sections -Wall -fstack-usage -MMD -MP -MF"Drivers/STM32F4xx_HAL_Driver/Src/stm32f4xx_hal_flash_ramfunc.d" -MT"Drivers/STM32F4xx_HAL_Driver/Src/stm32f4xx_hal_flash_ramfunc.o" --specs=nano.specs -mfpu=fpv4-sp-d16 -mfloat-abi=hard -mthumb -o "Drivers/STM32F4xx_HAL_Driver/Src/stm32f4xx_hal_flash_ramfunc.o"
arm-none-eabi-gcc "../Drivers/STM32F4xx_HAL_Driver/Src/stm32f4xx_hal_gpio.c" -mcpu=cortex-m4 -std=gnu11 -g3 -DDEBUG -DUSE_HAL_DRIVER -DSTM32F405xx -c -I../Core/Inc -I../Drivers/STM32F4xx_HAL_Driver/Inc -I../Drivers/STM32F4xx_HAL_Driver/Inc/Legacy -I../Drivers/CMSIS/Device/ST/STM32F4xx/Include -I../Drivers/CMSIS/Include -I"C:/Users/garim/Desktop/freertos/1.task/Thirdyparty/FreeRTOS" -I"C:/Users/garim/Desktop/freertos/3.task_suspend/Thirdyparty/FreeRTOS" -I"C:/Users/garim/Desktop/freertos/3.task_suspend/Thirdyparty/FreeRTOS/portable/GCC/ARM_CM4F" -I"C:/Users/garim/Desktop/freertos/3.task_suspend/Thirdyparty/FreeRTOS/include" -O0 -ffunction-sections -fdata-sections -Wall -fstack-usage -MMD -MP -MF"Drivers/STM32F4xx_HAL_Driver/Src/stm32f4xx_hal_gpio.d" -MT"Drivers/STM32F4xx_HAL_Driver/Src/stm32f4xx_hal_gpio.o" --specs=nano.specs -mfpu=fpv4-sp-d16 -mfloat-abi=hard -mthumb -o "Drivers/STM32F4xx_HAL_Driver/Src/stm32f4xx_hal_gpio.o"
arm-none-eabi-gcc "../Drivers/STM32F4xx_HAL_Driver/Src/stm32f4xx_hal_pwr.c" -mcpu=cortex-m4 -std=gnu11 -g3 -DDEBUG -DUSE_HAL_DRIVER -DSTM32F405xx -c -I../Core/Inc -I../Drivers/STM32F4xx_HAL_Driver/Inc -I../Drivers/STM32F4xx_HAL_Driver/Inc/Legacy -I../Drivers/CMSIS/Device/ST/STM32F4xx/Include -I../Drivers/CMSIS/Include -I"C:/Users/garim/Desktop/freertos/1.task/Thirdyparty/FreeRTOS" -I"C:/Users/garim/Desktop/freertos/3.task_suspend/Thirdyparty/FreeRTOS" -I"C:/Users/garim/Desktop/freertos/3.task_suspend/Thirdyparty/FreeRTOS/portable/GCC/ARM_CM4F" -I"C:/Users/garim/Desktop/freertos/3.task_suspend/Thirdyparty/FreeRTOS/include" -O0 -ffunction-sections -fdata-sections -Wall -fstack-usage -MMD -MP -MF"Drivers/STM32F4xx_HAL_Driver/Src/stm32f4xx_hal_pwr.d" -MT"Drivers/STM32F4xx_HAL_Driver/Src/stm32f4xx_hal_pwr.o" --specs=nano.specs -mfpu=fpv4-sp-d16 -mfloat-abi=hard -mthumb -o "Drivers/STM32F4xx_HAL_Driver/Src/stm32f4xx_hal_pwr.o"
arm-none-eabi-gcc "../Drivers/STM32F4xx_HAL_Driver/Src/stm32f4xx_hal_pwr_ex.c" -mcpu=cortex-m4 -std=gnu11 -g3 -DDEBUG -DUSE_HAL_DRIVER -DSTM32F405xx -c -I../Core/Inc -I../Drivers/STM32F4xx_HAL_Driver/Inc -I../Drivers/STM32F4xx_HAL_Driver/Inc/Legacy -I../Drivers/CMSIS/Device/ST/STM32F4xx/Include -I../Drivers/CMSIS/Include -I"C:/Users/garim/Desktop/freertos/1.task/Thirdyparty/FreeRTOS" -I"C:/Users/garim/Desktop/freertos/3.task_suspend/Thirdyparty/FreeRTOS" -I"C:/Users/garim/Desktop/freertos/3.task_suspend/Thirdyparty/FreeRTOS/portable/GCC/ARM_CM4F" -I"C:/Users/garim/Desktop/freertos/3.task_suspend/Thirdyparty/FreeRTOS/include" -O0 -ffunction-sections -fdata-sections -Wall -fstack-usage -MMD -MP -MF"Drivers/STM32F4xx_HAL_Driver/Src/stm32f4xx_hal_pwr_ex.d" -MT"Drivers/STM32F4xx_HAL_Driver/Src/stm32f4xx_hal_pwr_ex.o" --specs=nano.specs -mfpu=fpv4-sp-d16 -mfloat-abi=hard -mthumb -o "Drivers/STM32F4xx_HAL_Driver/Src/stm32f4xx_hal_pwr_ex.o"
arm-none-eabi-gcc "../Drivers/STM32F4xx_HAL_Driver/Src/stm32f4xx_hal_rcc.c" -mcpu=cortex-m4 -std=gnu11 -g3 -DDEBUG -DUSE_HAL_DRIVER -DSTM32F405xx -c -I../Core/Inc -I../Drivers/STM32F4xx_HAL_Driver/Inc -I../Drivers/STM32F4xx_HAL_Driver/Inc/Legacy -I../Drivers/CMSIS/Device/ST/STM32F4xx/Include -I../Drivers/CMSIS/Include -I"C:/Users/garim/Desktop/freertos/1.task/Thirdyparty/FreeRTOS" -I"C:/Users/garim/Desktop/freertos/3.task_suspend/Thirdyparty/FreeRTOS" -I"C:/Users/garim/Desktop/freertos/3.task_suspend/Thirdyparty/FreeRTOS/portable/GCC/ARM_CM4F" -I"C:/Users/garim/Desktop/freertos/3.task_suspend/Thirdyparty/FreeRTOS/include" -O0 -ffunction-sections -fdata-sections -Wall -fstack-usage -MMD -MP -MF"Drivers/STM32F4xx_HAL_Driver/Src/stm32f4xx_hal_rcc.d" -MT"Drivers/STM32F4xx_HAL_Driver/Src/stm32f4xx_hal_rcc.o" --specs=nano.specs -mfpu=fpv4-sp-d16 -mfloat-abi=hard -mthumb -o "Drivers/STM32F4xx_HAL_Driver/Src/stm32f4xx_hal_rcc.o"
arm-none-eabi-gcc "../Drivers/STM32F4xx_HAL_Driver/Src/stm32f4xx_hal_rcc_ex.c" -mcpu=cortex-m4 -std=gnu11 -g3 -DDEBUG -DUSE_HAL_DRIVER -DSTM32F405xx -c -I../Core/Inc -I../Drivers/STM32F4xx_HAL_Driver/Inc -I../Drivers/STM32F4xx_HAL_Driver/Inc/Legacy -I../Drivers/CMSIS/Device/ST/STM32F4xx/Include -I../Drivers/CMSIS/Include -I"C:/Users/garim/Desktop/freertos/1.task/Thirdyparty/FreeRTOS" -I"C:/Users/garim/Desktop/freertos/3.task_suspend/Thirdyparty/FreeRTOS" -I"C:/Users/garim/Desktop/freertos/3.task_suspend/Thirdyparty/FreeRTOS/portable/GCC/ARM_CM4F" -I"C:/Users/garim/Desktop/freertos/3.task_suspend/Thirdyparty/FreeRTOS/include" -O0 -ffunction-sections -fdata-sections -Wall -fstack-usage -MMD -MP -MF"Drivers/STM32F4xx_HAL_Driver/Src/stm32f4xx_hal_rcc_ex.d" -MT"Drivers/STM32F4xx_HAL_Driver/Src/stm32f4xx_hal_rcc_ex.o" --specs=nano.specs -mfpu=fpv4-sp-d16 -mfloat-abi=hard -mthumb -o "Drivers/STM32F4xx_HAL_Driver/Src/stm32f4xx_hal_rcc_ex.o"
arm-none-eabi-gcc "../Drivers/STM32F4xx_HAL_Driver/Src/stm32f4xx_hal_tim.c" -mcpu=cortex-m4 -std=gnu11 -g3 -DDEBUG -DUSE_HAL_DRIVER -DSTM32F405xx -c -I../Core/Inc -I../Drivers/STM32F4xx_HAL_Driver/Inc -I../Drivers/STM32F4xx_HAL_Driver/Inc/Legacy -I../Drivers/CMSIS/Device/ST/STM32F4xx/Include -I../Drivers/CMSIS/Include -I"C:/Users/garim/Desktop/freertos/1.task/Thirdyparty/FreeRTOS" -I"C:/Users/garim/Desktop/freertos/3.task_suspend/Thirdyparty/FreeRTOS" -I"C:/Users/garim/Desktop/freertos/3.task_suspend/Thirdyparty/FreeRTOS/portable/GCC/ARM_CM4F" -I"C:/Users/garim/Desktop/freertos/3.task_suspend/Thirdyparty/FreeRTOS/include" -O0 -ffunction-sections -fdata-sections -Wall -fstack-usage -MMD -MP -MF"Drivers/STM32F4xx_HAL_Driver/Src/stm32f4xx_hal_tim.d" -MT"Drivers/STM32F4xx_HAL_Driver/Src/stm32f4xx_hal_tim.o" --specs=nano.specs -mfpu=fpv4-sp-d16 -mfloat-abi=hard -mthumb -o "Drivers/STM32F4xx_HAL_Driver/Src/stm32f4xx_hal_tim.o"
arm-none-eabi-gcc "../Drivers/STM32F4xx_HAL_Driver/Src/stm32f4xx_hal_tim_ex.c" -mcpu=cortex-m4 -std=gnu11 -g3 -DDEBUG -DUSE_HAL_DRIVER -DSTM32F405xx -c -I../Core/Inc -I../Drivers/STM32F4xx_HAL_Driver/Inc -I../Drivers/STM32F4xx_HAL_Driver/Inc/Legacy -I../Drivers/CMSIS/Device/ST/STM32F4xx/Include -I../Drivers/CMSIS/Include -I"C:/Users/garim/Desktop/freertos/1.task/Thirdyparty/FreeRTOS" -I"C:/Users/garim/Desktop/freertos/3.task_suspend/Thirdyparty/FreeRTOS" -I"C:/Users/garim/Desktop/freertos/3.task_suspend/Thirdyparty/FreeRTOS/portable/GCC/ARM_CM4F" -I"C:/Users/garim/Desktop/freertos/3.task_suspend/Thirdyparty/FreeRTOS/include" -O0 -ffunction-sections -fdata-sections -Wall -fstack-usage -MMD -MP -MF"Drivers/STM32F4xx_HAL_Driver/Src/stm32f4xx_hal_tim_ex.d" -MT"Drivers/STM32F4xx_HAL_Driver/Src/stm32f4xx_hal_tim_ex.o" --specs=nano.specs -mfpu=fpv4-sp-d16 -mfloat-abi=hard -mthumb -o "Drivers/STM32F4xx_HAL_Driver/Src/stm32f4xx_hal_tim_ex.o"
arm-none-eabi-gcc -mcpu=cortex-m4 -g3 -DDEBUG -c -x assembler-with-cpp -MMD -MP -MF"Core/Startup/startup_stm32f405rgtx.d" -MT"Core/Startup/startup_stm32f405rgtx.o" --specs=nano.specs -mfpu=fpv4-sp-d16 -mfloat-abi=hard -mthumb -o "Core/Startup/startup_stm32f405rgtx.o" "../Core/Startup/startup_stm32f405rgtx.s"
arm-none-eabi-gcc "../Core/Src/main.c" -mcpu=cortex-m4 -std=gnu11 -g3 -DDEBUG -DUSE_HAL_DRIVER -DSTM32F405xx -c -I../Core/Inc -I../Drivers/STM32F4xx_HAL_Driver/Inc -I../Drivers/STM32F4xx_HAL_Driver/Inc/Legacy -I../Drivers/CMSIS/Device/ST/STM32F4xx/Include -I../Drivers/CMSIS/Include -I"C:/Users/garim/Desktop/freertos/1.task/Thirdyparty/FreeRTOS" -I"C:/Users/garim/Desktop/freertos/3.task_suspend/Thirdyparty/FreeRTOS" -I"C:/Users/garim/Desktop/freertos/3.task_suspend/Thirdyparty/FreeRTOS/portable/GCC/ARM_CM4F" -I"C:/Users/garim/Desktop/freertos/3.task_suspend/Thirdyparty/FreeRTOS/include" -O0 -ffunction-sections -fdata-sections -Wall -fstack-usage -MMD -MP -MF"Core/Src/main.d" -MT"Core/Src/main.o" --specs=nano.specs -mfpu=fpv4-sp-d16 -mfloat-abi=hard -mthumb -o "Core/Src/main.o"
arm-none-eabi-gcc "../Core/Src/stm32f4xx_hal_msp.c" -mcpu=cortex-m4 -std=gnu11 -g3 -DDEBUG -DUSE_HAL_DRIVER -DSTM32F405xx -c -I../Core/Inc -I../Drivers/STM32F4xx_HAL_Driver/Inc -I../Drivers/STM32F4xx_HAL_Driver/Inc/Legacy -I../Drivers/CMSIS/Device/ST/STM32F4xx/Include -I../Drivers/CMSIS/Include -I"C:/Users/garim/Desktop/freertos/1.task/Thirdyparty/FreeRTOS" -I"C:/Users/garim/Desktop/freertos/3.task_suspend/Thirdyparty/FreeRTOS" -I"C:/Users/garim/Desktop/freertos/3.task_suspend/Thirdyparty/FreeRTOS/portable/GCC/ARM_CM4F" -I"C:/Users/garim/Desktop/freertos/3.task_suspend/Thirdyparty/FreeRTOS/include" -O0 -ffunction-sections -fdata-sections -Wall -fstack-usage -MMD -MP -MF"Core/Src/stm32f4xx_hal_msp.d" -MT"Core/Src/stm32f4xx_hal_msp.o" --specs=nano.specs -mfpu=fpv4-sp-d16 -mfloat-abi=hard -mthumb -o "Core/Src/stm32f4xx_hal_msp.o"
arm-none-eabi-gcc "../Core/Src/stm32f4xx_hal_timebase_tim.c" -mcpu=cortex-m4 -std=gnu11 -g3 -DDEBUG -DUSE_HAL_DRIVER -DSTM32F405xx -c -I../Core/Inc -I../Drivers/STM32F4xx_HAL_Driver/Inc -I../Drivers/STM32F4xx_HAL_Driver/Inc/Legacy -I../Drivers/CMSIS/Device/ST/STM32F4xx/Include -I../Drivers/CMSIS/Include -I"C:/Users/garim/Desktop/freertos/1.task/Thirdyparty/FreeRTOS" -I"C:/Users/garim/Desktop/freertos/3.task_suspend/Thirdyparty/FreeRTOS" -I"C:/Users/garim/Desktop/freertos/3.task_suspend/Thirdyparty/FreeRTOS/portable/GCC/ARM_CM4F" -I"C:/Users/garim/Desktop/freertos/3.task_suspend/Thirdyparty/FreeRTOS/include" -O0 -ffunction-sections -fdata-sections -Wall -fstack-usage -MMD -MP -MF"Core/Src/stm32f4xx_hal_timebase_tim.d" -MT"Core/Src/stm32f4xx_hal_timebase_tim.o" --specs=nano.specs -mfpu=fpv4-sp-d16 -mfloat-abi=hard -mthumb -o "Core/Src/stm32f4xx_hal_timebase_tim.o"
arm-none-eabi-gcc "../Core/Src/stm32f4xx_it.c" -mcpu=cortex-m4 -std=gnu11 -g3 -DDEBUG -DUSE_HAL_DRIVER -DSTM32F405xx -c -I../Core/Inc -I../Drivers/STM32F4xx_HAL_Driver/Inc -I../Drivers/STM32F4xx_HAL_Driver/Inc/Legacy -I../Drivers/CMSIS/Device/ST/STM32F4xx/Include -I../Drivers/CMSIS/Include -I"C:/Users/garim/Desktop/freertos/1.task/Thirdyparty/FreeRTOS" -I"C:/Users/garim/Desktop/freertos/3.task_suspend/Thirdyparty/FreeRTOS" -I"C:/Users/garim/Desktop/freertos/3.task_suspend/Thirdyparty/FreeRTOS/portable/GCC/ARM_CM4F" -I"C:/Users/garim/Desktop/freertos/3.task_suspend/Thirdyparty/FreeRTOS/include" -O0 -ffunction-sections -fdata-sections -Wall -fstack-usage -MMD -MP -MF"Core/Src/stm32f4xx_it.d" -MT"Core/Src/stm32f4xx_it.o" --specs=nano.specs -mfpu=fpv4-sp-d16 -mfloat-abi=hard -mthumb -o "Core/Src/stm32f4xx_it.o"
arm-none-eabi-gcc "../Core/Src/syscalls.c" -mcpu=cortex-m4 -std=gnu11 -g3 -DDEBUG -DUSE_HAL_DRIVER -DSTM32F405xx -c -I../Core/Inc -I../Drivers/STM32F4xx_HAL_Driver/Inc -I../Drivers/STM32F4xx_HAL_Driver/Inc/Legacy -I../Drivers/CMSIS/Device/ST/STM32F4xx/Include -I../Drivers/CMSIS/Include -I"C:/Users/garim/Desktop/freertos/1.task/Thirdyparty/FreeRTOS" -I"C:/Users/garim/Desktop/freertos/3.task_suspend/Thirdyparty/FreeRTOS" -I"C:/Users/garim/Desktop/freertos/3.task_suspend/Thirdyparty/FreeRTOS/portable/GCC/ARM_CM4F" -I"C:/Users/garim/Desktop/freertos/3.task_suspend/Thirdyparty/FreeRTOS/include" -O0 -ffunction-sections -fdata-sections -Wall -fstack-usage -MMD -MP -MF"Core/Src/syscalls.d" -MT"Core/Src/syscalls.o" --specs=nano.specs -mfpu=fpv4-sp-d16 -mfloat-abi=hard -mthumb -o "Core/Src/syscalls.o"
arm-none-eabi-gcc "../Core/Src/system_stm32f4xx.c" -mcpu=cortex-m4 -std=gnu11 -g3 -DDEBUG -DUSE_HAL_DRIVER -DSTM32F405xx -c -I../Core/Inc -I../Drivers/STM32F4xx_HAL_Driver/Inc -I../Drivers/STM32F4xx_HAL_Driver/Inc/Legacy -I../Drivers/CMSIS/Device/ST/STM32F4xx/Include -I../Drivers/CMSIS/Include -I"C:/Users/garim/Desktop/freertos/1.task/Thirdyparty/FreeRTOS" -I"C:/Users/garim/Desktop/freertos/3.task_suspend/Thirdyparty/FreeRTOS" -I"C:/Users/garim/Desktop/freertos/3.task_suspend/Thirdyparty/FreeRTOS/portable/GCC/ARM_CM4F" -I"C:/Users/garim/Desktop/freertos/3.task_suspend/Thirdyparty/FreeRTOS/include" -O0 -ffunction-sections -fdata-sections -Wall -fstack-usage -MMD -MP -MF"Core/Src/system_stm32f4xx.d" -MT"Core/Src/system_stm32f4xx.o" --specs=nano.specs -mfpu=fpv4-sp-d16 -mfloat-abi=hard -mthumb -o "Core/Src/system_stm32f4xx.o"
arm-none-eabi-gcc -o "4.rtos_queue.elf" @"objects.list"   -mcpu=cortex-m4 -T"C:\Users\garim\Desktop\freertos\4.rtos_queue\STM32F405RGTX_FLASH.ld" --specs=nosys.specs -Wl,-Map="4.rtos_queue.map" -Wl,--gc-sections -static --specs=nano.specs -mfpu=fpv4-sp-d16 -mfloat-abi=hard -mthumb -Wl,--start-group -lc -lm -Wl,--end-group
Finished building target: 4.rtos_queue.elf
 
arm-none-eabi-size   4.rtos_queue.elf 
arm-none-eabi-objdump -h -S  4.rtos_queue.elf  > "4.rtos_queue.list"
   text	   data	    bss	    dec	    hex	filename
  16920	     28	  78876	  95824	  17650	4.rtos_queue.elf
Finished building: default.size.stdout
 
Finished building: 4.rtos_queue.list
 

00:11:25 Build Finished. 0 errors, 0 warnings. (took 2s.431ms)

