14:33:24 **** Incremental Build of configuration Debug for project STMF407 ****
make -j12 all 
arm-none-eabi-gcc -o "STMF407.elf" @"objects.list"   -mcpu=cortex-m4 -T"C:\Users\garim\Desktop\freertos\STMF407\STM32F405RGTX_FLASH.ld" --specs=nosys.specs -Wl,-Map="STMF407.map" -Wl,--gc-sections -static --specs=nano.specs -mfpu=fpv4-sp-d16 -mfloat-abi=hard -mthumb -Wl,--start-group -lc -lm -Wl,--end-group
c:\st\stm32cubeide_1.11.0\stm32cubeide\plugins\com.st.stm32cube.ide.mcu.externaltools.gnu-tools-for-stm32.10.3-2021.10.win32_1.0.100.202210260954\tools\arm-none-eabi\bin\ld.exe: ./Core/Src/main.o: in function `main':
C:/Users/garim/Desktop/freertos/STMF407/Debug/../Core/Src/main.c:106: undefined reference to `xTaskCreate'
c:\st\stm32cubeide_1.11.0\stm32cubeide\plugins\com.st.stm32cube.ide.mcu.externaltools.gnu-tools-for-stm32.10.3-2021.10.win32_1.0.100.202210260954\tools\arm-none-eabi\bin\ld.exe: C:/Users/garim/Desktop/freertos/STMF407/Debug/../Core/Src/main.c:109: undefined reference to `xTaskCreate'
c:\st\stm32cubeide_1.11.0\stm32cubeide\plugins\com.st.stm32cube.ide.mcu.externaltools.gnu-tools-for-stm32.10.3-2021.10.win32_1.0.100.202210260954\tools\arm-none-eabi\bin\ld.exe: C:/Users/garim/Desktop/freertos/STMF407/Debug/../Core/Src/main.c:111: undefined reference to `vTaskStartScheduler'
collect2.exe: error: ld returned 1 exit status
make: *** [makefile:71: STMF407.elf] Error 1
"make -j12 all" terminated with exit code 2. Build might be incomplete.
14:36:04 **** Incremental Build of configuration Debug for project STMF407 ****
make -j12 all 
arm-none-eabi-gcc "../FreeRTOS/freeRTOS/portable/MemMang/heap_4.c" -mcpu=cortex-m4 -std=gnu11 -g3 -DDEBUG -DUSE_HAL_DRIVER -DSTM32F405xx -c -I../Core/Inc -I"C:/Users/garim/Desktop/freertos/STMF407/FreeRTOS" -I"C:/Users/garim/Desktop/freertos/STMF407/FreeRTOS/freeRTOS/portable/GCC/ARM_CM4F" -I"C:/Users/garim/Desktop/freertos/STMF407/FreeRTOS/freeRTOS/include" -I"C:/Users/garim/Desktop/freertos/STMF407/FreeRTOS/freeRTOS" -I../Drivers/STM32F4xx_HAL_Driver/Inc -I../Drivers/STM32F4xx_HAL_Driver/Inc/Legacy -I../Drivers/CMSIS/Device/ST/STM32F4xx/Include -I../Drivers/CMSIS/Include -O0 -ffunction-sections -fdata-sections -Wall -fstack-usage -MMD -MP -MF"FreeRTOS/freeRTOS/portable/MemMang/heap_4.d" -MT"FreeRTOS/freeRTOS/portable/MemMang/heap_4.o" --specs=nano.specs -mfpu=fpv4-sp-d16 -mfloat-abi=hard -mthumb -o "FreeRTOS/freeRTOS/portable/MemMang/heap_4.o"
arm-none-eabi-gcc "../FreeRTOS/freeRTOS/portable/GCC/ARM_CM4F/port.c" -mcpu=cortex-m4 -std=gnu11 -g3 -DDEBUG -DUSE_HAL_DRIVER -DSTM32F405xx -c -I../Core/Inc -I"C:/Users/garim/Desktop/freertos/STMF407/FreeRTOS" -I"C:/Users/garim/Desktop/freertos/STMF407/FreeRTOS/freeRTOS/portable/GCC/ARM_CM4F" -I"C:/Users/garim/Desktop/freertos/STMF407/FreeRTOS/freeRTOS/include" -I"C:/Users/garim/Desktop/freertos/STMF407/FreeRTOS/freeRTOS" -I../Drivers/STM32F4xx_HAL_Driver/Inc -I../Drivers/STM32F4xx_HAL_Driver/Inc/Legacy -I../Drivers/CMSIS/Device/ST/STM32F4xx/Include -I../Drivers/CMSIS/Include -O0 -ffunction-sections -fdata-sections -Wall -fstack-usage -MMD -MP -MF"FreeRTOS/freeRTOS/portable/GCC/ARM_CM4F/port.d" -MT"FreeRTOS/freeRTOS/portable/GCC/ARM_CM4F/port.o" --specs=nano.specs -mfpu=fpv4-sp-d16 -mfloat-abi=hard -mthumb -o "FreeRTOS/freeRTOS/portable/GCC/ARM_CM4F/port.o"
arm-none-eabi-gcc "../FreeRTOS/freeRTOS/croutine.c" -mcpu=cortex-m4 -std=gnu11 -g3 -DDEBUG -DUSE_HAL_DRIVER -DSTM32F405xx -c -I../Core/Inc -I"C:/Users/garim/Desktop/freertos/STMF407/FreeRTOS" -I"C:/Users/garim/Desktop/freertos/STMF407/FreeRTOS/freeRTOS/portable/GCC/ARM_CM4F" -I"C:/Users/garim/Desktop/freertos/STMF407/FreeRTOS/freeRTOS/include" -I"C:/Users/garim/Desktop/freertos/STMF407/FreeRTOS/freeRTOS" -I../Drivers/STM32F4xx_HAL_Driver/Inc -I../Drivers/STM32F4xx_HAL_Driver/Inc/Legacy -I../Drivers/CMSIS/Device/ST/STM32F4xx/Include -I../Drivers/CMSIS/Include -O0 -ffunction-sections -fdata-sections -Wall -fstack-usage -MMD -MP -MF"FreeRTOS/freeRTOS/croutine.d" -MT"FreeRTOS/freeRTOS/croutine.o" --specs=nano.specs -mfpu=fpv4-sp-d16 -mfloat-abi=hard -mthumb -o "FreeRTOS/freeRTOS/croutine.o"
arm-none-eabi-gcc "../FreeRTOS/freeRTOS/event_groups.c" -mcpu=cortex-m4 -std=gnu11 -g3 -DDEBUG -DUSE_HAL_DRIVER -DSTM32F405xx -c -I../Core/Inc -I"C:/Users/garim/Desktop/freertos/STMF407/FreeRTOS" -I"C:/Users/garim/Desktop/freertos/STMF407/FreeRTOS/freeRTOS/portable/GCC/ARM_CM4F" -I"C:/Users/garim/Desktop/freertos/STMF407/FreeRTOS/freeRTOS/include" -I"C:/Users/garim/Desktop/freertos/STMF407/FreeRTOS/freeRTOS" -I../Drivers/STM32F4xx_HAL_Driver/Inc -I../Drivers/STM32F4xx_HAL_Driver/Inc/Legacy -I../Drivers/CMSIS/Device/ST/STM32F4xx/Include -I../Drivers/CMSIS/Include -O0 -ffunction-sections -fdata-sections -Wall -fstack-usage -MMD -MP -MF"FreeRTOS/freeRTOS/event_groups.d" -MT"FreeRTOS/freeRTOS/event_groups.o" --specs=nano.specs -mfpu=fpv4-sp-d16 -mfloat-abi=hard -mthumb -o "FreeRTOS/freeRTOS/event_groups.o"
arm-none-eabi-gcc "../FreeRTOS/freeRTOS/list.c" -mcpu=cortex-m4 -std=gnu11 -g3 -DDEBUG -DUSE_HAL_DRIVER -DSTM32F405xx -c -I../Core/Inc -I"C:/Users/garim/Desktop/freertos/STMF407/FreeRTOS" -I"C:/Users/garim/Desktop/freertos/STMF407/FreeRTOS/freeRTOS/portable/GCC/ARM_CM4F" -I"C:/Users/garim/Desktop/freertos/STMF407/FreeRTOS/freeRTOS/include" -I"C:/Users/garim/Desktop/freertos/STMF407/FreeRTOS/freeRTOS" -I../Drivers/STM32F4xx_HAL_Driver/Inc -I../Drivers/STM32F4xx_HAL_Driver/Inc/Legacy -I../Drivers/CMSIS/Device/ST/STM32F4xx/Include -I../Drivers/CMSIS/Include -O0 -ffunction-sections -fdata-sections -Wall -fstack-usage -MMD -MP -MF"FreeRTOS/freeRTOS/list.d" -MT"FreeRTOS/freeRTOS/list.o" --specs=nano.specs -mfpu=fpv4-sp-d16 -mfloat-abi=hard -mthumb -o "FreeRTOS/freeRTOS/list.o"
arm-none-eabi-gcc "../FreeRTOS/freeRTOS/queue.c" -mcpu=cortex-m4 -std=gnu11 -g3 -DDEBUG -DUSE_HAL_DRIVER -DSTM32F405xx -c -I../Core/Inc -I"C:/Users/garim/Desktop/freertos/STMF407/FreeRTOS" -I"C:/Users/garim/Desktop/freertos/STMF407/FreeRTOS/freeRTOS/portable/GCC/ARM_CM4F" -I"C:/Users/garim/Desktop/freertos/STMF407/FreeRTOS/freeRTOS/include" -I"C:/Users/garim/Desktop/freertos/STMF407/FreeRTOS/freeRTOS" -I../Drivers/STM32F4xx_HAL_Driver/Inc -I../Drivers/STM32F4xx_HAL_Driver/Inc/Legacy -I../Drivers/CMSIS/Device/ST/STM32F4xx/Include -I../Drivers/CMSIS/Include -O0 -ffunction-sections -fdata-sections -Wall -fstack-usage -MMD -MP -MF"FreeRTOS/freeRTOS/queue.d" -MT"FreeRTOS/freeRTOS/queue.o" --specs=nano.specs -mfpu=fpv4-sp-d16 -mfloat-abi=hard -mthumb -o "FreeRTOS/freeRTOS/queue.o"
arm-none-eabi-gcc "../FreeRTOS/freeRTOS/stream_buffer.c" -mcpu=cortex-m4 -std=gnu11 -g3 -DDEBUG -DUSE_HAL_DRIVER -DSTM32F405xx -c -I../Core/Inc -I"C:/Users/garim/Desktop/freertos/STMF407/FreeRTOS" -I"C:/Users/garim/Desktop/freertos/STMF407/FreeRTOS/freeRTOS/portable/GCC/ARM_CM4F" -I"C:/Users/garim/Desktop/freertos/STMF407/FreeRTOS/freeRTOS/include" -I"C:/Users/garim/Desktop/freertos/STMF407/FreeRTOS/freeRTOS" -I../Drivers/STM32F4xx_HAL_Driver/Inc -I../Drivers/STM32F4xx_HAL_Driver/Inc/Legacy -I../Drivers/CMSIS/Device/ST/STM32F4xx/Include -I../Drivers/CMSIS/Include -O0 -ffunction-sections -fdata-sections -Wall -fstack-usage -MMD -MP -MF"FreeRTOS/freeRTOS/stream_buffer.d" -MT"FreeRTOS/freeRTOS/stream_buffer.o" --specs=nano.specs -mfpu=fpv4-sp-d16 -mfloat-abi=hard -mthumb -o "FreeRTOS/freeRTOS/stream_buffer.o"
arm-none-eabi-gcc "../FreeRTOS/freeRTOS/tasks.c" -mcpu=cortex-m4 -std=gnu11 -g3 -DDEBUG -DUSE_HAL_DRIVER -DSTM32F405xx -c -I../Core/Inc -I"C:/Users/garim/Desktop/freertos/STMF407/FreeRTOS" -I"C:/Users/garim/Desktop/freertos/STMF407/FreeRTOS/freeRTOS/portable/GCC/ARM_CM4F" -I"C:/Users/garim/Desktop/freertos/STMF407/FreeRTOS/freeRTOS/include" -I"C:/Users/garim/Desktop/freertos/STMF407/FreeRTOS/freeRTOS" -I../Drivers/STM32F4xx_HAL_Driver/Inc -I../Drivers/STM32F4xx_HAL_Driver/Inc/Legacy -I../Drivers/CMSIS/Device/ST/STM32F4xx/Include -I../Drivers/CMSIS/Include -O0 -ffunction-sections -fdata-sections -Wall -fstack-usage -MMD -MP -MF"FreeRTOS/freeRTOS/tasks.d" -MT"FreeRTOS/freeRTOS/tasks.o" --specs=nano.specs -mfpu=fpv4-sp-d16 -mfloat-abi=hard -mthumb -o "FreeRTOS/freeRTOS/tasks.o"
arm-none-eabi-gcc "../FreeRTOS/freeRTOS/timers.c" -mcpu=cortex-m4 -std=gnu11 -g3 -DDEBUG -DUSE_HAL_DRIVER -DSTM32F405xx -c -I../Core/Inc -I"C:/Users/garim/Desktop/freertos/STMF407/FreeRTOS" -I"C:/Users/garim/Desktop/freertos/STMF407/FreeRTOS/freeRTOS/portable/GCC/ARM_CM4F" -I"C:/Users/garim/Desktop/freertos/STMF407/FreeRTOS/freeRTOS/include" -I"C:/Users/garim/Desktop/freertos/STMF407/FreeRTOS/freeRTOS" -I../Drivers/STM32F4xx_HAL_Driver/Inc -I../Drivers/STM32F4xx_HAL_Driver/Inc/Legacy -I../Drivers/CMSIS/Device/ST/STM32F4xx/Include -I../Drivers/CMSIS/Include -O0 -ffunction-sections -fdata-sections -Wall -fstack-usage -MMD -MP -MF"FreeRTOS/freeRTOS/timers.d" -MT"FreeRTOS/freeRTOS/timers.o" --specs=nano.specs -mfpu=fpv4-sp-d16 -mfloat-abi=hard -mthumb -o "FreeRTOS/freeRTOS/timers.o"
arm-none-eabi-gcc "../FreeRTOS/SAGGER/SEGGER/Syscalls/SEGGER_RTT_Syscalls_GCC.c" -mcpu=cortex-m4 -std=gnu11 -g3 -DDEBUG -DUSE_HAL_DRIVER -DSTM32F405xx -c -I../Core/Inc -I"C:/Users/garim/Desktop/freertos/STMF407/FreeRTOS" -I"C:/Users/garim/Desktop/freertos/STMF407/FreeRTOS/freeRTOS/portable/GCC/ARM_CM4F" -I"C:/Users/garim/Desktop/freertos/STMF407/FreeRTOS/freeRTOS/include" -I"C:/Users/garim/Desktop/freertos/STMF407/FreeRTOS/freeRTOS" -I../Drivers/STM32F4xx_HAL_Driver/Inc -I../Drivers/STM32F4xx_HAL_Driver/Inc/Legacy -I../Drivers/CMSIS/Device/ST/STM32F4xx/Include -I../Drivers/CMSIS/Include -O0 -ffunction-sections -fdata-sections -Wall -fstack-usage -MMD -MP -MF"FreeRTOS/SAGGER/SEGGER/Syscalls/SEGGER_RTT_Syscalls_GCC.d" -MT"FreeRTOS/SAGGER/SEGGER/Syscalls/SEGGER_RTT_Syscalls_GCC.o" --specs=nano.specs -mfpu=fpv4-sp-d16 -mfloat-abi=hard -mthumb -o "FreeRTOS/SAGGER/SEGGER/Syscalls/SEGGER_RTT_Syscalls_GCC.o"
arm-none-eabi-gcc "../FreeRTOS/SAGGER/SEGGER/SEGGER_RTT.c" -mcpu=cortex-m4 -std=gnu11 -g3 -DDEBUG -DUSE_HAL_DRIVER -DSTM32F405xx -c -I../Core/Inc -I"C:/Users/garim/Desktop/freertos/STMF407/FreeRTOS" -I"C:/Users/garim/Desktop/freertos/STMF407/FreeRTOS/freeRTOS/portable/GCC/ARM_CM4F" -I"C:/Users/garim/Desktop/freertos/STMF407/FreeRTOS/freeRTOS/include" -I"C:/Users/garim/Desktop/freertos/STMF407/FreeRTOS/freeRTOS" -I../Drivers/STM32F4xx_HAL_Driver/Inc -I../Drivers/STM32F4xx_HAL_Driver/Inc/Legacy -I../Drivers/CMSIS/Device/ST/STM32F4xx/Include -I../Drivers/CMSIS/Include -O0 -ffunction-sections -fdata-sections -Wall -fstack-usage -MMD -MP -MF"FreeRTOS/SAGGER/SEGGER/SEGGER_RTT.d" -MT"FreeRTOS/SAGGER/SEGGER/SEGGER_RTT.o" --specs=nano.specs -mfpu=fpv4-sp-d16 -mfloat-abi=hard -mthumb -o "FreeRTOS/SAGGER/SEGGER/SEGGER_RTT.o"
arm-none-eabi-gcc -mcpu=cortex-m4 -g3 -DDEBUG -c -x assembler-with-cpp -MMD -MP -MF"FreeRTOS/SAGGER/SEGGER/SEGGER_RTT_ASM_ARMv7M.d" -MT"FreeRTOS/SAGGER/SEGGER/SEGGER_RTT_ASM_ARMv7M.o" --specs=nano.specs -mfpu=fpv4-sp-d16 -mfloat-abi=hard -mthumb -o "FreeRTOS/SAGGER/SEGGER/SEGGER_RTT_ASM_ARMv7M.o" "../FreeRTOS/SAGGER/SEGGER/SEGGER_RTT_ASM_ARMv7M.S"
../FreeRTOS/SAGGER/SEGGER/Syscalls/SEGGER_RTT_Syscalls_GCC.c:59:10: fatal error: SEGGER_RTT.h: No such file or directory
   59 | #include "SEGGER_RTT.h"
      |          ^~~~~~~~~~~~~~
compilation terminated.
arm-none-eabi-gcc "../FreeRTOS/SAGGER/SEGGER/SEGGER_RTT_printf.c" -mcpu=cortex-m4 -std=gnu11 -g3 -DDEBUG -DUSE_HAL_DRIVER -DSTM32F405xx -c -I../Core/Inc -I"C:/Users/garim/Desktop/freertos/STMF407/FreeRTOS" -I"C:/Users/garim/Desktop/freertos/STMF407/FreeRTOS/freeRTOS/portable/GCC/ARM_CM4F" -I"C:/Users/garim/Desktop/freertos/STMF407/FreeRTOS/freeRTOS/include" -I"C:/Users/garim/Desktop/freertos/STMF407/FreeRTOS/freeRTOS" -I../Drivers/STM32F4xx_HAL_Driver/Inc -I../Drivers/STM32F4xx_HAL_Driver/Inc/Legacy -I../Drivers/CMSIS/Device/ST/STM32F4xx/Include -I../Drivers/CMSIS/Include -O0 -ffunction-sections -fdata-sections -Wall -fstack-usage -MMD -MP -MF"FreeRTOS/SAGGER/SEGGER/SEGGER_RTT_printf.d" -MT"FreeRTOS/SAGGER/SEGGER/SEGGER_RTT_printf.o" --specs=nano.specs -mfpu=fpv4-sp-d16 -mfloat-abi=hard -mthumb -o "FreeRTOS/SAGGER/SEGGER/SEGGER_RTT_printf.o"
make: *** [FreeRTOS/SAGGER/SEGGER/Syscalls/subdir.mk:19: FreeRTOS/SAGGER/SEGGER/Syscalls/SEGGER_RTT_Syscalls_GCC.o] Error 1
make: *** Waiting for unfinished jobs....
../FreeRTOS/SAGGER/SEGGER/SEGGER_RTT_printf.c:55:10: fatal error: SEGGER_RTT_Conf.h: No such file or directory
   55 | #include "SEGGER_RTT_Conf.h"
      |          ^~~~~~~~~~~~~~~~~~~
compilation terminated.
make: *** [FreeRTOS/SAGGER/SEGGER/subdir.mk:32: FreeRTOS/SAGGER/SEGGER/SEGGER_RTT_printf.o] Error 1
"make -j12 all" terminated with exit code 2. Build might be incomplete.
14:46:54 **** Build of configuration Debug for project stm407led ****
make -j12 all 
arm-none-eabi-gcc "../thirdparty/freeRTOS/portable/MemMang/heap_4.c" -mcpu=cortex-m4 -std=gnu11 -g3 -DDEBUG -DUSE_HAL_DRIVER -DSTM32F405xx -c -I"C:/Users/garim/Desktop/freertos/stm407led/thirdparty/freeRTOS" -I"C:/Users/garim/Desktop/freertos/stm407led/thirdparty/freeRTOS/include" -I"C:/Users/garim/Desktop/freertos/stm407led/thirdparty/freeRTOS/portable/GCC/ARM_CM4F" -I../Core/Inc -I../Drivers/STM32F4xx_HAL_Driver/Inc -I../Drivers/STM32F4xx_HAL_Driver/Inc/Legacy -I../Drivers/CMSIS/Device/ST/STM32F4xx/Include -I../Drivers/CMSIS/Include -O0 -ffunction-sections -fdata-sections -Wall -fstack-usage -MMD -MP -MF"thirdparty/freeRTOS/portable/MemMang/heap_4.d" -MT"thirdparty/freeRTOS/portable/MemMang/heap_4.o" --specs=nano.specs -mfpu=fpv4-sp-d16 -mfloat-abi=hard -mthumb -o "thirdparty/freeRTOS/portable/MemMang/heap_4.o"
arm-none-eabi-gcc "../thirdparty/freeRTOS/portable/GCC/ARM_CM4F/port.c" -mcpu=cortex-m4 -std=gnu11 -g3 -DDEBUG -DUSE_HAL_DRIVER -DSTM32F405xx -c -I"C:/Users/garim/Desktop/freertos/stm407led/thirdparty/freeRTOS" -I"C:/Users/garim/Desktop/freertos/stm407led/thirdparty/freeRTOS/include" -I"C:/Users/garim/Desktop/freertos/stm407led/thirdparty/freeRTOS/portable/GCC/ARM_CM4F" -I../Core/Inc -I../Drivers/STM32F4xx_HAL_Driver/Inc -I../Drivers/STM32F4xx_HAL_Driver/Inc/Legacy -I../Drivers/CMSIS/Device/ST/STM32F4xx/Include -I../Drivers/CMSIS/Include -O0 -ffunction-sections -fdata-sections -Wall -fstack-usage -MMD -MP -MF"thirdparty/freeRTOS/portable/GCC/ARM_CM4F/port.d" -MT"thirdparty/freeRTOS/portable/GCC/ARM_CM4F/port.o" --specs=nano.specs -mfpu=fpv4-sp-d16 -mfloat-abi=hard -mthumb -o "thirdparty/freeRTOS/portable/GCC/ARM_CM4F/port.o"
arm-none-eabi-gcc "../thirdparty/freeRTOS/croutine.c" -mcpu=cortex-m4 -std=gnu11 -g3 -DDEBUG -DUSE_HAL_DRIVER -DSTM32F405xx -c -I"C:/Users/garim/Desktop/freertos/stm407led/thirdparty/freeRTOS" -I"C:/Users/garim/Desktop/freertos/stm407led/thirdparty/freeRTOS/include" -I"C:/Users/garim/Desktop/freertos/stm407led/thirdparty/freeRTOS/portable/GCC/ARM_CM4F" -I../Core/Inc -I../Drivers/STM32F4xx_HAL_Driver/Inc -I../Drivers/STM32F4xx_HAL_Driver/Inc/Legacy -I../Drivers/CMSIS/Device/ST/STM32F4xx/Include -I../Drivers/CMSIS/Include -O0 -ffunction-sections -fdata-sections -Wall -fstack-usage -MMD -MP -MF"thirdparty/freeRTOS/croutine.d" -MT"thirdparty/freeRTOS/croutine.o" --specs=nano.specs -mfpu=fpv4-sp-d16 -mfloat-abi=hard -mthumb -o "thirdparty/freeRTOS/croutine.o"
arm-none-eabi-gcc "../thirdparty/freeRTOS/event_groups.c" -mcpu=cortex-m4 -std=gnu11 -g3 -DDEBUG -DUSE_HAL_DRIVER -DSTM32F405xx -c -I"C:/Users/garim/Desktop/freertos/stm407led/thirdparty/freeRTOS" -I"C:/Users/garim/Desktop/freertos/stm407led/thirdparty/freeRTOS/include" -I"C:/Users/garim/Desktop/freertos/stm407led/thirdparty/freeRTOS/portable/GCC/ARM_CM4F" -I../Core/Inc -I../Drivers/STM32F4xx_HAL_Driver/Inc -I../Drivers/STM32F4xx_HAL_Driver/Inc/Legacy -I../Drivers/CMSIS/Device/ST/STM32F4xx/Include -I../Drivers/CMSIS/Include -O0 -ffunction-sections -fdata-sections -Wall -fstack-usage -MMD -MP -MF"thirdparty/freeRTOS/event_groups.d" -MT"thirdparty/freeRTOS/event_groups.o" --specs=nano.specs -mfpu=fpv4-sp-d16 -mfloat-abi=hard -mthumb -o "thirdparty/freeRTOS/event_groups.o"
arm-none-eabi-gcc "../thirdparty/freeRTOS/list.c" -mcpu=cortex-m4 -std=gnu11 -g3 -DDEBUG -DUSE_HAL_DRIVER -DSTM32F405xx -c -I"C:/Users/garim/Desktop/freertos/stm407led/thirdparty/freeRTOS" -I"C:/Users/garim/Desktop/freertos/stm407led/thirdparty/freeRTOS/include" -I"C:/Users/garim/Desktop/freertos/stm407led/thirdparty/freeRTOS/portable/GCC/ARM_CM4F" -I../Core/Inc -I../Drivers/STM32F4xx_HAL_Driver/Inc -I../Drivers/STM32F4xx_HAL_Driver/Inc/Legacy -I../Drivers/CMSIS/Device/ST/STM32F4xx/Include -I../Drivers/CMSIS/Include -O0 -ffunction-sections -fdata-sections -Wall -fstack-usage -MMD -MP -MF"thirdparty/freeRTOS/list.d" -MT"thirdparty/freeRTOS/list.o" --specs=nano.specs -mfpu=fpv4-sp-d16 -mfloat-abi=hard -mthumb -o "thirdparty/freeRTOS/list.o"
arm-none-eabi-gcc "../thirdparty/freeRTOS/queue.c" -mcpu=cortex-m4 -std=gnu11 -g3 -DDEBUG -DUSE_HAL_DRIVER -DSTM32F405xx -c -I"C:/Users/garim/Desktop/freertos/stm407led/thirdparty/freeRTOS" -I"C:/Users/garim/Desktop/freertos/stm407led/thirdparty/freeRTOS/include" -I"C:/Users/garim/Desktop/freertos/stm407led/thirdparty/freeRTOS/portable/GCC/ARM_CM4F" -I../Core/Inc -I../Drivers/STM32F4xx_HAL_Driver/Inc -I../Drivers/STM32F4xx_HAL_Driver/Inc/Legacy -I../Drivers/CMSIS/Device/ST/STM32F4xx/Include -I../Drivers/CMSIS/Include -O0 -ffunction-sections -fdata-sections -Wall -fstack-usage -MMD -MP -MF"thirdparty/freeRTOS/queue.d" -MT"thirdparty/freeRTOS/queue.o" --specs=nano.specs -mfpu=fpv4-sp-d16 -mfloat-abi=hard -mthumb -o "thirdparty/freeRTOS/queue.o"
arm-none-eabi-gcc "../thirdparty/freeRTOS/stream_buffer.c" -mcpu=cortex-m4 -std=gnu11 -g3 -DDEBUG -DUSE_HAL_DRIVER -DSTM32F405xx -c -I"C:/Users/garim/Desktop/freertos/stm407led/thirdparty/freeRTOS" -I"C:/Users/garim/Desktop/freertos/stm407led/thirdparty/freeRTOS/include" -I"C:/Users/garim/Desktop/freertos/stm407led/thirdparty/freeRTOS/portable/GCC/ARM_CM4F" -I../Core/Inc -I../Drivers/STM32F4xx_HAL_Driver/Inc -I../Drivers/STM32F4xx_HAL_Driver/Inc/Legacy -I../Drivers/CMSIS/Device/ST/STM32F4xx/Include -I../Drivers/CMSIS/Include -O0 -ffunction-sections -fdata-sections -Wall -fstack-usage -MMD -MP -MF"thirdparty/freeRTOS/stream_buffer.d" -MT"thirdparty/freeRTOS/stream_buffer.o" --specs=nano.specs -mfpu=fpv4-sp-d16 -mfloat-abi=hard -mthumb -o "thirdparty/freeRTOS/stream_buffer.o"
arm-none-eabi-gcc "../thirdparty/freeRTOS/tasks.c" -mcpu=cortex-m4 -std=gnu11 -g3 -DDEBUG -DUSE_HAL_DRIVER -DSTM32F405xx -c -I"C:/Users/garim/Desktop/freertos/stm407led/thirdparty/freeRTOS" -I"C:/Users/garim/Desktop/freertos/stm407led/thirdparty/freeRTOS/include" -I"C:/Users/garim/Desktop/freertos/stm407led/thirdparty/freeRTOS/portable/GCC/ARM_CM4F" -I../Core/Inc -I../Drivers/STM32F4xx_HAL_Driver/Inc -I../Drivers/STM32F4xx_HAL_Driver/Inc/Legacy -I../Drivers/CMSIS/Device/ST/STM32F4xx/Include -I../Drivers/CMSIS/Include -O0 -ffunction-sections -fdata-sections -Wall -fstack-usage -MMD -MP -MF"thirdparty/freeRTOS/tasks.d" -MT"thirdparty/freeRTOS/tasks.o" --specs=nano.specs -mfpu=fpv4-sp-d16 -mfloat-abi=hard -mthumb -o "thirdparty/freeRTOS/tasks.o"
arm-none-eabi-gcc "../thirdparty/freeRTOS/timers.c" -mcpu=cortex-m4 -std=gnu11 -g3 -DDEBUG -DUSE_HAL_DRIVER -DSTM32F405xx -c -I"C:/Users/garim/Desktop/freertos/stm407led/thirdparty/freeRTOS" -I"C:/Users/garim/Desktop/freertos/stm407led/thirdparty/freeRTOS/include" -I"C:/Users/garim/Desktop/freertos/stm407led/thirdparty/freeRTOS/portable/GCC/ARM_CM4F" -I../Core/Inc -I../Drivers/STM32F4xx_HAL_Driver/Inc -I../Drivers/STM32F4xx_HAL_Driver/Inc/Legacy -I../Drivers/CMSIS/Device/ST/STM32F4xx/Include -I../Drivers/CMSIS/Include -O0 -ffunction-sections -fdata-sections -Wall -fstack-usage -MMD -MP -MF"thirdparty/freeRTOS/timers.d" -MT"thirdparty/freeRTOS/timers.o" --specs=nano.specs -mfpu=fpv4-sp-d16 -mfloat-abi=hard -mthumb -o "thirdparty/freeRTOS/timers.o"
arm-none-eabi-gcc "../Drivers/STM32F4xx_HAL_Driver/Src/stm32f4xx_hal.c" -mcpu=cortex-m4 -std=gnu11 -g3 -DDEBUG -DUSE_HAL_DRIVER -DSTM32F405xx -c -I"C:/Users/garim/Desktop/freertos/stm407led/thirdparty/freeRTOS" -I"C:/Users/garim/Desktop/freertos/stm407led/thirdparty/freeRTOS/include" -I"C:/Users/garim/Desktop/freertos/stm407led/thirdparty/freeRTOS/portable/GCC/ARM_CM4F" -I../Core/Inc -I../Drivers/STM32F4xx_HAL_Driver/Inc -I../Drivers/STM32F4xx_HAL_Driver/Inc/Legacy -I../Drivers/CMSIS/Device/ST/STM32F4xx/Include -I../Drivers/CMSIS/Include -O0 -ffunction-sections -fdata-sections -Wall -fstack-usage -MMD -MP -MF"Drivers/STM32F4xx_HAL_Driver/Src/stm32f4xx_hal.d" -MT"Drivers/STM32F4xx_HAL_Driver/Src/stm32f4xx_hal.o" --specs=nano.specs -mfpu=fpv4-sp-d16 -mfloat-abi=hard -mthumb -o "Drivers/STM32F4xx_HAL_Driver/Src/stm32f4xx_hal.o"
arm-none-eabi-gcc "../Drivers/STM32F4xx_HAL_Driver/Src/stm32f4xx_hal_cortex.c" -mcpu=cortex-m4 -std=gnu11 -g3 -DDEBUG -DUSE_HAL_DRIVER -DSTM32F405xx -c -I"C:/Users/garim/Desktop/freertos/stm407led/thirdparty/freeRTOS" -I"C:/Users/garim/Desktop/freertos/stm407led/thirdparty/freeRTOS/include" -I"C:/Users/garim/Desktop/freertos/stm407led/thirdparty/freeRTOS/portable/GCC/ARM_CM4F" -I../Core/Inc -I../Drivers/STM32F4xx_HAL_Driver/Inc -I../Drivers/STM32F4xx_HAL_Driver/Inc/Legacy -I../Drivers/CMSIS/Device/ST/STM32F4xx/Include -I../Drivers/CMSIS/Include -O0 -ffunction-sections -fdata-sections -Wall -fstack-usage -MMD -MP -MF"Drivers/STM32F4xx_HAL_Driver/Src/stm32f4xx_hal_cortex.d" -MT"Drivers/STM32F4xx_HAL_Driver/Src/stm32f4xx_hal_cortex.o" --specs=nano.specs -mfpu=fpv4-sp-d16 -mfloat-abi=hard -mthumb -o "Drivers/STM32F4xx_HAL_Driver/Src/stm32f4xx_hal_cortex.o"
arm-none-eabi-gcc "../Drivers/STM32F4xx_HAL_Driver/Src/stm32f4xx_hal_dma.c" -mcpu=cortex-m4 -std=gnu11 -g3 -DDEBUG -DUSE_HAL_DRIVER -DSTM32F405xx -c -I"C:/Users/garim/Desktop/freertos/stm407led/thirdparty/freeRTOS" -I"C:/Users/garim/Desktop/freertos/stm407led/thirdparty/freeRTOS/include" -I"C:/Users/garim/Desktop/freertos/stm407led/thirdparty/freeRTOS/portable/GCC/ARM_CM4F" -I../Core/Inc -I../Drivers/STM32F4xx_HAL_Driver/Inc -I../Drivers/STM32F4xx_HAL_Driver/Inc/Legacy -I../Drivers/CMSIS/Device/ST/STM32F4xx/Include -I../Drivers/CMSIS/Include -O0 -ffunction-sections -fdata-sections -Wall -fstack-usage -MMD -MP -MF"Drivers/STM32F4xx_HAL_Driver/Src/stm32f4xx_hal_dma.d" -MT"Drivers/STM32F4xx_HAL_Driver/Src/stm32f4xx_hal_dma.o" --specs=nano.specs -mfpu=fpv4-sp-d16 -mfloat-abi=hard -mthumb -o "Drivers/STM32F4xx_HAL_Driver/Src/stm32f4xx_hal_dma.o"
arm-none-eabi-gcc "../Drivers/STM32F4xx_HAL_Driver/Src/stm32f4xx_hal_dma_ex.c" -mcpu=cortex-m4 -std=gnu11 -g3 -DDEBUG -DUSE_HAL_DRIVER -DSTM32F405xx -c -I"C:/Users/garim/Desktop/freertos/stm407led/thirdparty/freeRTOS" -I"C:/Users/garim/Desktop/freertos/stm407led/thirdparty/freeRTOS/include" -I"C:/Users/garim/Desktop/freertos/stm407led/thirdparty/freeRTOS/portable/GCC/ARM_CM4F" -I../Core/Inc -I../Drivers/STM32F4xx_HAL_Driver/Inc -I../Drivers/STM32F4xx_HAL_Driver/Inc/Legacy -I../Drivers/CMSIS/Device/ST/STM32F4xx/Include -I../Drivers/CMSIS/Include -O0 -ffunction-sections -fdata-sections -Wall -fstack-usage -MMD -MP -MF"Drivers/STM32F4xx_HAL_Driver/Src/stm32f4xx_hal_dma_ex.d" -MT"Drivers/STM32F4xx_HAL_Driver/Src/stm32f4xx_hal_dma_ex.o" --specs=nano.specs -mfpu=fpv4-sp-d16 -mfloat-abi=hard -mthumb -o "Drivers/STM32F4xx_HAL_Driver/Src/stm32f4xx_hal_dma_ex.o"
arm-none-eabi-gcc "../Drivers/STM32F4xx_HAL_Driver/Src/stm32f4xx_hal_exti.c" -mcpu=cortex-m4 -std=gnu11 -g3 -DDEBUG -DUSE_HAL_DRIVER -DSTM32F405xx -c -I"C:/Users/garim/Desktop/freertos/stm407led/thirdparty/freeRTOS" -I"C:/Users/garim/Desktop/freertos/stm407led/thirdparty/freeRTOS/include" -I"C:/Users/garim/Desktop/freertos/stm407led/thirdparty/freeRTOS/portable/GCC/ARM_CM4F" -I../Core/Inc -I../Drivers/STM32F4xx_HAL_Driver/Inc -I../Drivers/STM32F4xx_HAL_Driver/Inc/Legacy -I../Drivers/CMSIS/Device/ST/STM32F4xx/Include -I../Drivers/CMSIS/Include -O0 -ffunction-sections -fdata-sections -Wall -fstack-usage -MMD -MP -MF"Drivers/STM32F4xx_HAL_Driver/Src/stm32f4xx_hal_exti.d" -MT"Drivers/STM32F4xx_HAL_Driver/Src/stm32f4xx_hal_exti.o" --specs=nano.specs -mfpu=fpv4-sp-d16 -mfloat-abi=hard -mthumb -o "Drivers/STM32F4xx_HAL_Driver/Src/stm32f4xx_hal_exti.o"
arm-none-eabi-gcc "../Drivers/STM32F4xx_HAL_Driver/Src/stm32f4xx_hal_flash.c" -mcpu=cortex-m4 -std=gnu11 -g3 -DDEBUG -DUSE_HAL_DRIVER -DSTM32F405xx -c -I"C:/Users/garim/Desktop/freertos/stm407led/thirdparty/freeRTOS" -I"C:/Users/garim/Desktop/freertos/stm407led/thirdparty/freeRTOS/include" -I"C:/Users/garim/Desktop/freertos/stm407led/thirdparty/freeRTOS/portable/GCC/ARM_CM4F" -I../Core/Inc -I../Drivers/STM32F4xx_HAL_Driver/Inc -I../Drivers/STM32F4xx_HAL_Driver/Inc/Legacy -I../Drivers/CMSIS/Device/ST/STM32F4xx/Include -I../Drivers/CMSIS/Include -O0 -ffunction-sections -fdata-sections -Wall -fstack-usage -MMD -MP -MF"Drivers/STM32F4xx_HAL_Driver/Src/stm32f4xx_hal_flash.d" -MT"Drivers/STM32F4xx_HAL_Driver/Src/stm32f4xx_hal_flash.o" --specs=nano.specs -mfpu=fpv4-sp-d16 -mfloat-abi=hard -mthumb -o "Drivers/STM32F4xx_HAL_Driver/Src/stm32f4xx_hal_flash.o"
arm-none-eabi-gcc "../Drivers/STM32F4xx_HAL_Driver/Src/stm32f4xx_hal_flash_ex.c" -mcpu=cortex-m4 -std=gnu11 -g3 -DDEBUG -DUSE_HAL_DRIVER -DSTM32F405xx -c -I"C:/Users/garim/Desktop/freertos/stm407led/thirdparty/freeRTOS" -I"C:/Users/garim/Desktop/freertos/stm407led/thirdparty/freeRTOS/include" -I"C:/Users/garim/Desktop/freertos/stm407led/thirdparty/freeRTOS/portable/GCC/ARM_CM4F" -I../Core/Inc -I../Drivers/STM32F4xx_HAL_Driver/Inc -I../Drivers/STM32F4xx_HAL_Driver/Inc/Legacy -I../Drivers/CMSIS/Device/ST/STM32F4xx/Include -I../Drivers/CMSIS/Include -O0 -ffunction-sections -fdata-sections -Wall -fstack-usage -MMD -MP -MF"Drivers/STM32F4xx_HAL_Driver/Src/stm32f4xx_hal_flash_ex.d" -MT"Drivers/STM32F4xx_HAL_Driver/Src/stm32f4xx_hal_flash_ex.o" --specs=nano.specs -mfpu=fpv4-sp-d16 -mfloat-abi=hard -mthumb -o "Drivers/STM32F4xx_HAL_Driver/Src/stm32f4xx_hal_flash_ex.o"
arm-none-eabi-gcc "../Drivers/STM32F4xx_HAL_Driver/Src/stm32f4xx_hal_flash_ramfunc.c" -mcpu=cortex-m4 -std=gnu11 -g3 -DDEBUG -DUSE_HAL_DRIVER -DSTM32F405xx -c -I"C:/Users/garim/Desktop/freertos/stm407led/thirdparty/freeRTOS" -I"C:/Users/garim/Desktop/freertos/stm407led/thirdparty/freeRTOS/include" -I"C:/Users/garim/Desktop/freertos/stm407led/thirdparty/freeRTOS/portable/GCC/ARM_CM4F" -I../Core/Inc -I../Drivers/STM32F4xx_HAL_Driver/Inc -I../Drivers/STM32F4xx_HAL_Driver/Inc/Legacy -I../Drivers/CMSIS/Device/ST/STM32F4xx/Include -I../Drivers/CMSIS/Include -O0 -ffunction-sections -fdata-sections -Wall -fstack-usage -MMD -MP -MF"Drivers/STM32F4xx_HAL_Driver/Src/stm32f4xx_hal_flash_ramfunc.d" -MT"Drivers/STM32F4xx_HAL_Driver/Src/stm32f4xx_hal_flash_ramfunc.o" --specs=nano.specs -mfpu=fpv4-sp-d16 -mfloat-abi=hard -mthumb -o "Drivers/STM32F4xx_HAL_Driver/Src/stm32f4xx_hal_flash_ramfunc.o"
arm-none-eabi-gcc "../Drivers/STM32F4xx_HAL_Driver/Src/stm32f4xx_hal_gpio.c" -mcpu=cortex-m4 -std=gnu11 -g3 -DDEBUG -DUSE_HAL_DRIVER -DSTM32F405xx -c -I"C:/Users/garim/Desktop/freertos/stm407led/thirdparty/freeRTOS" -I"C:/Users/garim/Desktop/freertos/stm407led/thirdparty/freeRTOS/include" -I"C:/Users/garim/Desktop/freertos/stm407led/thirdparty/freeRTOS/portable/GCC/ARM_CM4F" -I../Core/Inc -I../Drivers/STM32F4xx_HAL_Driver/Inc -I../Drivers/STM32F4xx_HAL_Driver/Inc/Legacy -I../Drivers/CMSIS/Device/ST/STM32F4xx/Include -I../Drivers/CMSIS/Include -O0 -ffunction-sections -fdata-sections -Wall -fstack-usage -MMD -MP -MF"Drivers/STM32F4xx_HAL_Driver/Src/stm32f4xx_hal_gpio.d" -MT"Drivers/STM32F4xx_HAL_Driver/Src/stm32f4xx_hal_gpio.o" --specs=nano.specs -mfpu=fpv4-sp-d16 -mfloat-abi=hard -mthumb -o "Drivers/STM32F4xx_HAL_Driver/Src/stm32f4xx_hal_gpio.o"
arm-none-eabi-gcc "../Drivers/STM32F4xx_HAL_Driver/Src/stm32f4xx_hal_pwr.c" -mcpu=cortex-m4 -std=gnu11 -g3 -DDEBUG -DUSE_HAL_DRIVER -DSTM32F405xx -c -I"C:/Users/garim/Desktop/freertos/stm407led/thirdparty/freeRTOS" -I"C:/Users/garim/Desktop/freertos/stm407led/thirdparty/freeRTOS/include" -I"C:/Users/garim/Desktop/freertos/stm407led/thirdparty/freeRTOS/portable/GCC/ARM_CM4F" -I../Core/Inc -I../Drivers/STM32F4xx_HAL_Driver/Inc -I../Drivers/STM32F4xx_HAL_Driver/Inc/Legacy -I../Drivers/CMSIS/Device/ST/STM32F4xx/Include -I../Drivers/CMSIS/Include -O0 -ffunction-sections -fdata-sections -Wall -fstack-usage -MMD -MP -MF"Drivers/STM32F4xx_HAL_Driver/Src/stm32f4xx_hal_pwr.d" -MT"Drivers/STM32F4xx_HAL_Driver/Src/stm32f4xx_hal_pwr.o" --specs=nano.specs -mfpu=fpv4-sp-d16 -mfloat-abi=hard -mthumb -o "Drivers/STM32F4xx_HAL_Driver/Src/stm32f4xx_hal_pwr.o"
arm-none-eabi-gcc "../Drivers/STM32F4xx_HAL_Driver/Src/stm32f4xx_hal_pwr_ex.c" -mcpu=cortex-m4 -std=gnu11 -g3 -DDEBUG -DUSE_HAL_DRIVER -DSTM32F405xx -c -I"C:/Users/garim/Desktop/freertos/stm407led/thirdparty/freeRTOS" -I"C:/Users/garim/Desktop/freertos/stm407led/thirdparty/freeRTOS/include" -I"C:/Users/garim/Desktop/freertos/stm407led/thirdparty/freeRTOS/portable/GCC/ARM_CM4F" -I../Core/Inc -I../Drivers/STM32F4xx_HAL_Driver/Inc -I../Drivers/STM32F4xx_HAL_Driver/Inc/Legacy -I../Drivers/CMSIS/Device/ST/STM32F4xx/Include -I../Drivers/CMSIS/Include -O0 -ffunction-sections -fdata-sections -Wall -fstack-usage -MMD -MP -MF"Drivers/STM32F4xx_HAL_Driver/Src/stm32f4xx_hal_pwr_ex.d" -MT"Drivers/STM32F4xx_HAL_Driver/Src/stm32f4xx_hal_pwr_ex.o" --specs=nano.specs -mfpu=fpv4-sp-d16 -mfloat-abi=hard -mthumb -o "Drivers/STM32F4xx_HAL_Driver/Src/stm32f4xx_hal_pwr_ex.o"
arm-none-eabi-gcc "../Drivers/STM32F4xx_HAL_Driver/Src/stm32f4xx_hal_rcc.c" -mcpu=cortex-m4 -std=gnu11 -g3 -DDEBUG -DUSE_HAL_DRIVER -DSTM32F405xx -c -I"C:/Users/garim/Desktop/freertos/stm407led/thirdparty/freeRTOS" -I"C:/Users/garim/Desktop/freertos/stm407led/thirdparty/freeRTOS/include" -I"C:/Users/garim/Desktop/freertos/stm407led/thirdparty/freeRTOS/portable/GCC/ARM_CM4F" -I../Core/Inc -I../Drivers/STM32F4xx_HAL_Driver/Inc -I../Drivers/STM32F4xx_HAL_Driver/Inc/Legacy -I../Drivers/CMSIS/Device/ST/STM32F4xx/Include -I../Drivers/CMSIS/Include -O0 -ffunction-sections -fdata-sections -Wall -fstack-usage -MMD -MP -MF"Drivers/STM32F4xx_HAL_Driver/Src/stm32f4xx_hal_rcc.d" -MT"Drivers/STM32F4xx_HAL_Driver/Src/stm32f4xx_hal_rcc.o" --specs=nano.specs -mfpu=fpv4-sp-d16 -mfloat-abi=hard -mthumb -o "Drivers/STM32F4xx_HAL_Driver/Src/stm32f4xx_hal_rcc.o"
arm-none-eabi-gcc "../Drivers/STM32F4xx_HAL_Driver/Src/stm32f4xx_hal_rcc_ex.c" -mcpu=cortex-m4 -std=gnu11 -g3 -DDEBUG -DUSE_HAL_DRIVER -DSTM32F405xx -c -I"C:/Users/garim/Desktop/freertos/stm407led/thirdparty/freeRTOS" -I"C:/Users/garim/Desktop/freertos/stm407led/thirdparty/freeRTOS/include" -I"C:/Users/garim/Desktop/freertos/stm407led/thirdparty/freeRTOS/portable/GCC/ARM_CM4F" -I../Core/Inc -I../Drivers/STM32F4xx_HAL_Driver/Inc -I../Drivers/STM32F4xx_HAL_Driver/Inc/Legacy -I../Drivers/CMSIS/Device/ST/STM32F4xx/Include -I../Drivers/CMSIS/Include -O0 -ffunction-sections -fdata-sections -Wall -fstack-usage -MMD -MP -MF"Drivers/STM32F4xx_HAL_Driver/Src/stm32f4xx_hal_rcc_ex.d" -MT"Drivers/STM32F4xx_HAL_Driver/Src/stm32f4xx_hal_rcc_ex.o" --specs=nano.specs -mfpu=fpv4-sp-d16 -mfloat-abi=hard -mthumb -o "Drivers/STM32F4xx_HAL_Driver/Src/stm32f4xx_hal_rcc_ex.o"
arm-none-eabi-gcc "../Drivers/STM32F4xx_HAL_Driver/Src/stm32f4xx_hal_tim.c" -mcpu=cortex-m4 -std=gnu11 -g3 -DDEBUG -DUSE_HAL_DRIVER -DSTM32F405xx -c -I"C:/Users/garim/Desktop/freertos/stm407led/thirdparty/freeRTOS" -I"C:/Users/garim/Desktop/freertos/stm407led/thirdparty/freeRTOS/include" -I"C:/Users/garim/Desktop/freertos/stm407led/thirdparty/freeRTOS/portable/GCC/ARM_CM4F" -I../Core/Inc -I../Drivers/STM32F4xx_HAL_Driver/Inc -I../Drivers/STM32F4xx_HAL_Driver/Inc/Legacy -I../Drivers/CMSIS/Device/ST/STM32F4xx/Include -I../Drivers/CMSIS/Include -O0 -ffunction-sections -fdata-sections -Wall -fstack-usage -MMD -MP -MF"Drivers/STM32F4xx_HAL_Driver/Src/stm32f4xx_hal_tim.d" -MT"Drivers/STM32F4xx_HAL_Driver/Src/stm32f4xx_hal_tim.o" --specs=nano.specs -mfpu=fpv4-sp-d16 -mfloat-abi=hard -mthumb -o "Drivers/STM32F4xx_HAL_Driver/Src/stm32f4xx_hal_tim.o"
arm-none-eabi-gcc "../Drivers/STM32F4xx_HAL_Driver/Src/stm32f4xx_hal_tim_ex.c" -mcpu=cortex-m4 -std=gnu11 -g3 -DDEBUG -DUSE_HAL_DRIVER -DSTM32F405xx -c -I"C:/Users/garim/Desktop/freertos/stm407led/thirdparty/freeRTOS" -I"C:/Users/garim/Desktop/freertos/stm407led/thirdparty/freeRTOS/include" -I"C:/Users/garim/Desktop/freertos/stm407led/thirdparty/freeRTOS/portable/GCC/ARM_CM4F" -I../Core/Inc -I../Drivers/STM32F4xx_HAL_Driver/Inc -I../Drivers/STM32F4xx_HAL_Driver/Inc/Legacy -I../Drivers/CMSIS/Device/ST/STM32F4xx/Include -I../Drivers/CMSIS/Include -O0 -ffunction-sections -fdata-sections -Wall -fstack-usage -MMD -MP -MF"Drivers/STM32F4xx_HAL_Driver/Src/stm32f4xx_hal_tim_ex.d" -MT"Drivers/STM32F4xx_HAL_Driver/Src/stm32f4xx_hal_tim_ex.o" --specs=nano.specs -mfpu=fpv4-sp-d16 -mfloat-abi=hard -mthumb -o "Drivers/STM32F4xx_HAL_Driver/Src/stm32f4xx_hal_tim_ex.o"
arm-none-eabi-gcc "../Core/Src/main.c" -mcpu=cortex-m4 -std=gnu11 -g3 -DDEBUG -DUSE_HAL_DRIVER -DSTM32F405xx -c -I"C:/Users/garim/Desktop/freertos/stm407led/thirdparty/freeRTOS" -I"C:/Users/garim/Desktop/freertos/stm407led/thirdparty/freeRTOS/include" -I"C:/Users/garim/Desktop/freertos/stm407led/thirdparty/freeRTOS/portable/GCC/ARM_CM4F" -I../Core/Inc -I../Drivers/STM32F4xx_HAL_Driver/Inc -I../Drivers/STM32F4xx_HAL_Driver/Inc/Legacy -I../Drivers/CMSIS/Device/ST/STM32F4xx/Include -I../Drivers/CMSIS/Include -O0 -ffunction-sections -fdata-sections -Wall -fstack-usage -MMD -MP -MF"Core/Src/main.d" -MT"Core/Src/main.o" --specs=nano.specs -mfpu=fpv4-sp-d16 -mfloat-abi=hard -mthumb -o "Core/Src/main.o"
arm-none-eabi-gcc "../Core/Src/stm32f4xx_hal_msp.c" -mcpu=cortex-m4 -std=gnu11 -g3 -DDEBUG -DUSE_HAL_DRIVER -DSTM32F405xx -c -I"C:/Users/garim/Desktop/freertos/stm407led/thirdparty/freeRTOS" -I"C:/Users/garim/Desktop/freertos/stm407led/thirdparty/freeRTOS/include" -I"C:/Users/garim/Desktop/freertos/stm407led/thirdparty/freeRTOS/portable/GCC/ARM_CM4F" -I../Core/Inc -I../Drivers/STM32F4xx_HAL_Driver/Inc -I../Drivers/STM32F4xx_HAL_Driver/Inc/Legacy -I../Drivers/CMSIS/Device/ST/STM32F4xx/Include -I../Drivers/CMSIS/Include -O0 -ffunction-sections -fdata-sections -Wall -fstack-usage -MMD -MP -MF"Core/Src/stm32f4xx_hal_msp.d" -MT"Core/Src/stm32f4xx_hal_msp.o" --specs=nano.specs -mfpu=fpv4-sp-d16 -mfloat-abi=hard -mthumb -o "Core/Src/stm32f4xx_hal_msp.o"
arm-none-eabi-gcc "../Core/Src/stm32f4xx_hal_timebase_tim.c" -mcpu=cortex-m4 -std=gnu11 -g3 -DDEBUG -DUSE_HAL_DRIVER -DSTM32F405xx -c -I"C:/Users/garim/Desktop/freertos/stm407led/thirdparty/freeRTOS" -I"C:/Users/garim/Desktop/freertos/stm407led/thirdparty/freeRTOS/include" -I"C:/Users/garim/Desktop/freertos/stm407led/thirdparty/freeRTOS/portable/GCC/ARM_CM4F" -I../Core/Inc -I../Drivers/STM32F4xx_HAL_Driver/Inc -I../Drivers/STM32F4xx_HAL_Driver/Inc/Legacy -I../Drivers/CMSIS/Device/ST/STM32F4xx/Include -I../Drivers/CMSIS/Include -O0 -ffunction-sections -fdata-sections -Wall -fstack-usage -MMD -MP -MF"Core/Src/stm32f4xx_hal_timebase_tim.d" -MT"Core/Src/stm32f4xx_hal_timebase_tim.o" --specs=nano.specs -mfpu=fpv4-sp-d16 -mfloat-abi=hard -mthumb -o "Core/Src/stm32f4xx_hal_timebase_tim.o"
arm-none-eabi-gcc "../Core/Src/stm32f4xx_it.c" -mcpu=cortex-m4 -std=gnu11 -g3 -DDEBUG -DUSE_HAL_DRIVER -DSTM32F405xx -c -I"C:/Users/garim/Desktop/freertos/stm407led/thirdparty/freeRTOS" -I"C:/Users/garim/Desktop/freertos/stm407led/thirdparty/freeRTOS/include" -I"C:/Users/garim/Desktop/freertos/stm407led/thirdparty/freeRTOS/portable/GCC/ARM_CM4F" -I../Core/Inc -I../Drivers/STM32F4xx_HAL_Driver/Inc -I../Drivers/STM32F4xx_HAL_Driver/Inc/Legacy -I../Drivers/CMSIS/Device/ST/STM32F4xx/Include -I../Drivers/CMSIS/Include -O0 -ffunction-sections -fdata-sections -Wall -fstack-usage -MMD -MP -MF"Core/Src/stm32f4xx_it.d" -MT"Core/Src/stm32f4xx_it.o" --specs=nano.specs -mfpu=fpv4-sp-d16 -mfloat-abi=hard -mthumb -o "Core/Src/stm32f4xx_it.o"
arm-none-eabi-gcc "../Core/Src/syscalls.c" -mcpu=cortex-m4 -std=gnu11 -g3 -DDEBUG -DUSE_HAL_DRIVER -DSTM32F405xx -c -I"C:/Users/garim/Desktop/freertos/stm407led/thirdparty/freeRTOS" -I"C:/Users/garim/Desktop/freertos/stm407led/thirdparty/freeRTOS/include" -I"C:/Users/garim/Desktop/freertos/stm407led/thirdparty/freeRTOS/portable/GCC/ARM_CM4F" -I../Core/Inc -I../Drivers/STM32F4xx_HAL_Driver/Inc -I../Drivers/STM32F4xx_HAL_Driver/Inc/Legacy -I../Drivers/CMSIS/Device/ST/STM32F4xx/Include -I../Drivers/CMSIS/Include -O0 -ffunction-sections -fdata-sections -Wall -fstack-usage -MMD -MP -MF"Core/Src/syscalls.d" -MT"Core/Src/syscalls.o" --specs=nano.specs -mfpu=fpv4-sp-d16 -mfloat-abi=hard -mthumb -o "Core/Src/syscalls.o"
arm-none-eabi-gcc "../Core/Src/system_stm32f4xx.c" -mcpu=cortex-m4 -std=gnu11 -g3 -DDEBUG -DUSE_HAL_DRIVER -DSTM32F405xx -c -I"C:/Users/garim/Desktop/freertos/stm407led/thirdparty/freeRTOS" -I"C:/Users/garim/Desktop/freertos/stm407led/thirdparty/freeRTOS/include" -I"C:/Users/garim/Desktop/freertos/stm407led/thirdparty/freeRTOS/portable/GCC/ARM_CM4F" -I../Core/Inc -I../Drivers/STM32F4xx_HAL_Driver/Inc -I../Drivers/STM32F4xx_HAL_Driver/Inc/Legacy -I../Drivers/CMSIS/Device/ST/STM32F4xx/Include -I../Drivers/CMSIS/Include -O0 -ffunction-sections -fdata-sections -Wall -fstack-usage -MMD -MP -MF"Core/Src/system_stm32f4xx.d" -MT"Core/Src/system_stm32f4xx.o" --specs=nano.specs -mfpu=fpv4-sp-d16 -mfloat-abi=hard -mthumb -o "Core/Src/system_stm32f4xx.o"
../Core/Src/main.c:208:13: warning: 'MX_GPIO_Init' defined but not used [-Wunused-function]
  208 | static void MX_GPIO_Init(void)
      |             ^~~~~~~~~~~~
arm-none-eabi-gcc -o "stm407led.elf" @"objects.list"   -mcpu=cortex-m4 -T"C:\Users\garim\Desktop\freertos\stm407led\STM32F405RGTX_FLASH.ld" --specs=nosys.specs -Wl,-Map="stm407led.map" -Wl,--gc-sections -static --specs=nano.specs -mfpu=fpv4-sp-d16 -mfloat-abi=hard -mthumb -Wl,--start-group -lc -lm -Wl,--end-group
Finished building target: stm407led.elf
 
arm-none-eabi-size   stm407led.elf 
arm-none-eabi-objdump -h -S  stm407led.elf  > "stm407led.list"
   text	   data	    bss	    dec	    hex	filename
  19712	    128	  78896	  98736	  181b0	stm407led.elf
Finished building: default.size.stdout
 
Finished building: stm407led.list
 
14:48:24 **** Incremental Build of configuration Debug for project stm407led ****
make -j12 all 
arm-none-eabi-gcc "../thirdparty/freeRTOS/portable/MemMang/heap_4.c" -mcpu=cortex-m4 -std=gnu11 -g3 -DDEBUG -DUSE_HAL_DRIVER -DSTM32F405xx -c -I"C:/Users/garim/Desktop/freertos/stm407led/thirdparty/freeRTOS" -I"C:/Users/garim/Desktop/freertos/stm407led/thirdparty/freeRTOS/include" -I"C:/Users/garim/Desktop/freertos/stm407led/thirdparty/freeRTOS/portable/GCC/ARM_CM4F" -I../Core/Inc -I../Drivers/STM32F4xx_HAL_Driver/Inc -I../Drivers/STM32F4xx_HAL_Driver/Inc/Legacy -I../Drivers/CMSIS/Device/ST/STM32F4xx/Include -I../Drivers/CMSIS/Include -O0 -ffunction-sections -fdata-sections -Wall -fstack-usage -MMD -MP -MF"thirdparty/freeRTOS/portable/MemMang/heap_4.d" -MT"thirdparty/freeRTOS/portable/MemMang/heap_4.o" --specs=nano.specs -mfpu=fpv4-sp-d16 -mfloat-abi=hard -mthumb -o "thirdparty/freeRTOS/portable/MemMang/heap_4.o"
arm-none-eabi-gcc "../thirdparty/freeRTOS/portable/GCC/ARM_CM4F/port.c" -mcpu=cortex-m4 -std=gnu11 -g3 -DDEBUG -DUSE_HAL_DRIVER -DSTM32F405xx -c -I"C:/Users/garim/Desktop/freertos/stm407led/thirdparty/freeRTOS" -I"C:/Users/garim/Desktop/freertos/stm407led/thirdparty/freeRTOS/include" -I"C:/Users/garim/Desktop/freertos/stm407led/thirdparty/freeRTOS/portable/GCC/ARM_CM4F" -I../Core/Inc -I../Drivers/STM32F4xx_HAL_Driver/Inc -I../Drivers/STM32F4xx_HAL_Driver/Inc/Legacy -I../Drivers/CMSIS/Device/ST/STM32F4xx/Include -I../Drivers/CMSIS/Include -O0 -ffunction-sections -fdata-sections -Wall -fstack-usage -MMD -MP -MF"thirdparty/freeRTOS/portable/GCC/ARM_CM4F/port.d" -MT"thirdparty/freeRTOS/portable/GCC/ARM_CM4F/port.o" --specs=nano.specs -mfpu=fpv4-sp-d16 -mfloat-abi=hard -mthumb -o "thirdparty/freeRTOS/portable/GCC/ARM_CM4F/port.o"
arm-none-eabi-gcc "../thirdparty/freeRTOS/croutine.c" -mcpu=cortex-m4 -std=gnu11 -g3 -DDEBUG -DUSE_HAL_DRIVER -DSTM32F405xx -c -I"C:/Users/garim/Desktop/freertos/stm407led/thirdparty/freeRTOS" -I"C:/Users/garim/Desktop/freertos/stm407led/thirdparty/freeRTOS/include" -I"C:/Users/garim/Desktop/freertos/stm407led/thirdparty/freeRTOS/portable/GCC/ARM_CM4F" -I../Core/Inc -I../Drivers/STM32F4xx_HAL_Driver/Inc -I../Drivers/STM32F4xx_HAL_Driver/Inc/Legacy -I../Drivers/CMSIS/Device/ST/STM32F4xx/Include -I../Drivers/CMSIS/Include -O0 -ffunction-sections -fdata-sections -Wall -fstack-usage -MMD -MP -MF"thirdparty/freeRTOS/croutine.d" -MT"thirdparty/freeRTOS/croutine.o" --specs=nano.specs -mfpu=fpv4-sp-d16 -mfloat-abi=hard -mthumb -o "thirdparty/freeRTOS/croutine.o"
arm-none-eabi-gcc "../thirdparty/freeRTOS/event_groups.c" -mcpu=cortex-m4 -std=gnu11 -g3 -DDEBUG -DUSE_HAL_DRIVER -DSTM32F405xx -c -I"C:/Users/garim/Desktop/freertos/stm407led/thirdparty/freeRTOS" -I"C:/Users/garim/Desktop/freertos/stm407led/thirdparty/freeRTOS/include" -I"C:/Users/garim/Desktop/freertos/stm407led/thirdparty/freeRTOS/portable/GCC/ARM_CM4F" -I../Core/Inc -I../Drivers/STM32F4xx_HAL_Driver/Inc -I../Drivers/STM32F4xx_HAL_Driver/Inc/Legacy -I../Drivers/CMSIS/Device/ST/STM32F4xx/Include -I../Drivers/CMSIS/Include -O0 -ffunction-sections -fdata-sections -Wall -fstack-usage -MMD -MP -MF"thirdparty/freeRTOS/event_groups.d" -MT"thirdparty/freeRTOS/event_groups.o" --specs=nano.specs -mfpu=fpv4-sp-d16 -mfloat-abi=hard -mthumb -o "thirdparty/freeRTOS/event_groups.o"
arm-none-eabi-gcc "../thirdparty/freeRTOS/list.c" -mcpu=cortex-m4 -std=gnu11 -g3 -DDEBUG -DUSE_HAL_DRIVER -DSTM32F405xx -c -I"C:/Users/garim/Desktop/freertos/stm407led/thirdparty/freeRTOS" -I"C:/Users/garim/Desktop/freertos/stm407led/thirdparty/freeRTOS/include" -I"C:/Users/garim/Desktop/freertos/stm407led/thirdparty/freeRTOS/portable/GCC/ARM_CM4F" -I../Core/Inc -I../Drivers/STM32F4xx_HAL_Driver/Inc -I../Drivers/STM32F4xx_HAL_Driver/Inc/Legacy -I../Drivers/CMSIS/Device/ST/STM32F4xx/Include -I../Drivers/CMSIS/Include -O0 -ffunction-sections -fdata-sections -Wall -fstack-usage -MMD -MP -MF"thirdparty/freeRTOS/list.d" -MT"thirdparty/freeRTOS/list.o" --specs=nano.specs -mfpu=fpv4-sp-d16 -mfloat-abi=hard -mthumb -o "thirdparty/freeRTOS/list.o"
arm-none-eabi-gcc "../thirdparty/freeRTOS/queue.c" -mcpu=cortex-m4 -std=gnu11 -g3 -DDEBUG -DUSE_HAL_DRIVER -DSTM32F405xx -c -I"C:/Users/garim/Desktop/freertos/stm407led/thirdparty/freeRTOS" -I"C:/Users/garim/Desktop/freertos/stm407led/thirdparty/freeRTOS/include" -I"C:/Users/garim/Desktop/freertos/stm407led/thirdparty/freeRTOS/portable/GCC/ARM_CM4F" -I../Core/Inc -I../Drivers/STM32F4xx_HAL_Driver/Inc -I../Drivers/STM32F4xx_HAL_Driver/Inc/Legacy -I../Drivers/CMSIS/Device/ST/STM32F4xx/Include -I../Drivers/CMSIS/Include -O0 -ffunction-sections -fdata-sections -Wall -fstack-usage -MMD -MP -MF"thirdparty/freeRTOS/queue.d" -MT"thirdparty/freeRTOS/queue.o" --specs=nano.specs -mfpu=fpv4-sp-d16 -mfloat-abi=hard -mthumb -o "thirdparty/freeRTOS/queue.o"
arm-none-eabi-gcc "../thirdparty/freeRTOS/stream_buffer.c" -mcpu=cortex-m4 -std=gnu11 -g3 -DDEBUG -DUSE_HAL_DRIVER -DSTM32F405xx -c -I"C:/Users/garim/Desktop/freertos/stm407led/thirdparty/freeRTOS" -I"C:/Users/garim/Desktop/freertos/stm407led/thirdparty/freeRTOS/include" -I"C:/Users/garim/Desktop/freertos/stm407led/thirdparty/freeRTOS/portable/GCC/ARM_CM4F" -I../Core/Inc -I../Drivers/STM32F4xx_HAL_Driver/Inc -I../Drivers/STM32F4xx_HAL_Driver/Inc/Legacy -I../Drivers/CMSIS/Device/ST/STM32F4xx/Include -I../Drivers/CMSIS/Include -O0 -ffunction-sections -fdata-sections -Wall -fstack-usage -MMD -MP -MF"thirdparty/freeRTOS/stream_buffer.d" -MT"thirdparty/freeRTOS/stream_buffer.o" --specs=nano.specs -mfpu=fpv4-sp-d16 -mfloat-abi=hard -mthumb -o "thirdparty/freeRTOS/stream_buffer.o"
arm-none-eabi-gcc "../thirdparty/freeRTOS/tasks.c" -mcpu=cortex-m4 -std=gnu11 -g3 -DDEBUG -DUSE_HAL_DRIVER -DSTM32F405xx -c -I"C:/Users/garim/Desktop/freertos/stm407led/thirdparty/freeRTOS" -I"C:/Users/garim/Desktop/freertos/stm407led/thirdparty/freeRTOS/include" -I"C:/Users/garim/Desktop/freertos/stm407led/thirdparty/freeRTOS/portable/GCC/ARM_CM4F" -I../Core/Inc -I../Drivers/STM32F4xx_HAL_Driver/Inc -I../Drivers/STM32F4xx_HAL_Driver/Inc/Legacy -I../Drivers/CMSIS/Device/ST/STM32F4xx/Include -I../Drivers/CMSIS/Include -O0 -ffunction-sections -fdata-sections -Wall -fstack-usage -MMD -MP -MF"thirdparty/freeRTOS/tasks.d" -MT"thirdparty/freeRTOS/tasks.o" --specs=nano.specs -mfpu=fpv4-sp-d16 -mfloat-abi=hard -mthumb -o "thirdparty/freeRTOS/tasks.o"
arm-none-eabi-gcc "../thirdparty/freeRTOS/timers.c" -mcpu=cortex-m4 -std=gnu11 -g3 -DDEBUG -DUSE_HAL_DRIVER -DSTM32F405xx -c -I"C:/Users/garim/Desktop/freertos/stm407led/thirdparty/freeRTOS" -I"C:/Users/garim/Desktop/freertos/stm407led/thirdparty/freeRTOS/include" -I"C:/Users/garim/Desktop/freertos/stm407led/thirdparty/freeRTOS/portable/GCC/ARM_CM4F" -I../Core/Inc -I../Drivers/STM32F4xx_HAL_Driver/Inc -I../Drivers/STM32F4xx_HAL_Driver/Inc/Legacy -I../Drivers/CMSIS/Device/ST/STM32F4xx/Include -I../Drivers/CMSIS/Include -O0 -ffunction-sections -fdata-sections -Wall -fstack-usage -MMD -MP -MF"thirdparty/freeRTOS/timers.d" -MT"thirdparty/freeRTOS/timers.o" --specs=nano.specs -mfpu=fpv4-sp-d16 -mfloat-abi=hard -mthumb -o "thirdparty/freeRTOS/timers.o"
arm-none-eabi-gcc "../Drivers/STM32F4xx_HAL_Driver/Src/stm32f4xx_hal.c" -mcpu=cortex-m4 -std=gnu11 -g3 -DDEBUG -DUSE_HAL_DRIVER -DSTM32F405xx -c -I"C:/Users/garim/Desktop/freertos/stm407led/thirdparty/freeRTOS" -I"C:/Users/garim/Desktop/freertos/stm407led/thirdparty/freeRTOS/include" -I"C:/Users/garim/Desktop/freertos/stm407led/thirdparty/freeRTOS/portable/GCC/ARM_CM4F" -I../Core/Inc -I../Drivers/STM32F4xx_HAL_Driver/Inc -I../Drivers/STM32F4xx_HAL_Driver/Inc/Legacy -I../Drivers/CMSIS/Device/ST/STM32F4xx/Include -I../Drivers/CMSIS/Include -O0 -ffunction-sections -fdata-sections -Wall -fstack-usage -MMD -MP -MF"Drivers/STM32F4xx_HAL_Driver/Src/stm32f4xx_hal.d" -MT"Drivers/STM32F4xx_HAL_Driver/Src/stm32f4xx_hal.o" --specs=nano.specs -mfpu=fpv4-sp-d16 -mfloat-abi=hard -mthumb -o "Drivers/STM32F4xx_HAL_Driver/Src/stm32f4xx_hal.o"
arm-none-eabi-gcc "../Drivers/STM32F4xx_HAL_Driver/Src/stm32f4xx_hal_cortex.c" -mcpu=cortex-m4 -std=gnu11 -g3 -DDEBUG -DUSE_HAL_DRIVER -DSTM32F405xx -c -I"C:/Users/garim/Desktop/freertos/stm407led/thirdparty/freeRTOS" -I"C:/Users/garim/Desktop/freertos/stm407led/thirdparty/freeRTOS/include" -I"C:/Users/garim/Desktop/freertos/stm407led/thirdparty/freeRTOS/portable/GCC/ARM_CM4F" -I../Core/Inc -I../Drivers/STM32F4xx_HAL_Driver/Inc -I../Drivers/STM32F4xx_HAL_Driver/Inc/Legacy -I../Drivers/CMSIS/Device/ST/STM32F4xx/Include -I../Drivers/CMSIS/Include -O0 -ffunction-sections -fdata-sections -Wall -fstack-usage -MMD -MP -MF"Drivers/STM32F4xx_HAL_Driver/Src/stm32f4xx_hal_cortex.d" -MT"Drivers/STM32F4xx_HAL_Driver/Src/stm32f4xx_hal_cortex.o" --specs=nano.specs -mfpu=fpv4-sp-d16 -mfloat-abi=hard -mthumb -o "Drivers/STM32F4xx_HAL_Driver/Src/stm32f4xx_hal_cortex.o"
arm-none-eabi-gcc "../Drivers/STM32F4xx_HAL_Driver/Src/stm32f4xx_hal_dma.c" -mcpu=cortex-m4 -std=gnu11 -g3 -DDEBUG -DUSE_HAL_DRIVER -DSTM32F405xx -c -I"C:/Users/garim/Desktop/freertos/stm407led/thirdparty/freeRTOS" -I"C:/Users/garim/Desktop/freertos/stm407led/thirdparty/freeRTOS/include" -I"C:/Users/garim/Desktop/freertos/stm407led/thirdparty/freeRTOS/portable/GCC/ARM_CM4F" -I../Core/Inc -I../Drivers/STM32F4xx_HAL_Driver/Inc -I../Drivers/STM32F4xx_HAL_Driver/Inc/Legacy -I../Drivers/CMSIS/Device/ST/STM32F4xx/Include -I../Drivers/CMSIS/Include -O0 -ffunction-sections -fdata-sections -Wall -fstack-usage -MMD -MP -MF"Drivers/STM32F4xx_HAL_Driver/Src/stm32f4xx_hal_dma.d" -MT"Drivers/STM32F4xx_HAL_Driver/Src/stm32f4xx_hal_dma.o" --specs=nano.specs -mfpu=fpv4-sp-d16 -mfloat-abi=hard -mthumb -o "Drivers/STM32F4xx_HAL_Driver/Src/stm32f4xx_hal_dma.o"
arm-none-eabi-gcc "../Drivers/STM32F4xx_HAL_Driver/Src/stm32f4xx_hal_dma_ex.c" -mcpu=cortex-m4 -std=gnu11 -g3 -DDEBUG -DUSE_HAL_DRIVER -DSTM32F405xx -c -I"C:/Users/garim/Desktop/freertos/stm407led/thirdparty/freeRTOS" -I"C:/Users/garim/Desktop/freertos/stm407led/thirdparty/freeRTOS/include" -I"C:/Users/garim/Desktop/freertos/stm407led/thirdparty/freeRTOS/portable/GCC/ARM_CM4F" -I../Core/Inc -I../Drivers/STM32F4xx_HAL_Driver/Inc -I../Drivers/STM32F4xx_HAL_Driver/Inc/Legacy -I../Drivers/CMSIS/Device/ST/STM32F4xx/Include -I../Drivers/CMSIS/Include -O0 -ffunction-sections -fdata-sections -Wall -fstack-usage -MMD -MP -MF"Drivers/STM32F4xx_HAL_Driver/Src/stm32f4xx_hal_dma_ex.d" -MT"Drivers/STM32F4xx_HAL_Driver/Src/stm32f4xx_hal_dma_ex.o" --specs=nano.specs -mfpu=fpv4-sp-d16 -mfloat-abi=hard -mthumb -o "Drivers/STM32F4xx_HAL_Driver/Src/stm32f4xx_hal_dma_ex.o"
arm-none-eabi-gcc "../Drivers/STM32F4xx_HAL_Driver/Src/stm32f4xx_hal_exti.c" -mcpu=cortex-m4 -std=gnu11 -g3 -DDEBUG -DUSE_HAL_DRIVER -DSTM32F405xx -c -I"C:/Users/garim/Desktop/freertos/stm407led/thirdparty/freeRTOS" -I"C:/Users/garim/Desktop/freertos/stm407led/thirdparty/freeRTOS/include" -I"C:/Users/garim/Desktop/freertos/stm407led/thirdparty/freeRTOS/portable/GCC/ARM_CM4F" -I../Core/Inc -I../Drivers/STM32F4xx_HAL_Driver/Inc -I../Drivers/STM32F4xx_HAL_Driver/Inc/Legacy -I../Drivers/CMSIS/Device/ST/STM32F4xx/Include -I../Drivers/CMSIS/Include -O0 -ffunction-sections -fdata-sections -Wall -fstack-usage -MMD -MP -MF"Drivers/STM32F4xx_HAL_Driver/Src/stm32f4xx_hal_exti.d" -MT"Drivers/STM32F4xx_HAL_Driver/Src/stm32f4xx_hal_exti.o" --specs=nano.specs -mfpu=fpv4-sp-d16 -mfloat-abi=hard -mthumb -o "Drivers/STM32F4xx_HAL_Driver/Src/stm32f4xx_hal_exti.o"
arm-none-eabi-gcc "../Drivers/STM32F4xx_HAL_Driver/Src/stm32f4xx_hal_flash.c" -mcpu=cortex-m4 -std=gnu11 -g3 -DDEBUG -DUSE_HAL_DRIVER -DSTM32F405xx -c -I"C:/Users/garim/Desktop/freertos/stm407led/thirdparty/freeRTOS" -I"C:/Users/garim/Desktop/freertos/stm407led/thirdparty/freeRTOS/include" -I"C:/Users/garim/Desktop/freertos/stm407led/thirdparty/freeRTOS/portable/GCC/ARM_CM4F" -I../Core/Inc -I../Drivers/STM32F4xx_HAL_Driver/Inc -I../Drivers/STM32F4xx_HAL_Driver/Inc/Legacy -I../Drivers/CMSIS/Device/ST/STM32F4xx/Include -I../Drivers/CMSIS/Include -O0 -ffunction-sections -fdata-sections -Wall -fstack-usage -MMD -MP -MF"Drivers/STM32F4xx_HAL_Driver/Src/stm32f4xx_hal_flash.d" -MT"Drivers/STM32F4xx_HAL_Driver/Src/stm32f4xx_hal_flash.o" --specs=nano.specs -mfpu=fpv4-sp-d16 -mfloat-abi=hard -mthumb -o "Drivers/STM32F4xx_HAL_Driver/Src/stm32f4xx_hal_flash.o"
arm-none-eabi-gcc "../Drivers/STM32F4xx_HAL_Driver/Src/stm32f4xx_hal_flash_ex.c" -mcpu=cortex-m4 -std=gnu11 -g3 -DDEBUG -DUSE_HAL_DRIVER -DSTM32F405xx -c -I"C:/Users/garim/Desktop/freertos/stm407led/thirdparty/freeRTOS" -I"C:/Users/garim/Desktop/freertos/stm407led/thirdparty/freeRTOS/include" -I"C:/Users/garim/Desktop/freertos/stm407led/thirdparty/freeRTOS/portable/GCC/ARM_CM4F" -I../Core/Inc -I../Drivers/STM32F4xx_HAL_Driver/Inc -I../Drivers/STM32F4xx_HAL_Driver/Inc/Legacy -I../Drivers/CMSIS/Device/ST/STM32F4xx/Include -I../Drivers/CMSIS/Include -O0 -ffunction-sections -fdata-sections -Wall -fstack-usage -MMD -MP -MF"Drivers/STM32F4xx_HAL_Driver/Src/stm32f4xx_hal_flash_ex.d" -MT"Drivers/STM32F4xx_HAL_Driver/Src/stm32f4xx_hal_flash_ex.o" --specs=nano.specs -mfpu=fpv4-sp-d16 -mfloat-abi=hard -mthumb -o "Drivers/STM32F4xx_HAL_Driver/Src/stm32f4xx_hal_flash_ex.o"
arm-none-eabi-gcc "../Drivers/STM32F4xx_HAL_Driver/Src/stm32f4xx_hal_flash_ramfunc.c" -mcpu=cortex-m4 -std=gnu11 -g3 -DDEBUG -DUSE_HAL_DRIVER -DSTM32F405xx -c -I"C:/Users/garim/Desktop/freertos/stm407led/thirdparty/freeRTOS" -I"C:/Users/garim/Desktop/freertos/stm407led/thirdparty/freeRTOS/include" -I"C:/Users/garim/Desktop/freertos/stm407led/thirdparty/freeRTOS/portable/GCC/ARM_CM4F" -I../Core/Inc -I../Drivers/STM32F4xx_HAL_Driver/Inc -I../Drivers/STM32F4xx_HAL_Driver/Inc/Legacy -I../Drivers/CMSIS/Device/ST/STM32F4xx/Include -I../Drivers/CMSIS/Include -O0 -ffunction-sections -fdata-sections -Wall -fstack-usage -MMD -MP -MF"Drivers/STM32F4xx_HAL_Driver/Src/stm32f4xx_hal_flash_ramfunc.d" -MT"Drivers/STM32F4xx_HAL_Driver/Src/stm32f4xx_hal_flash_ramfunc.o" --specs=nano.specs -mfpu=fpv4-sp-d16 -mfloat-abi=hard -mthumb -o "Drivers/STM32F4xx_HAL_Driver/Src/stm32f4xx_hal_flash_ramfunc.o"
arm-none-eabi-gcc "../Drivers/STM32F4xx_HAL_Driver/Src/stm32f4xx_hal_gpio.c" -mcpu=cortex-m4 -std=gnu11 -g3 -DDEBUG -DUSE_HAL_DRIVER -DSTM32F405xx -c -I"C:/Users/garim/Desktop/freertos/stm407led/thirdparty/freeRTOS" -I"C:/Users/garim/Desktop/freertos/stm407led/thirdparty/freeRTOS/include" -I"C:/Users/garim/Desktop/freertos/stm407led/thirdparty/freeRTOS/portable/GCC/ARM_CM4F" -I../Core/Inc -I../Drivers/STM32F4xx_HAL_Driver/Inc -I../Drivers/STM32F4xx_HAL_Driver/Inc/Legacy -I../Drivers/CMSIS/Device/ST/STM32F4xx/Include -I../Drivers/CMSIS/Include -O0 -ffunction-sections -fdata-sections -Wall -fstack-usage -MMD -MP -MF"Drivers/STM32F4xx_HAL_Driver/Src/stm32f4xx_hal_gpio.d" -MT"Drivers/STM32F4xx_HAL_Driver/Src/stm32f4xx_hal_gpio.o" --specs=nano.specs -mfpu=fpv4-sp-d16 -mfloat-abi=hard -mthumb -o "Drivers/STM32F4xx_HAL_Driver/Src/stm32f4xx_hal_gpio.o"
arm-none-eabi-gcc "../Drivers/STM32F4xx_HAL_Driver/Src/stm32f4xx_hal_pwr.c" -mcpu=cortex-m4 -std=gnu11 -g3 -DDEBUG -DUSE_HAL_DRIVER -DSTM32F405xx -c -I"C:/Users/garim/Desktop/freertos/stm407led/thirdparty/freeRTOS" -I"C:/Users/garim/Desktop/freertos/stm407led/thirdparty/freeRTOS/include" -I"C:/Users/garim/Desktop/freertos/stm407led/thirdparty/freeRTOS/portable/GCC/ARM_CM4F" -I../Core/Inc -I../Drivers/STM32F4xx_HAL_Driver/Inc -I../Drivers/STM32F4xx_HAL_Driver/Inc/Legacy -I../Drivers/CMSIS/Device/ST/STM32F4xx/Include -I../Drivers/CMSIS/Include -O0 -ffunction-sections -fdata-sections -Wall -fstack-usage -MMD -MP -MF"Drivers/STM32F4xx_HAL_Driver/Src/stm32f4xx_hal_pwr.d" -MT"Drivers/STM32F4xx_HAL_Driver/Src/stm32f4xx_hal_pwr.o" --specs=nano.specs -mfpu=fpv4-sp-d16 -mfloat-abi=hard -mthumb -o "Drivers/STM32F4xx_HAL_Driver/Src/stm32f4xx_hal_pwr.o"
arm-none-eabi-gcc "../Drivers/STM32F4xx_HAL_Driver/Src/stm32f4xx_hal_pwr_ex.c" -mcpu=cortex-m4 -std=gnu11 -g3 -DDEBUG -DUSE_HAL_DRIVER -DSTM32F405xx -c -I"C:/Users/garim/Desktop/freertos/stm407led/thirdparty/freeRTOS" -I"C:/Users/garim/Desktop/freertos/stm407led/thirdparty/freeRTOS/include" -I"C:/Users/garim/Desktop/freertos/stm407led/thirdparty/freeRTOS/portable/GCC/ARM_CM4F" -I../Core/Inc -I../Drivers/STM32F4xx_HAL_Driver/Inc -I../Drivers/STM32F4xx_HAL_Driver/Inc/Legacy -I../Drivers/CMSIS/Device/ST/STM32F4xx/Include -I../Drivers/CMSIS/Include -O0 -ffunction-sections -fdata-sections -Wall -fstack-usage -MMD -MP -MF"Drivers/STM32F4xx_HAL_Driver/Src/stm32f4xx_hal_pwr_ex.d" -MT"Drivers/STM32F4xx_HAL_Driver/Src/stm32f4xx_hal_pwr_ex.o" --specs=nano.specs -mfpu=fpv4-sp-d16 -mfloat-abi=hard -mthumb -o "Drivers/STM32F4xx_HAL_Driver/Src/stm32f4xx_hal_pwr_ex.o"
arm-none-eabi-gcc "../Drivers/STM32F4xx_HAL_Driver/Src/stm32f4xx_hal_rcc.c" -mcpu=cortex-m4 -std=gnu11 -g3 -DDEBUG -DUSE_HAL_DRIVER -DSTM32F405xx -c -I"C:/Users/garim/Desktop/freertos/stm407led/thirdparty/freeRTOS" -I"C:/Users/garim/Desktop/freertos/stm407led/thirdparty/freeRTOS/include" -I"C:/Users/garim/Desktop/freertos/stm407led/thirdparty/freeRTOS/portable/GCC/ARM_CM4F" -I../Core/Inc -I../Drivers/STM32F4xx_HAL_Driver/Inc -I../Drivers/STM32F4xx_HAL_Driver/Inc/Legacy -I../Drivers/CMSIS/Device/ST/STM32F4xx/Include -I../Drivers/CMSIS/Include -O0 -ffunction-sections -fdata-sections -Wall -fstack-usage -MMD -MP -MF"Drivers/STM32F4xx_HAL_Driver/Src/stm32f4xx_hal_rcc.d" -MT"Drivers/STM32F4xx_HAL_Driver/Src/stm32f4xx_hal_rcc.o" --specs=nano.specs -mfpu=fpv4-sp-d16 -mfloat-abi=hard -mthumb -o "Drivers/STM32F4xx_HAL_Driver/Src/stm32f4xx_hal_rcc.o"
arm-none-eabi-gcc "../Drivers/STM32F4xx_HAL_Driver/Src/stm32f4xx_hal_rcc_ex.c" -mcpu=cortex-m4 -std=gnu11 -g3 -DDEBUG -DUSE_HAL_DRIVER -DSTM32F405xx -c -I"C:/Users/garim/Desktop/freertos/stm407led/thirdparty/freeRTOS" -I"C:/Users/garim/Desktop/freertos/stm407led/thirdparty/freeRTOS/include" -I"C:/Users/garim/Desktop/freertos/stm407led/thirdparty/freeRTOS/portable/GCC/ARM_CM4F" -I../Core/Inc -I../Drivers/STM32F4xx_HAL_Driver/Inc -I../Drivers/STM32F4xx_HAL_Driver/Inc/Legacy -I../Drivers/CMSIS/Device/ST/STM32F4xx/Include -I../Drivers/CMSIS/Include -O0 -ffunction-sections -fdata-sections -Wall -fstack-usage -MMD -MP -MF"Drivers/STM32F4xx_HAL_Driver/Src/stm32f4xx_hal_rcc_ex.d" -MT"Drivers/STM32F4xx_HAL_Driver/Src/stm32f4xx_hal_rcc_ex.o" --specs=nano.specs -mfpu=fpv4-sp-d16 -mfloat-abi=hard -mthumb -o "Drivers/STM32F4xx_HAL_Driver/Src/stm32f4xx_hal_rcc_ex.o"
arm-none-eabi-gcc "../Drivers/STM32F4xx_HAL_Driver/Src/stm32f4xx_hal_tim.c" -mcpu=cortex-m4 -std=gnu11 -g3 -DDEBUG -DUSE_HAL_DRIVER -DSTM32F405xx -c -I"C:/Users/garim/Desktop/freertos/stm407led/thirdparty/freeRTOS" -I"C:/Users/garim/Desktop/freertos/stm407led/thirdparty/freeRTOS/include" -I"C:/Users/garim/Desktop/freertos/stm407led/thirdparty/freeRTOS/portable/GCC/ARM_CM4F" -I../Core/Inc -I../Drivers/STM32F4xx_HAL_Driver/Inc -I../Drivers/STM32F4xx_HAL_Driver/Inc/Legacy -I../Drivers/CMSIS/Device/ST/STM32F4xx/Include -I../Drivers/CMSIS/Include -O0 -ffunction-sections -fdata-sections -Wall -fstack-usage -MMD -MP -MF"Drivers/STM32F4xx_HAL_Driver/Src/stm32f4xx_hal_tim.d" -MT"Drivers/STM32F4xx_HAL_Driver/Src/stm32f4xx_hal_tim.o" --specs=nano.specs -mfpu=fpv4-sp-d16 -mfloat-abi=hard -mthumb -o "Drivers/STM32F4xx_HAL_Driver/Src/stm32f4xx_hal_tim.o"
arm-none-eabi-gcc "../Drivers/STM32F4xx_HAL_Driver/Src/stm32f4xx_hal_tim_ex.c" -mcpu=cortex-m4 -std=gnu11 -g3 -DDEBUG -DUSE_HAL_DRIVER -DSTM32F405xx -c -I"C:/Users/garim/Desktop/freertos/stm407led/thirdparty/freeRTOS" -I"C:/Users/garim/Desktop/freertos/stm407led/thirdparty/freeRTOS/include" -I"C:/Users/garim/Desktop/freertos/stm407led/thirdparty/freeRTOS/portable/GCC/ARM_CM4F" -I../Core/Inc -I../Drivers/STM32F4xx_HAL_Driver/Inc -I../Drivers/STM32F4xx_HAL_Driver/Inc/Legacy -I../Drivers/CMSIS/Device/ST/STM32F4xx/Include -I../Drivers/CMSIS/Include -O0 -ffunction-sections -fdata-sections -Wall -fstack-usage -MMD -MP -MF"Drivers/STM32F4xx_HAL_Driver/Src/stm32f4xx_hal_tim_ex.d" -MT"Drivers/STM32F4xx_HAL_Driver/Src/stm32f4xx_hal_tim_ex.o" --specs=nano.specs -mfpu=fpv4-sp-d16 -mfloat-abi=hard -mthumb -o "Drivers/STM32F4xx_HAL_Driver/Src/stm32f4xx_hal_tim_ex.o"
arm-none-eabi-gcc "../Core/Src/main.c" -mcpu=cortex-m4 -std=gnu11 -g3 -DDEBUG -DUSE_HAL_DRIVER -DSTM32F405xx -c -I"C:/Users/garim/Desktop/freertos/stm407led/thirdparty/freeRTOS" -I"C:/Users/garim/Desktop/freertos/stm407led/thirdparty/freeRTOS/include" -I"C:/Users/garim/Desktop/freertos/stm407led/thirdparty/freeRTOS/portable/GCC/ARM_CM4F" -I../Core/Inc -I../Drivers/STM32F4xx_HAL_Driver/Inc -I../Drivers/STM32F4xx_HAL_Driver/Inc/Legacy -I../Drivers/CMSIS/Device/ST/STM32F4xx/Include -I../Drivers/CMSIS/Include -O0 -ffunction-sections -fdata-sections -Wall -fstack-usage -MMD -MP -MF"Core/Src/main.d" -MT"Core/Src/main.o" --specs=nano.specs -mfpu=fpv4-sp-d16 -mfloat-abi=hard -mthumb -o "Core/Src/main.o"
arm-none-eabi-gcc "../Core/Src/stm32f4xx_hal_msp.c" -mcpu=cortex-m4 -std=gnu11 -g3 -DDEBUG -DUSE_HAL_DRIVER -DSTM32F405xx -c -I"C:/Users/garim/Desktop/freertos/stm407led/thirdparty/freeRTOS" -I"C:/Users/garim/Desktop/freertos/stm407led/thirdparty/freeRTOS/include" -I"C:/Users/garim/Desktop/freertos/stm407led/thirdparty/freeRTOS/portable/GCC/ARM_CM4F" -I../Core/Inc -I../Drivers/STM32F4xx_HAL_Driver/Inc -I../Drivers/STM32F4xx_HAL_Driver/Inc/Legacy -I../Drivers/CMSIS/Device/ST/STM32F4xx/Include -I../Drivers/CMSIS/Include -O0 -ffunction-sections -fdata-sections -Wall -fstack-usage -MMD -MP -MF"Core/Src/stm32f4xx_hal_msp.d" -MT"Core/Src/stm32f4xx_hal_msp.o" --specs=nano.specs -mfpu=fpv4-sp-d16 -mfloat-abi=hard -mthumb -o "Core/Src/stm32f4xx_hal_msp.o"
arm-none-eabi-gcc "../Core/Src/stm32f4xx_hal_timebase_tim.c" -mcpu=cortex-m4 -std=gnu11 -g3 -DDEBUG -DUSE_HAL_DRIVER -DSTM32F405xx -c -I"C:/Users/garim/Desktop/freertos/stm407led/thirdparty/freeRTOS" -I"C:/Users/garim/Desktop/freertos/stm407led/thirdparty/freeRTOS/include" -I"C:/Users/garim/Desktop/freertos/stm407led/thirdparty/freeRTOS/portable/GCC/ARM_CM4F" -I../Core/Inc -I../Drivers/STM32F4xx_HAL_Driver/Inc -I../Drivers/STM32F4xx_HAL_Driver/Inc/Legacy -I../Drivers/CMSIS/Device/ST/STM32F4xx/Include -I../Drivers/CMSIS/Include -O0 -ffunction-sections -fdata-sections -Wall -fstack-usage -MMD -MP -MF"Core/Src/stm32f4xx_hal_timebase_tim.d" -MT"Core/Src/stm32f4xx_hal_timebase_tim.o" --specs=nano.specs -mfpu=fpv4-sp-d16 -mfloat-abi=hard -mthumb -o "Core/Src/stm32f4xx_hal_timebase_tim.o"
arm-none-eabi-gcc "../Core/Src/stm32f4xx_it.c" -mcpu=cortex-m4 -std=gnu11 -g3 -DDEBUG -DUSE_HAL_DRIVER -DSTM32F405xx -c -I"C:/Users/garim/Desktop/freertos/stm407led/thirdparty/freeRTOS" -I"C:/Users/garim/Desktop/freertos/stm407led/thirdparty/freeRTOS/include" -I"C:/Users/garim/Desktop/freertos/stm407led/thirdparty/freeRTOS/portable/GCC/ARM_CM4F" -I../Core/Inc -I../Drivers/STM32F4xx_HAL_Driver/Inc -I../Drivers/STM32F4xx_HAL_Driver/Inc/Legacy -I../Drivers/CMSIS/Device/ST/STM32F4xx/Include -I../Drivers/CMSIS/Include -O0 -ffunction-sections -fdata-sections -Wall -fstack-usage -MMD -MP -MF"Core/Src/stm32f4xx_it.d" -MT"Core/Src/stm32f4xx_it.o" --specs=nano.specs -mfpu=fpv4-sp-d16 -mfloat-abi=hard -mthumb -o "Core/Src/stm32f4xx_it.o"
arm-none-eabi-gcc "../Core/Src/syscalls.c" -mcpu=cortex-m4 -std=gnu11 -g3 -DDEBUG -DUSE_HAL_DRIVER -DSTM32F405xx -c -I"C:/Users/garim/Desktop/freertos/stm407led/thirdparty/freeRTOS" -I"C:/Users/garim/Desktop/freertos/stm407led/thirdparty/freeRTOS/include" -I"C:/Users/garim/Desktop/freertos/stm407led/thirdparty/freeRTOS/portable/GCC/ARM_CM4F" -I../Core/Inc -I../Drivers/STM32F4xx_HAL_Driver/Inc -I../Drivers/STM32F4xx_HAL_Driver/Inc/Legacy -I../Drivers/CMSIS/Device/ST/STM32F4xx/Include -I../Drivers/CMSIS/Include -O0 -ffunction-sections -fdata-sections -Wall -fstack-usage -MMD -MP -MF"Core/Src/syscalls.d" -MT"Core/Src/syscalls.o" --specs=nano.specs -mfpu=fpv4-sp-d16 -mfloat-abi=hard -mthumb -o "Core/Src/syscalls.o"
arm-none-eabi-gcc "../Core/Src/system_stm32f4xx.c" -mcpu=cortex-m4 -std=gnu11 -g3 -DDEBUG -DUSE_HAL_DRIVER -DSTM32F405xx -c -I"C:/Users/garim/Desktop/freertos/stm407led/thirdparty/freeRTOS" -I"C:/Users/garim/Desktop/freertos/stm407led/thirdparty/freeRTOS/include" -I"C:/Users/garim/Desktop/freertos/stm407led/thirdparty/freeRTOS/portable/GCC/ARM_CM4F" -I../Core/Inc -I../Drivers/STM32F4xx_HAL_Driver/Inc -I../Drivers/STM32F4xx_HAL_Driver/Inc/Legacy -I../Drivers/CMSIS/Device/ST/STM32F4xx/Include -I../Drivers/CMSIS/Include -O0 -ffunction-sections -fdata-sections -Wall -fstack-usage -MMD -MP -MF"Core/Src/system_stm32f4xx.d" -MT"Core/Src/system_stm32f4xx.o" --specs=nano.specs -mfpu=fpv4-sp-d16 -mfloat-abi=hard -mthumb -o "Core/Src/system_stm32f4xx.o"
../Core/Src/main.c:208:13: warning: 'MX_GPIO_Init' defined but not used [-Wunused-function]
  208 | static void MX_GPIO_Init(void)
      |             ^~~~~~~~~~~~
arm-none-eabi-gcc -o "stm407led.elf" @"objects.list"   -mcpu=cortex-m4 -T"C:\Users\garim\Desktop\freertos\stm407led\STM32F405RGTX_FLASH.ld" --specs=nosys.specs -Wl,-Map="stm407led.map" -Wl,--gc-sections -static --specs=nano.specs -mfpu=fpv4-sp-d16 -mfloat-abi=hard -mthumb -Wl,--start-group -lc -lm -Wl,--end-group
Finished building target: stm407led.elf
 
arm-none-eabi-size   stm407led.elf 
arm-none-eabi-objdump -h -S  stm407led.elf  > "stm407led.list"
   text	   data	    bss	    dec	    hex	filename
  19712	    128	  78896	  98736	  181b0	stm407led.elf
Finished building: default.size.stdout
 
Finished building: stm407led.list
 
14:58:32 **** Incremental Build of configuration Debug for project stm407led ****
make -j12 all 
arm-none-eabi-gcc "../thirdparty/SAGGER/SEGGER/Syscalls/SEGGER_RTT_Syscalls_GCC.c" -mcpu=cortex-m4 -std=gnu11 -g3 -DDEBUG -DUSE_HAL_DRIVER -DSTM32F405xx -c -I"C:/Users/garim/Desktop/freertos/stm407led/thirdparty/freeRTOS" -I"C:/Users/garim/Desktop/freertos/stm407led/thirdparty/freeRTOS/include" -I"C:/Users/garim/Desktop/freertos/stm407led/thirdparty/freeRTOS/portable/GCC/ARM_CM4F" -I../Core/Inc -I../Drivers/STM32F4xx_HAL_Driver/Inc -I../Drivers/STM32F4xx_HAL_Driver/Inc/Legacy -I../Drivers/CMSIS/Device/ST/STM32F4xx/Include -I../Drivers/CMSIS/Include -O0 -ffunction-sections -fdata-sections -Wall -fstack-usage -MMD -MP -MF"thirdparty/SAGGER/SEGGER/Syscalls/SEGGER_RTT_Syscalls_GCC.d" -MT"thirdparty/SAGGER/SEGGER/Syscalls/SEGGER_RTT_Syscalls_GCC.o" --specs=nano.specs -mfpu=fpv4-sp-d16 -mfloat-abi=hard -mthumb -o "thirdparty/SAGGER/SEGGER/Syscalls/SEGGER_RTT_Syscalls_GCC.o"
arm-none-eabi-gcc "../thirdparty/SAGGER/SEGGER/SEGGER_RTT.c" -mcpu=cortex-m4 -std=gnu11 -g3 -DDEBUG -DUSE_HAL_DRIVER -DSTM32F405xx -c -I"C:/Users/garim/Desktop/freertos/stm407led/thirdparty/freeRTOS" -I"C:/Users/garim/Desktop/freertos/stm407led/thirdparty/freeRTOS/include" -I"C:/Users/garim/Desktop/freertos/stm407led/thirdparty/freeRTOS/portable/GCC/ARM_CM4F" -I../Core/Inc -I../Drivers/STM32F4xx_HAL_Driver/Inc -I../Drivers/STM32F4xx_HAL_Driver/Inc/Legacy -I../Drivers/CMSIS/Device/ST/STM32F4xx/Include -I../Drivers/CMSIS/Include -O0 -ffunction-sections -fdata-sections -Wall -fstack-usage -MMD -MP -MF"thirdparty/SAGGER/SEGGER/SEGGER_RTT.d" -MT"thirdparty/SAGGER/SEGGER/SEGGER_RTT.o" --specs=nano.specs -mfpu=fpv4-sp-d16 -mfloat-abi=hard -mthumb -o "thirdparty/SAGGER/SEGGER/SEGGER_RTT.o"
arm-none-eabi-gcc -mcpu=cortex-m4 -g3 -DDEBUG -c -x assembler-with-cpp -MMD -MP -MF"thirdparty/SAGGER/SEGGER/SEGGER_RTT_ASM_ARMv7M.d" -MT"thirdparty/SAGGER/SEGGER/SEGGER_RTT_ASM_ARMv7M.o" --specs=nano.specs -mfpu=fpv4-sp-d16 -mfloat-abi=hard -mthumb -o "thirdparty/SAGGER/SEGGER/SEGGER_RTT_ASM_ARMv7M.o" "../thirdparty/SAGGER/SEGGER/SEGGER_RTT_ASM_ARMv7M.S"
arm-none-eabi-gcc "../thirdparty/SAGGER/SEGGER/SEGGER_RTT_printf.c" -mcpu=cortex-m4 -std=gnu11 -g3 -DDEBUG -DUSE_HAL_DRIVER -DSTM32F405xx -c -I"C:/Users/garim/Desktop/freertos/stm407led/thirdparty/freeRTOS" -I"C:/Users/garim/Desktop/freertos/stm407led/thirdparty/freeRTOS/include" -I"C:/Users/garim/Desktop/freertos/stm407led/thirdparty/freeRTOS/portable/GCC/ARM_CM4F" -I../Core/Inc -I../Drivers/STM32F4xx_HAL_Driver/Inc -I../Drivers/STM32F4xx_HAL_Driver/Inc/Legacy -I../Drivers/CMSIS/Device/ST/STM32F4xx/Include -I../Drivers/CMSIS/Include -O0 -ffunction-sections -fdata-sections -Wall -fstack-usage -MMD -MP -MF"thirdparty/SAGGER/SEGGER/SEGGER_RTT_printf.d" -MT"thirdparty/SAGGER/SEGGER/SEGGER_RTT_printf.o" --specs=nano.specs -mfpu=fpv4-sp-d16 -mfloat-abi=hard -mthumb -o "thirdparty/SAGGER/SEGGER/SEGGER_RTT_printf.o"
arm-none-eabi-gcc "../thirdparty/SAGGER/SEGGER/SEGGER_SYSVIEW.c" -mcpu=cortex-m4 -std=gnu11 -g3 -DDEBUG -DUSE_HAL_DRIVER -DSTM32F405xx -c -I"C:/Users/garim/Desktop/freertos/stm407led/thirdparty/freeRTOS" -I"C:/Users/garim/Desktop/freertos/stm407led/thirdparty/freeRTOS/include" -I"C:/Users/garim/Desktop/freertos/stm407led/thirdparty/freeRTOS/portable/GCC/ARM_CM4F" -I../Core/Inc -I../Drivers/STM32F4xx_HAL_Driver/Inc -I../Drivers/STM32F4xx_HAL_Driver/Inc/Legacy -I../Drivers/CMSIS/Device/ST/STM32F4xx/Include -I../Drivers/CMSIS/Include -O0 -ffunction-sections -fdata-sections -Wall -fstack-usage -MMD -MP -MF"thirdparty/SAGGER/SEGGER/SEGGER_SYSVIEW.d" -MT"thirdparty/SAGGER/SEGGER/SEGGER_SYSVIEW.o" --specs=nano.specs -mfpu=fpv4-sp-d16 -mfloat-abi=hard -mthumb -o "thirdparty/SAGGER/SEGGER/SEGGER_SYSVIEW.o"
arm-none-eabi-gcc "../thirdparty/SAGGER/OS/SEGGER_SYSVIEW_FreeRTOS.c" -mcpu=cortex-m4 -std=gnu11 -g3 -DDEBUG -DUSE_HAL_DRIVER -DSTM32F405xx -c -I"C:/Users/garim/Desktop/freertos/stm407led/thirdparty/freeRTOS" -I"C:/Users/garim/Desktop/freertos/stm407led/thirdparty/freeRTOS/include" -I"C:/Users/garim/Desktop/freertos/stm407led/thirdparty/freeRTOS/portable/GCC/ARM_CM4F" -I../Core/Inc -I../Drivers/STM32F4xx_HAL_Driver/Inc -I../Drivers/STM32F4xx_HAL_Driver/Inc/Legacy -I../Drivers/CMSIS/Device/ST/STM32F4xx/Include -I../Drivers/CMSIS/Include -O0 -ffunction-sections -fdata-sections -Wall -fstack-usage -MMD -MP -MF"thirdparty/SAGGER/OS/SEGGER_SYSVIEW_FreeRTOS.d" -MT"thirdparty/SAGGER/OS/SEGGER_SYSVIEW_FreeRTOS.o" --specs=nano.specs -mfpu=fpv4-sp-d16 -mfloat-abi=hard -mthumb -o "thirdparty/SAGGER/OS/SEGGER_SYSVIEW_FreeRTOS.o"
arm-none-eabi-gcc "../thirdparty/SAGGER/Config/SEGGER_SYSVIEW_Config_FreeRTOS.c" -mcpu=cortex-m4 -std=gnu11 -g3 -DDEBUG -DUSE_HAL_DRIVER -DSTM32F405xx -c -I"C:/Users/garim/Desktop/freertos/stm407led/thirdparty/freeRTOS" -I"C:/Users/garim/Desktop/freertos/stm407led/thirdparty/freeRTOS/include" -I"C:/Users/garim/Desktop/freertos/stm407led/thirdparty/freeRTOS/portable/GCC/ARM_CM4F" -I../Core/Inc -I../Drivers/STM32F4xx_HAL_Driver/Inc -I../Drivers/STM32F4xx_HAL_Driver/Inc/Legacy -I../Drivers/CMSIS/Device/ST/STM32F4xx/Include -I../Drivers/CMSIS/Include -O0 -ffunction-sections -fdata-sections -Wall -fstack-usage -MMD -MP -MF"thirdparty/SAGGER/Config/SEGGER_SYSVIEW_Config_FreeRTOS.d" -MT"thirdparty/SAGGER/Config/SEGGER_SYSVIEW_Config_FreeRTOS.o" --specs=nano.specs -mfpu=fpv4-sp-d16 -mfloat-abi=hard -mthumb -o "thirdparty/SAGGER/Config/SEGGER_SYSVIEW_Config_FreeRTOS.o"
../thirdparty/SAGGER/SEGGER/Syscalls/SEGGER_RTT_Syscalls_GCC.c:59:10: fatal error: SEGGER_RTT.h: No such file or directory
   59 | #include "SEGGER_RTT.h"
      |          ^~~~~~~~~~~~~~
compilation terminated.
make: *** [thirdparty/SAGGER/SEGGER/Syscalls/subdir.mk:19: thirdparty/SAGGER/SEGGER/Syscalls/SEGGER_RTT_Syscalls_GCC.o] Error 1
make: *** Waiting for unfinished jobs....
../thirdparty/SAGGER/SEGGER/SEGGER_RTT_printf.c:55:10: fatal error: SEGGER_RTT_Conf.h: No such file or directory
   55 | #include "SEGGER_RTT_Conf.h"
      |          ^~~~~~~~~~~~~~~~~~~
compilation terminated.
../thirdparty/SAGGER/Config/SEGGER_SYSVIEW_Config_FreeRTOS.c:55:10: fatal error: SEGGER_SYSVIEW.h: No such file or directory
   55 | #include "SEGGER_SYSVIEW.h"
      |          ^~~~~~~~~~~~~~~~~~
compilation terminated.
../thirdparty/SAGGER/OS/SEGGER_SYSVIEW_FreeRTOS.c:56:10: fatal error: SEGGER_SYSVIEW.h: No such file or directory
   56 | #include "SEGGER_SYSVIEW.h"
      |          ^~~~~~~~~~~~~~~~~~
compilation terminated.
make: *** [thirdparty/SAGGER/SEGGER/subdir.mk:32: thirdparty/SAGGER/SEGGER/SEGGER_RTT_printf.o] Error 1
make: *** [thirdparty/SAGGER/Config/subdir.mk:19: thirdparty/SAGGER/Config/SEGGER_SYSVIEW_Config_FreeRTOS.o] Error 1
In file included from ../thirdparty/SAGGER/SEGGER/SEGGER_SYSVIEW.h:64,
                 from ../thirdparty/SAGGER/SEGGER/SEGGER_SYSVIEW_Int.h:64,
                 from ../thirdparty/SAGGER/SEGGER/SEGGER_SYSVIEW.c:146:
../thirdparty/SAGGER/SEGGER/SEGGER.h:59:10: fatal error: Global.h: No such file or directory
   59 | #include "Global.h"         // Type definitions: U8, U16, U32, I8, I16, I32
      |          ^~~~~~~~~~
compilation terminated.
make: *** [thirdparty/SAGGER/OS/subdir.mk:19: thirdparty/SAGGER/OS/SEGGER_SYSVIEW_FreeRTOS.o] Error 1
make: *** [thirdparty/SAGGER/SEGGER/subdir.mk:32: thirdparty/SAGGER/SEGGER/SEGGER_SYSVIEW.o] Error 1
"make -j12 all" terminated with exit code 2. Build might be incomplete.
18:25:30 **** Build of configuration Debug for project rtos_binarysemaphore ****
make -j12 all 
arm-none-eabi-size   rtos_binarysemaphore.elf 
   text	   data	    bss	    dec	    hex	filename
  17980	     28	  78876	  96884	  17a74	rtos_binarysemaphore.elf
Finished building: default.size.stdout
 
13:35:31 **** Build of configuration Debug for project rtos_binarysemaphore ****
make -j12 all 
arm-none-eabi-size   rtos_binarysemaphore.elf 
   text	   data	    bss	    dec	    hex	filename
  17980	     28	  78876	  96884	  17a74	rtos_binarysemaphore.elf
Finished building: default.size.stdout
 
13:35:41 **** Incremental Build of configuration Debug for project rtos_binarysemaphore ****
make -j12 all 
arm-none-eabi-size   rtos_binarysemaphore.elf 
   text	   data	    bss	    dec	    hex	filename
  17980	     28	  78876	  96884	  17a74	rtos_binarysemaphore.elf
Finished building: default.size.stdout
 
13:36:57 **** Clean-only build of configuration Debug for project rtos_counting_semaphore ****
make -j12 clean 
rm -rf ./freeRTOS/portable/MemMang/heap_4.d ./freeRTOS/portable/MemMang/heap_4.o ./freeRTOS/portable/MemMang/heap_4.su
rm -rf ./freeRTOS/portable/GCC/ARM_CM4F/port.d ./freeRTOS/portable/GCC/ARM_CM4F/port.o ./freeRTOS/portable/GCC/ARM_CM4F/port.su
rm -rf ./freeRTOS/croutine.d ./freeRTOS/croutine.o ./freeRTOS/croutine.su ./freeRTOS/event_groups.d ./freeRTOS/event_groups.o ./freeRTOS/event_groups.su ./freeRTOS/list.d ./freeRTOS/list.o ./freeRTOS/list.su ./freeRTOS/queue.d ./freeRTOS/queue.o ./freeRTOS/queue.su ./freeRTOS/stream_buffer.d ./freeRTOS/stream_buffer.o ./freeRTOS/stream_buffer.su ./freeRTOS/tasks.d ./freeRTOS/tasks.o ./freeRTOS/tasks.su ./freeRTOS/timers.d ./freeRTOS/timers.o ./freeRTOS/timers.su
rm -rf ./Drivers/STM32F4xx_HAL_Driver/Src/stm32f4xx_hal.d ./Drivers/STM32F4xx_HAL_Driver/Src/stm32f4xx_hal.o ./Drivers/STM32F4xx_HAL_Driver/Src/stm32f4xx_hal.su ./Drivers/STM32F4xx_HAL_Driver/Src/stm32f4xx_hal_cortex.d ./Drivers/STM32F4xx_HAL_Driver/Src/stm32f4xx_hal_cortex.o ./Drivers/STM32F4xx_HAL_Driver/Src/stm32f4xx_hal_cortex.su ./Drivers/STM32F4xx_HAL_Driver/Src/stm32f4xx_hal_dma.d ./Drivers/STM32F4xx_HAL_Driver/Src/stm32f4xx_hal_dma.o ./Drivers/STM32F4xx_HAL_Driver/Src/stm32f4xx_hal_dma.su ./Drivers/STM32F4xx_HAL_Driver/Src/stm32f4xx_hal_dma_ex.d ./Drivers/STM32F4xx_HAL_Driver/Src/stm32f4xx_hal_dma_ex.o ./Drivers/STM32F4xx_HAL_Driver/Src/stm32f4xx_hal_dma_ex.su ./Drivers/STM32F4xx_HAL_Driver/Src/stm32f4xx_hal_exti.d ./Drivers/STM32F4xx_HAL_Driver/Src/stm32f4xx_hal_exti.o ./Drivers/STM32F4xx_HAL_Driver/Src/stm32f4xx_hal_exti.su ./Drivers/STM32F4xx_HAL_Driver/Src/stm32f4xx_hal_flash.d ./Drivers/STM32F4xx_HAL_Driver/Src/stm32f4xx_hal_flash.o ./Drivers/STM32F4xx_HAL_Driver/Src/stm32f4xx_hal_flash.su ./Drivers/STM32F4xx_HAL_Driver/Src/stm32f4xx_hal_flash_ex.d ./Drivers/STM32F4xx_HAL_Driver/Src/stm32f4xx_hal_flash_ex.o ./Drivers/STM32F4xx_HAL_Driver/Src/stm32f4xx_hal_flash_ex.su ./Drivers/STM32F4xx_HAL_Driver/Src/stm32f4xx_hal_flash_ramfunc.d ./Drivers/STM32F4xx_HAL_Driver/Src/stm32f4xx_hal_flash_ramfunc.o ./Drivers/STM32F4xx_HAL_Driver/Src/stm32f4xx_hal_flash_ramfunc.su ./Drivers/STM32F4xx_HAL_Driver/Src/stm32f4xx_hal_gpio.d ./Drivers/STM32F4xx_HAL_Driver/Src/stm32f4xx_hal_gpio.o ./Drivers/STM32F4xx_HAL_Driver/Src/stm32f4xx_hal_gpio.su ./Drivers/STM32F4xx_HAL_Driver/Src/stm32f4xx_hal_pwr.d ./Drivers/STM32F4xx_HAL_Driver/Src/stm32f4xx_hal_pwr.o ./Drivers/STM32F4xx_HAL_Driver/Src/stm32f4xx_hal_pwr.su ./Drivers/STM32F4xx_HAL_Driver/Src/stm32f4xx_hal_pwr_ex.d ./Drivers/STM32F4xx_HAL_Driver/Src/stm32f4xx_hal_pwr_ex.o ./Drivers/STM32F4xx_HAL_Driver/Src/stm32f4xx_hal_pwr_ex.su ./Drivers/STM32F4xx_HAL_Driver/Src/stm32f4xx_hal_rcc.d ./Drivers/STM32F4xx_HAL_Driver/Src/stm32f4xx_hal_rcc.o ./Drivers/STM32F4xx_HAL_Driver/Src/stm32f4xx_hal_rcc.su ./Drivers/STM32F4xx_HAL_Driver/Src/stm32f4xx_hal_rcc_ex.d ./Drivers/STM32F4xx_HAL_Driver/Src/stm32f4xx_hal_rcc_ex.o ./Drivers/STM32F4xx_HAL_Driver/Src/stm32f4xx_hal_rcc_ex.su ./Drivers/STM32F4xx_HAL_Driver/Src/stm32f4xx_hal_tim.d ./Drivers/STM32F4xx_HAL_Driver/Src/stm32f4xx_hal_tim.o ./Drivers/STM32F4xx_HAL_Driver/Src/stm32f4xx_hal_tim.su ./Drivers/STM32F4xx_HAL_Driver/Src/stm32f4xx_hal_tim_ex.d ./Drivers/STM32F4xx_HAL_Driver/Src/stm32f4xx_hal_tim_ex.o ./Drivers/STM32F4xx_HAL_Driver/Src/stm32f4xx_hal_tim_ex.su
rm -rf ./Core/Startup/startup_stm32f405rgtx.d ./Core/Startup/startup_stm32f405rgtx.o
rm -rf ./Core/Src/main.d ./Core/Src/main.o ./Core/Src/main.su ./Core/Src/stm32f4xx_hal_msp.d ./Core/Src/stm32f4xx_hal_msp.o ./Core/Src/stm32f4xx_hal_msp.su ./Core/Src/stm32f4xx_hal_timebase_tim.d ./Core/Src/stm32f4xx_hal_timebase_tim.o ./Core/Src/stm32f4xx_hal_timebase_tim.su ./Core/Src/stm32f4xx_it.d ./Core/Src/stm32f4xx_it.o ./Core/Src/stm32f4xx_it.su ./Core/Src/syscalls.d ./Core/Src/syscalls.o ./Core/Src/syscalls.su ./Core/Src/system_stm32f4xx.d ./Core/Src/system_stm32f4xx.o ./Core/Src/system_stm32f4xx.su
rm -rf default.size.stdout rtos_counting_semaphore.elf rtos_counting_semaphore.list rtos_counting_semaphore.map
 
13:36:58 **** Build of configuration Debug for project rtos_counting_semaphore ****
make -j12 all 
arm-none-eabi-gcc "../freeRTOS/portable/MemMang/heap_4.c" -mcpu=cortex-m4 -std=gnu11 -g3 -DDEBUG -DUSE_HAL_DRIVER -DSTM32F405xx -c -I../Core/Inc -I../Drivers/STM32F4xx_HAL_Driver/Inc -I../Drivers/STM32F4xx_HAL_Driver/Inc/Legacy -I../Drivers/CMSIS/Device/ST/STM32F4xx/Include -I../Drivers/CMSIS/Include -I"C:/Users/garim/Desktop/freertos/rtos_counting_semaphore/freeRTOS" -I"C:/Users/garim/Desktop/freertos/rtos_counting_semaphore/freeRTOS/include" -I"C:/Users/garim/Desktop/freertos/rtos_counting_semaphore/freeRTOS/portable/GCC/ARM_CM4F" -O0 -ffunction-sections -fdata-sections -Wall -fstack-usage -MMD -MP -MF"freeRTOS/portable/MemMang/heap_4.d" -MT"freeRTOS/portable/MemMang/heap_4.o" --specs=nano.specs -mfpu=fpv4-sp-d16 -mfloat-abi=hard -mthumb -o "freeRTOS/portable/MemMang/heap_4.o"
arm-none-eabi-gcc "../freeRTOS/portable/GCC/ARM_CM4F/port.c" -mcpu=cortex-m4 -std=gnu11 -g3 -DDEBUG -DUSE_HAL_DRIVER -DSTM32F405xx -c -I../Core/Inc -I../Drivers/STM32F4xx_HAL_Driver/Inc -I../Drivers/STM32F4xx_HAL_Driver/Inc/Legacy -I../Drivers/CMSIS/Device/ST/STM32F4xx/Include -I../Drivers/CMSIS/Include -I"C:/Users/garim/Desktop/freertos/rtos_counting_semaphore/freeRTOS" -I"C:/Users/garim/Desktop/freertos/rtos_counting_semaphore/freeRTOS/include" -I"C:/Users/garim/Desktop/freertos/rtos_counting_semaphore/freeRTOS/portable/GCC/ARM_CM4F" -O0 -ffunction-sections -fdata-sections -Wall -fstack-usage -MMD -MP -MF"freeRTOS/portable/GCC/ARM_CM4F/port.d" -MT"freeRTOS/portable/GCC/ARM_CM4F/port.o" --specs=nano.specs -mfpu=fpv4-sp-d16 -mfloat-abi=hard -mthumb -o "freeRTOS/portable/GCC/ARM_CM4F/port.o"
arm-none-eabi-gcc "../freeRTOS/croutine.c" -mcpu=cortex-m4 -std=gnu11 -g3 -DDEBUG -DUSE_HAL_DRIVER -DSTM32F405xx -c -I../Core/Inc -I../Drivers/STM32F4xx_HAL_Driver/Inc -I../Drivers/STM32F4xx_HAL_Driver/Inc/Legacy -I../Drivers/CMSIS/Device/ST/STM32F4xx/Include -I../Drivers/CMSIS/Include -I"C:/Users/garim/Desktop/freertos/rtos_counting_semaphore/freeRTOS" -I"C:/Users/garim/Desktop/freertos/rtos_counting_semaphore/freeRTOS/include" -I"C:/Users/garim/Desktop/freertos/rtos_counting_semaphore/freeRTOS/portable/GCC/ARM_CM4F" -O0 -ffunction-sections -fdata-sections -Wall -fstack-usage -MMD -MP -MF"freeRTOS/croutine.d" -MT"freeRTOS/croutine.o" --specs=nano.specs -mfpu=fpv4-sp-d16 -mfloat-abi=hard -mthumb -o "freeRTOS/croutine.o"
arm-none-eabi-gcc "../freeRTOS/event_groups.c" -mcpu=cortex-m4 -std=gnu11 -g3 -DDEBUG -DUSE_HAL_DRIVER -DSTM32F405xx -c -I../Core/Inc -I../Drivers/STM32F4xx_HAL_Driver/Inc -I../Drivers/STM32F4xx_HAL_Driver/Inc/Legacy -I../Drivers/CMSIS/Device/ST/STM32F4xx/Include -I../Drivers/CMSIS/Include -I"C:/Users/garim/Desktop/freertos/rtos_counting_semaphore/freeRTOS" -I"C:/Users/garim/Desktop/freertos/rtos_counting_semaphore/freeRTOS/include" -I"C:/Users/garim/Desktop/freertos/rtos_counting_semaphore/freeRTOS/portable/GCC/ARM_CM4F" -O0 -ffunction-sections -fdata-sections -Wall -fstack-usage -MMD -MP -MF"freeRTOS/event_groups.d" -MT"freeRTOS/event_groups.o" --specs=nano.specs -mfpu=fpv4-sp-d16 -mfloat-abi=hard -mthumb -o "freeRTOS/event_groups.o"
arm-none-eabi-gcc "../freeRTOS/list.c" -mcpu=cortex-m4 -std=gnu11 -g3 -DDEBUG -DUSE_HAL_DRIVER -DSTM32F405xx -c -I../Core/Inc -I../Drivers/STM32F4xx_HAL_Driver/Inc -I../Drivers/STM32F4xx_HAL_Driver/Inc/Legacy -I../Drivers/CMSIS/Device/ST/STM32F4xx/Include -I../Drivers/CMSIS/Include -I"C:/Users/garim/Desktop/freertos/rtos_counting_semaphore/freeRTOS" -I"C:/Users/garim/Desktop/freertos/rtos_counting_semaphore/freeRTOS/include" -I"C:/Users/garim/Desktop/freertos/rtos_counting_semaphore/freeRTOS/portable/GCC/ARM_CM4F" -O0 -ffunction-sections -fdata-sections -Wall -fstack-usage -MMD -MP -MF"freeRTOS/list.d" -MT"freeRTOS/list.o" --specs=nano.specs -mfpu=fpv4-sp-d16 -mfloat-abi=hard -mthumb -o "freeRTOS/list.o"
[...]
arm-none-eabi-gcc "../Drivers/STM32F4xx_HAL_Driver/Src/stm32f4xx_hal_uart.c" -mcpu=cortex-m4 -std=gnu11 -g3 -DDEBUG -DUSE_HAL_DRIVER -DSTM32F405xx -c -I../Core/Inc -I"C:/Users/garim/Desktop/freertos/MUTEX_UART/Thirdparty/freeRTOS" -I"C:/Users/garim/Desktop/freertos/MUTEX_UART/Thirdparty/freeRTOS/include" -I"C:/Users/garim/Desktop/freertos/MUTEX_UART/Thirdparty/freeRTOS/portable/GCC/ARM_CM4F" -I../Drivers/STM32F4xx_HAL_Driver/Inc -I../Drivers/STM32F4xx_HAL_Driver/Inc/Legacy -I../Drivers/CMSIS/Device/ST/STM32F4xx/Include -I../Drivers/CMSIS/Include -O0 -ffunction-sections -fdata-sections -Wall -fstack-usage -MMD -MP -MF"Drivers/STM32F4xx_HAL_Driver/Src/stm32f4xx_hal_uart.d" -MT"Drivers/STM32F4xx_HAL_Driver/Src/stm32f4xx_hal_uart.o" --specs=nano.specs -mfpu=fpv4-sp-d16 -mfloat-abi=hard -mthumb -o "Drivers/STM32F4xx_HAL_Driver/Src/stm32f4xx_hal_uart.o"
arm-none-eabi-gcc -mcpu=cortex-m4 -g3 -DDEBUG -c -x assembler-with-cpp -MMD -MP -MF"Core/Startup/startup_stm32f405rgtx.d" -MT"Core/Startup/startup_stm32f405rgtx.o" --specs=nano.specs -mfpu=fpv4-sp-d16 -mfloat-abi=hard -mthumb -o "Core/Startup/startup_stm32f405rgtx.o" "../Core/Startup/startup_stm32f405rgtx.s"
arm-none-eabi-gcc "../Core/Src/main.c" -mcpu=cortex-m4 -std=gnu11 -g3 -DDEBUG -DUSE_HAL_DRIVER -DSTM32F405xx -c -I../Core/Inc -I"C:/Users/garim/Desktop/freertos/MUTEX_UART/Thirdparty/freeRTOS" -I"C:/Users/garim/Desktop/freertos/MUTEX_UART/Thirdparty/freeRTOS/include" -I"C:/Users/garim/Desktop/freertos/MUTEX_UART/Thirdparty/freeRTOS/portable/GCC/ARM_CM4F" -I../Drivers/STM32F4xx_HAL_Driver/Inc -I../Drivers/STM32F4xx_HAL_Driver/Inc/Legacy -I../Drivers/CMSIS/Device/ST/STM32F4xx/Include -I../Drivers/CMSIS/Include -O0 -ffunction-sections -fdata-sections -Wall -fstack-usage -MMD -MP -MF"Core/Src/main.d" -MT"Core/Src/main.o" --specs=nano.specs -mfpu=fpv4-sp-d16 -mfloat-abi=hard -mthumb -o "Core/Src/main.o"
arm-none-eabi-gcc "../Core/Src/stm32f4xx_hal_msp.c" -mcpu=cortex-m4 -std=gnu11 -g3 -DDEBUG -DUSE_HAL_DRIVER -DSTM32F405xx -c -I../Core/Inc -I"C:/Users/garim/Desktop/freertos/MUTEX_UART/Thirdparty/freeRTOS" -I"C:/Users/garim/Desktop/freertos/MUTEX_UART/Thirdparty/freeRTOS/include" -I"C:/Users/garim/Desktop/freertos/MUTEX_UART/Thirdparty/freeRTOS/portable/GCC/ARM_CM4F" -I../Drivers/STM32F4xx_HAL_Driver/Inc -I../Drivers/STM32F4xx_HAL_Driver/Inc/Legacy -I../Drivers/CMSIS/Device/ST/STM32F4xx/Include -I../Drivers/CMSIS/Include -O0 -ffunction-sections -fdata-sections -Wall -fstack-usage -MMD -MP -MF"Core/Src/stm32f4xx_hal_msp.d" -MT"Core/Src/stm32f4xx_hal_msp.o" --specs=nano.specs -mfpu=fpv4-sp-d16 -mfloat-abi=hard -mthumb -o "Core/Src/stm32f4xx_hal_msp.o"
arm-none-eabi-gcc "../Core/Src/stm32f4xx_hal_timebase_tim.c" -mcpu=cortex-m4 -std=gnu11 -g3 -DDEBUG -DUSE_HAL_DRIVER -DSTM32F405xx -c -I../Core/Inc -I"C:/Users/garim/Desktop/freertos/MUTEX_UART/Thirdparty/freeRTOS" -I"C:/Users/garim/Desktop/freertos/MUTEX_UART/Thirdparty/freeRTOS/include" -I"C:/Users/garim/Desktop/freertos/MUTEX_UART/Thirdparty/freeRTOS/portable/GCC/ARM_CM4F" -I../Drivers/STM32F4xx_HAL_Driver/Inc -I../Drivers/STM32F4xx_HAL_Driver/Inc/Legacy -I../Drivers/CMSIS/Device/ST/STM32F4xx/Include -I../Drivers/CMSIS/Include -O0 -ffunction-sections -fdata-sections -Wall -fstack-usage -MMD -MP -MF"Core/Src/stm32f4xx_hal_timebase_tim.d" -MT"Core/Src/stm32f4xx_hal_timebase_tim.o" --specs=nano.specs -mfpu=fpv4-sp-d16 -mfloat-abi=hard -mthumb -o "Core/Src/stm32f4xx_hal_timebase_tim.o"
arm-none-eabi-gcc "../Core/Src/stm32f4xx_it.c" -mcpu=cortex-m4 -std=gnu11 -g3 -DDEBUG -DUSE_HAL_DRIVER -DSTM32F405xx -c -I../Core/Inc -I"C:/Users/garim/Desktop/freertos/MUTEX_UART/Thirdparty/freeRTOS" -I"C:/Users/garim/Desktop/freertos/MUTEX_UART/Thirdparty/freeRTOS/include" -I"C:/Users/garim/Desktop/freertos/MUTEX_UART/Thirdparty/freeRTOS/portable/GCC/ARM_CM4F" -I../Drivers/STM32F4xx_HAL_Driver/Inc -I../Drivers/STM32F4xx_HAL_Driver/Inc/Legacy -I../Drivers/CMSIS/Device/ST/STM32F4xx/Include -I../Drivers/CMSIS/Include -O0 -ffunction-sections -fdata-sections -Wall -fstack-usage -MMD -MP -MF"Core/Src/stm32f4xx_it.d" -MT"Core/Src/stm32f4xx_it.o" --specs=nano.specs -mfpu=fpv4-sp-d16 -mfloat-abi=hard -mthumb -o "Core/Src/stm32f4xx_it.o"
arm-none-eabi-gcc "../Core/Src/syscalls.c" -mcpu=cortex-m4 -std=gnu11 -g3 -DDEBUG -DUSE_HAL_DRIVER -DSTM32F405xx -c -I../Core/Inc -I"C:/Users/garim/Desktop/freertos/MUTEX_UART/Thirdparty/freeRTOS" -I"C:/Users/garim/Desktop/freertos/MUTEX_UART/Thirdparty/freeRTOS/include" -I"C:/Users/garim/Desktop/freertos/MUTEX_UART/Thirdparty/freeRTOS/portable/GCC/ARM_CM4F" -I../Drivers/STM32F4xx_HAL_Driver/Inc -I../Drivers/STM32F4xx_HAL_Driver/Inc/Legacy -I../Drivers/CMSIS/Device/ST/STM32F4xx/Include -I../Drivers/CMSIS/Include -O0 -ffunction-sections -fdata-sections -Wall -fstack-usage -MMD -MP -MF"Core/Src/syscalls.d" -MT"Core/Src/syscalls.o" --specs=nano.specs -mfpu=fpv4-sp-d16 -mfloat-abi=hard -mthumb -o "Core/Src/syscalls.o"
arm-none-eabi-gcc "../Core/Src/system_stm32f4xx.c" -mcpu=cortex-m4 -std=gnu11 -g3 -DDEBUG -DUSE_HAL_DRIVER -DSTM32F405xx -c -I../Core/Inc -I"C:/Users/garim/Desktop/freertos/MUTEX_UART/Thirdparty/freeRTOS" -I"C:/Users/garim/Desktop/freertos/MUTEX_UART/Thirdparty/freeRTOS/include" -I"C:/Users/garim/Desktop/freertos/MUTEX_UART/Thirdparty/freeRTOS/portable/GCC/ARM_CM4F" -I../Drivers/STM32F4xx_HAL_Driver/Inc -I../Drivers/STM32F4xx_HAL_Driver/Inc/Legacy -I../Drivers/CMSIS/Device/ST/STM32F4xx/Include -I../Drivers/CMSIS/Include -O0 -ffunction-sections -fdata-sections -Wall -fstack-usage -MMD -MP -MF"Core/Src/system_stm32f4xx.d" -MT"Core/Src/system_stm32f4xx.o" --specs=nano.specs -mfpu=fpv4-sp-d16 -mfloat-abi=hard -mthumb -o "Core/Src/system_stm32f4xx.o"
../Core/Src/main.c: In function 'HPT_Task':
../Core/Src/main.c:70:28: warning: pointer targets in passing argument 2 of 'HAL_UART_Transmit' differ in signedness [-Wpointer-sign]
   70 | HAL_UART_Transmit(&huart2, str, 100, HAL_MAX_DELAY);
      |                            ^~~
      |                            |
      |                            char *
In file included from ../Core/Inc/stm32f4xx_hal_conf.h:411,
                 from ../Drivers/STM32F4xx_HAL_Driver/Inc/stm32f4xx_hal.h:29,
                 from ../Core/Inc/main.h:30,
                 from ../Core/Src/main.c:20:
../Drivers/STM32F4xx_HAL_Driver/Inc/stm32f4xx_hal_uart.h:722:79: note: expected 'const uint8_t *' {aka 'const unsigned char *'} but argument is of type 'char *'
  722 | HAL_StatusTypeDef HAL_UART_Transmit(UART_HandleTypeDef *huart, const uint8_t *pData, uint16_t Size, uint32_t Timeout);
      |                                                                ~~~~~~~~~~~~~~~^~~~~
../Core/Src/main.c:71:11: warning: pointer targets in passing argument 1 of 'Send_Uart' differ in signedness [-Wpointer-sign]
   71 | Send_Uart(strtosend);
      |           ^~~~~~~~~
      |           |
      |           char *
../Core/Src/main.c:55:26: note: expected 'uint8_t *' {aka 'unsigned char *'} but argument is of type 'char *'
   55 | void Send_Uart (uint8_t *str)
      |                 ~~~~~~~~~^~~
../Core/Src/main.c:73:28: warning: pointer targets in passing argument 2 of 'HAL_UART_Transmit' differ in signedness [-Wpointer-sign]
   73 | HAL_UART_Transmit(&huart2, str2, 100, HAL_MAX_DELAY);
      |                            ^~~~
      |                            |
      |                            char *
In file included from ../Core/Inc/stm32f4xx_hal_conf.h:411,
                 from ../Drivers/STM32F4xx_HAL_Driver/Inc/stm32f4xx_hal.h:29,
                 from ../Core/Inc/main.h:30,
                 from ../Core/Src/main.c:20:
../Drivers/STM32F4xx_HAL_Driver/Inc/stm32f4xx_hal_uart.h:722:79: note: expected 'const uint8_t *' {aka 'const unsigned char *'} but argument is of type 'char *'
  722 | HAL_StatusTypeDef HAL_UART_Transmit(UART_HandleTypeDef *huart, const uint8_t *pData, uint16_t Size, uint32_t Timeout);
      |                                                                ~~~~~~~~~~~~~~~^~~~~
../Core/Src/main.c: In function 'MPT_Task':
../Core/Src/main.c:79:22: warning: pointer targets in initialization of 'uint8_t *' {aka 'unsigned char *'} from 'char *' differ in signedness [-Wpointer-sign]
   79 | uint8_t *strtosend = "IN MPT...........................\n";
      |                      ^~~~~~~~~~~~~~~~~~~~~~~~~~~~~~~~~~~~~
../Core/Src/main.c:83:28: warning: pointer targets in passing argument 2 of 'HAL_UART_Transmit' differ in signedness [-Wpointer-sign]
   83 | HAL_UART_Transmit(&huart2, str, 100, HAL_MAX_DELAY);
      |                            ^~~
      |                            |
      |                            char *
In file included from ../Core/Inc/stm32f4xx_hal_conf.h:411,
                 from ../Drivers/STM32F4xx_HAL_Driver/Inc/stm32f4xx_hal.h:29,
                 from ../Core/Inc/main.h:30,
                 from ../Core/Src/main.c:20:
../Drivers/STM32F4xx_HAL_Driver/Inc/stm32f4xx_hal_uart.h:722:79: note: expected 'const uint8_t *' {aka 'const unsigned char *'} but argument is of type 'char *'
  722 | HAL_StatusTypeDef HAL_UART_Transmit(UART_HandleTypeDef *huart, const uint8_t *pData, uint16_t Size, uint32_t Timeout);
      |                                                                ~~~~~~~~~~~~~~~^~~~~
../Core/Src/main.c:86:28: warning: pointer targets in passing argument 2 of 'HAL_UART_Transmit' differ in signedness [-Wpointer-sign]
   86 | HAL_UART_Transmit(&huart2, str2, 100, HAL_MAX_DELAY);
      |                            ^~~~
      |                            |
      |                            char *
In file included from ../Core/Inc/stm32f4xx_hal_conf.h:411,
                 from ../Drivers/STM32F4xx_HAL_Driver/Inc/stm32f4xx_hal.h:29,
                 from ../Core/Inc/main.h:30,
                 from ../Core/Src/main.c:20:
../Drivers/STM32F4xx_HAL_Driver/Inc/stm32f4xx_hal_uart.h:722:79: note: expected 'const uint8_t *' {aka 'const unsigned char *'} but argument is of type 'char *'
  722 | HAL_StatusTypeDef HAL_UART_Transmit(UART_HandleTypeDef *huart, const uint8_t *pData, uint16_t Size, uint32_t Timeout);
      |                                                                ~~~~~~~~~~~~~~~^~~~~
../Core/Src/main.c: In function 'main':
../Core/Src/main.c:139:31: warning: pointer targets in passing argument 2 of 'HAL_UART_Transmit' differ in signedness [-Wpointer-sign]
  139 |    HAL_UART_Transmit(&huart2, "Mutex Created\n\n", 15, 1000);
      |                               ^~~~~~~~~~~~~~~~~~~
      |                               |
      |                               char *
In file included from ../Core/Inc/stm32f4xx_hal_conf.h:411,
                 from ../Drivers/STM32F4xx_HAL_Driver/Inc/stm32f4xx_hal.h:29,
                 from ../Core/Inc/main.h:30,
                 from ../Core/Src/main.c:20:
../Drivers/STM32F4xx_HAL_Driver/Inc/stm32f4xx_hal_uart.h:722:79: note: expected 'const uint8_t *' {aka 'const unsigned char *'} but argument is of type 'char *'
  722 | HAL_StatusTypeDef HAL_UART_Transmit(UART_HandleTypeDef *huart, const uint8_t *pData, uint16_t Size, uint32_t Timeout);
      |                                                                ~~~~~~~~~~~~~~~^~~~~
arm-none-eabi-gcc -o "MUTEX_UART.elf" @"objects.list"   -mcpu=cortex-m4 -T"C:\Users\garim\Desktop\freertos\MUTEX_UART\STM32F405RGTX_FLASH.ld" --specs=nosys.specs -Wl,-Map="MUTEX_UART.map" -Wl,--gc-sections -static --specs=nano.specs -mfpu=fpv4-sp-d16 -mfloat-abi=hard -mthumb -Wl,--start-group -lc -lm -Wl,--end-group
Finished building target: MUTEX_UART.elf
 
arm-none-eabi-size   MUTEX_UART.elf 
arm-none-eabi-objdump -h -S  MUTEX_UART.elf  > "MUTEX_UART.list"
   text	   data	    bss	    dec	    hex	filename
  21580	     28	  78940	 100548	  188c4	MUTEX_UART.elf
Finished building: default.size.stdout
 
Finished building: MUTEX_UART.list
 
15:12:31 **** Incremental Build of configuration Debug for project MUTEX_UART ****
make -j12 all 
arm-none-eabi-size   MUTEX_UART.elf 
   text	   data	    bss	    dec	    hex	filename
  21580	     28	  78940	 100548	  188c4	MUTEX_UART.elf
Finished building: default.size.stdout
 
12:09:20 **** Incremental Build of configuration Debug for project MUTEX_UART ****
make -j12 all 
arm-none-eabi-gcc "../Core/Src/main.c" -mcpu=cortex-m4 -std=gnu11 -g3 -DDEBUG -DUSE_HAL_DRIVER -DSTM32F405xx -c -I../Core/Inc -I"C:/Users/garim/Desktop/freertos/MUTEX_UART/Thirdparty/freeRTOS" -I"C:/Users/garim/Desktop/freertos/MUTEX_UART/Thirdparty/freeRTOS/include" -I"C:/Users/garim/Desktop/freertos/MUTEX_UART/Thirdparty/freeRTOS/portable/GCC/ARM_CM4F" -I../Drivers/STM32F4xx_HAL_Driver/Inc -I../Drivers/STM32F4xx_HAL_Driver/Inc/Legacy -I../Drivers/CMSIS/Device/ST/STM32F4xx/Include -I../Drivers/CMSIS/Include -O0 -ffunction-sections -fdata-sections -Wall -fstack-usage -MMD -MP -MF"Core/Src/main.d" -MT"Core/Src/main.o" --specs=nano.specs -mfpu=fpv4-sp-d16 -mfloat-abi=hard -mthumb -o "Core/Src/main.o"
../Core/Src/main.c: In function 'HPT_Task':
../Core/Src/main.c:70:28: warning: pointer targets in passing argument 2 of 'HAL_UART_Transmit' differ in signedness [-Wpointer-sign]
   70 | HAL_UART_Transmit(&huart2, str, 100, HAL_MAX_DELAY);
      |                            ^~~
      |                            |
      |                            char *
In file included from ../Core/Inc/stm32f4xx_hal_conf.h:411,
                 from ../Drivers/STM32F4xx_HAL_Driver/Inc/stm32f4xx_hal.h:29,
                 from ../Core/Inc/main.h:30,
                 from ../Core/Src/main.c:20:
../Drivers/STM32F4xx_HAL_Driver/Inc/stm32f4xx_hal_uart.h:722:79: note: expected 'const uint8_t *' {aka 'const unsigned char *'} but argument is of type 'char *'
  722 | HAL_StatusTypeDef HAL_UART_Transmit(UART_HandleTypeDef *huart, const uint8_t *pData, uint16_t Size, uint32_t Timeout);
      |                                                                ~~~~~~~~~~~~~~~^~~~~
../Core/Src/main.c:71:11: warning: pointer targets in passing argument 1 of 'Send_Uart' differ in signedness [-Wpointer-sign]
   71 | Send_Uart(strtosend);
      |           ^~~~~~~~~
      |           |
      |           char *
../Core/Src/main.c:55:26: note: expected 'uint8_t *' {aka 'unsigned char *'} but argument is of type 'char *'
   55 | void Send_Uart (uint8_t *str)
      |                 ~~~~~~~~~^~~
../Core/Src/main.c:73:28: warning: pointer targets in passing argument 2 of 'HAL_UART_Transmit' differ in signedness [-Wpointer-sign]
   73 | HAL_UART_Transmit(&huart2, str2, 100, HAL_MAX_DELAY);
      |                            ^~~~
      |                            |
      |                            char *
In file included from ../Core/Inc/stm32f4xx_hal_conf.h:411,
                 from ../Drivers/STM32F4xx_HAL_Driver/Inc/stm32f4xx_hal.h:29,
                 from ../Core/Inc/main.h:30,
                 from ../Core/Src/main.c:20:
../Drivers/STM32F4xx_HAL_Driver/Inc/stm32f4xx_hal_uart.h:722:79: note: expected 'const uint8_t *' {aka 'const unsigned char *'} but argument is of type 'char *'
  722 | HAL_StatusTypeDef HAL_UART_Transmit(UART_HandleTypeDef *huart, const uint8_t *pData, uint16_t Size, uint32_t Timeout);
      |                                                                ~~~~~~~~~~~~~~~^~~~~
../Core/Src/main.c: In function 'MPT_Task':
../Core/Src/main.c:79:22: warning: pointer targets in initialization of 'uint8_t *' {aka 'unsigned char *'} from 'char *' differ in signedness [-Wpointer-sign]
   79 | uint8_t *strtosend = "IN MPT...........................\n";
      |                      ^~~~~~~~~~~~~~~~~~~~~~~~~~~~~~~~~~~~~
../Core/Src/main.c:83:28: warning: pointer targets in passing argument 2 of 'HAL_UART_Transmit' differ in signedness [-Wpointer-sign]
   83 | HAL_UART_Transmit(&huart2, str, 100, HAL_MAX_DELAY);
      |                            ^~~
      |                            |
      |                            char *
In file included from ../Core/Inc/stm32f4xx_hal_conf.h:411,
                 from ../Drivers/STM32F4xx_HAL_Driver/Inc/stm32f4xx_hal.h:29,
                 from ../Core/Inc/main.h:30,
                 from ../Core/Src/main.c:20:
../Drivers/STM32F4xx_HAL_Driver/Inc/stm32f4xx_hal_uart.h:722:79: note: expected 'const uint8_t *' {aka 'const unsigned char *'} but argument is of type 'char *'
  722 | HAL_StatusTypeDef HAL_UART_Transmit(UART_HandleTypeDef *huart, const uint8_t *pData, uint16_t Size, uint32_t Timeout);
      |                                                                ~~~~~~~~~~~~~~~^~~~~
../Core/Src/main.c:86:28: warning: pointer targets in passing argument 2 of 'HAL_UART_Transmit' differ in signedness [-Wpointer-sign]
   86 | HAL_UART_Transmit(&huart2, str2, 100, HAL_MAX_DELAY);
      |                            ^~~~
      |                            |
      |                            char *
In file included from ../Core/Inc/stm32f4xx_hal_conf.h:411,
                 from ../Drivers/STM32F4xx_HAL_Driver/Inc/stm32f4xx_hal.h:29,
                 from ../Core/Inc/main.h:30,
                 from ../Core/Src/main.c:20:
../Drivers/STM32F4xx_HAL_Driver/Inc/stm32f4xx_hal_uart.h:722:79: note: expected 'const uint8_t *' {aka 'const unsigned char *'} but argument is of type 'char *'
  722 | HAL_StatusTypeDef HAL_UART_Transmit(UART_HandleTypeDef *huart, const uint8_t *pData, uint16_t Size, uint32_t Timeout);
      |                                                                ~~~~~~~~~~~~~~~^~~~~
../Core/Src/main.c: In function 'main':
../Core/Src/main.c:139:31: warning: pointer targets in passing argument 2 of 'HAL_UART_Transmit' differ in signedness [-Wpointer-sign]
  139 |    HAL_UART_Transmit(&huart2, "Mutex Created\n\n", 15, 1000);
      |                               ^~~~~~~~~~~~~~~~~~~
      |                               |
      |                               char *
In file included from ../Core/Inc/stm32f4xx_hal_conf.h:411,
                 from ../Drivers/STM32F4xx_HAL_Driver/Inc/stm32f4xx_hal.h:29,
                 from ../Core/Inc/main.h:30,
                 from ../Core/Src/main.c:20:
../Drivers/STM32F4xx_HAL_Driver/Inc/stm32f4xx_hal_uart.h:722:79: note: expected 'const uint8_t *' {aka 'const unsigned char *'} but argument is of type 'char *'
  722 | HAL_StatusTypeDef HAL_UART_Transmit(UART_HandleTypeDef *huart, const uint8_t *pData, uint16_t Size, uint32_t Timeout);
      |                                                                ~~~~~~~~~~~~~~~^~~~~
arm-none-eabi-gcc -o "MUTEX_UART.elf" @"objects.list"   -mcpu=cortex-m4 -T"C:\Users\garim\Desktop\freertos\MUTEX_UART\STM32F405RGTX_FLASH.ld" --specs=nosys.specs -Wl,-Map="MUTEX_UART.map" -Wl,--gc-sections -static --specs=nano.specs -mfpu=fpv4-sp-d16 -mfloat-abi=hard -mthumb -Wl,--start-group -lc -lm -Wl,--end-group
Finished building target: MUTEX_UART.elf
 
arm-none-eabi-size   MUTEX_UART.elf 
arm-none-eabi-objdump -h -S  MUTEX_UART.elf  > "MUTEX_UART.list"
   text	   data	    bss	    dec	    hex	filename
  21580	     28	  78940	 100548	  188c4	MUTEX_UART.elf
Finished building: default.size.stdout
 
Finished building: MUTEX_UART.list
 
12:09:30 **** Incremental Build of configuration Debug for project MUTEX_UART ****
make -j12 all 
arm-none-eabi-size   MUTEX_UART.elf 
   text	   data	    bss	    dec	    hex	filename
  21580	     28	  78940	 100548	  188c4	MUTEX_UART.elf
Finished building: default.size.stdout
 
